stm32l4xx_ll_sdmmc.c:1235:17:SDMMC_GetCmdResp1.part.2	0	static
stm32l4xx_ll_sdmmc.c:230:19:SDMMC_Init	12	static
stm32l4xx_ll_sdmmc.c:288:10:SDMMC_ReadFIFO	0	static
stm32l4xx_ll_sdmmc.c:300:19:SDMMC_WriteFIFO	0	static
stm32l4xx_ll_sdmmc.c:332:19:SDMMC_PowerState_ON	0	static
stm32l4xx_ll_sdmmc.c:352:19:SDMMC_PowerState_Cycle	0	static
stm32l4xx_ll_sdmmc.c:366:19:SDMMC_PowerState_OFF	0	static
stm32l4xx_ll_sdmmc.c:389:10:SDMMC_GetPowerState	0	static
stm32l4xx_ll_sdmmc.c:402:19:SDMMC_SendCommand	16	static
stm32l4xx_ll_sdmmc.c:428:9:SDMMC_GetCommandResponse	0	static
stm32l4xx_ll_sdmmc.c:445:10:SDMMC_GetResponse	0	static
stm32l4xx_ll_sdmmc.c:466:19:SDMMC_ConfigData	12	static
stm32l4xx_ll_sdmmc.c:497:10:SDMMC_GetDataCounter	0	static
stm32l4xx_ll_sdmmc.c:507:10:SDMMC_GetFIFOCount	0	static
stm32l4xx_ll_sdmmc.c:521:19:SDMMC_SetSDMMCReadWaitMode	0	static
stm32l4xx_ll_sdmmc.c:556:10:SDMMC_CmdBlockLength	4	static
stm32l4xx_ll_sdmmc.c:580:10:SDMMC_CmdReadSingleBlock	4	static
stm32l4xx_ll_sdmmc.c:604:10:SDMMC_CmdReadMultiBlock	4	static
stm32l4xx_ll_sdmmc.c:628:10:SDMMC_CmdWriteSingleBlock	4	static
stm32l4xx_ll_sdmmc.c:652:10:SDMMC_CmdWriteMultiBlock	4	static
stm32l4xx_ll_sdmmc.c:676:10:SDMMC_CmdSDEraseStartAdd	4	static
stm32l4xx_ll_sdmmc.c:700:10:SDMMC_CmdSDEraseEndAdd	4	static
stm32l4xx_ll_sdmmc.c:724:10:SDMMC_CmdEraseStartAdd	4	static
stm32l4xx_ll_sdmmc.c:748:10:SDMMC_CmdEraseEndAdd	4	static
stm32l4xx_ll_sdmmc.c:772:10:SDMMC_CmdErase	4	static
stm32l4xx_ll_sdmmc.c:796:10:SDMMC_CmdStopTransfer	8	static
stm32l4xx_ll_sdmmc.c:821:10:SDMMC_CmdSelDesel	4	static
stm32l4xx_ll_sdmmc.c:845:10:SDMMC_CmdGoIdleState	4	static
stm32l4xx_ll_sdmmc.c:868:10:SDMMC_CmdOperCond	4	static
stm32l4xx_ll_sdmmc.c:899:10:SDMMC_CmdAppCommand	4	static
stm32l4xx_ll_sdmmc.c:927:10:SDMMC_CmdAppOperCommand	4	static
stm32l4xx_ll_sdmmc.c:955:10:SDMMC_CmdBusWidth	4	static
stm32l4xx_ll_sdmmc.c:978:10:SDMMC_CmdSendSCR	4	static
stm32l4xx_ll_sdmmc.c:1002:10:SDMMC_CmdSendCID	4	static
stm32l4xx_ll_sdmmc.c:1027:10:SDMMC_CmdSendCSD	4	static
stm32l4xx_ll_sdmmc.c:1052:10:SDMMC_CmdSetRelAdd	8	static
stm32l4xx_ll_sdmmc.c:1077:10:SDMMC_CmdSendStatus	4	static
stm32l4xx_ll_sdmmc.c:1100:10:SDMMC_CmdStatusRegister	4	static
stm32l4xx_ll_sdmmc.c:1125:10:SDMMC_CmdOpCondition	4	static
stm32l4xx_ll_sdmmc.c:1149:10:SDMMC_CmdSwitch	4	static
stm32l4xx_ll_sdmmc.c:1174:10:SDMMC_CmdVoltageSwitch	4	static
