stm32l4xx_hal_smbus.c:2400:13:SMBUS_Disable_IRQ	12	static
stm32l4xx_hal_smbus.c:2622:13:SMBUS_TransferConfig	12	static
stm32l4xx_hal_smbus.c:2639:13:SMBUS_ConvertOtherXferOptions	0	static
stm32l4xx_hal_smbus.c:2573:26:SMBUS_WaitOnFlagUntilTimeout.constprop	16	static
stm32l4xx_hal_smbus.c:455:13:HAL_SMBUS_MspInit	0	static
stm32l4xx_hal_smbus.c:290:19:HAL_SMBUS_Init	16	static
stm32l4xx_hal_smbus.c:471:13:HAL_SMBUS_MspDeInit	0	static
stm32l4xx_hal_smbus.c:410:19:HAL_SMBUS_DeInit	8	static
stm32l4xx_hal_smbus.c:490:19:HAL_SMBUS_ConfigAnalogFilter	8	static
stm32l4xx_hal_smbus.c:534:19:HAL_SMBUS_ConfigDigitalFilter	8	static
stm32l4xx_hal_smbus.c:930:19:HAL_SMBUS_Master_Transmit_IT	24	static
stm32l4xx_hal_smbus.c:1029:19:HAL_SMBUS_Master_Receive_IT	24	static
stm32l4xx_hal_smbus.c:1119:19:HAL_SMBUS_Master_Abort_IT	24	static
stm32l4xx_hal_smbus.c:1184:19:HAL_SMBUS_Slave_Transmit_IT	32	static
stm32l4xx_hal_smbus.c:1278:19:HAL_SMBUS_Slave_Receive_IT	32	static
stm32l4xx_hal_smbus.c:1356:19:HAL_SMBUS_EnableListen_IT	0	static
stm32l4xx_hal_smbus.c:1372:19:HAL_SMBUS_DisableListen_IT	8	static
stm32l4xx_hal_smbus.c:1396:19:HAL_SMBUS_EnableAlert_IT	0	static
stm32l4xx_hal_smbus.c:1415:19:HAL_SMBUS_DisableAlert_IT	8	static
stm32l4xx_hal_smbus.c:1436:19:HAL_SMBUS_IsDeviceReady	40	static
stm32l4xx_hal_smbus.c:1649:13:HAL_SMBUS_MasterTxCpltCallback	0	static
stm32l4xx_hal_smbus.c:1665:13:HAL_SMBUS_MasterRxCpltCallback	0	static
stm32l4xx_hal_smbus.c:1680:13:HAL_SMBUS_SlaveTxCpltCallback	0	static
stm32l4xx_hal_smbus.c:1696:13:HAL_SMBUS_SlaveRxCpltCallback	0	static
stm32l4xx_hal_smbus.c:1714:13:HAL_SMBUS_AddrCallback	0	static
stm32l4xx_hal_smbus.c:1732:13:HAL_SMBUS_ListenCpltCallback	0	static
stm32l4xx_hal_smbus.c:1748:13:HAL_SMBUS_ErrorCallback	0	static
stm32l4xx_hal_smbus.c:2472:13:SMBUS_ITErrorHandler	8	static
stm32l4xx_hal_smbus.c:1638:6:HAL_SMBUS_ER_IRQHandler	0	static
stm32l4xx_hal_smbus.c:1820:26:SMBUS_Master_ISR.part.2	32	static
stm32l4xx_hal_smbus.c:2104:26:SMBUS_Slave_ISR	32	static
stm32l4xx_hal_smbus.c:1577:6:HAL_SMBUS_EV_IRQHandler	16	static
stm32l4xx_hal_smbus.c:1783:10:HAL_SMBUS_GetState	0	static
stm32l4xx_hal_smbus.c:1795:10:HAL_SMBUS_GetError	0	static
