stm32l4xx_hal_uart_ex.c:183:19:HAL_RS485Ex_Init	24	static
stm32l4xx_hal_uart_ex.c:289:13:HAL_UARTEx_WakeupCallback	0	static
stm32l4xx_hal_uart_ex.c:305:13:HAL_UARTEx_RxFifoFullCallback	0	static
stm32l4xx_hal_uart_ex.c:320:13:HAL_UARTEx_TxFifoEmptyCallback	0	static
stm32l4xx_hal_uart_ex.c:420:19:HAL_MultiProcessorEx_AddressLength_Set	4	static
stm32l4xx_hal_uart_ex.c:459:19:HAL_UARTEx_StopModeWakeUpSourceConfig	24	static
stm32l4xx_hal_uart_ex.c:515:19:HAL_UARTEx_EnableStopMode	0	static
stm32l4xx_hal_uart_ex.c:534:19:HAL_UARTEx_DisableStopMode	0	static
stm32l4xx_hal_uart_ex.c:554:19:HAL_UARTEx_EnableFifoMode	32	static
stm32l4xx_hal_uart_ex.c:595:19:HAL_UARTEx_DisableFifoMode	8	static
stm32l4xx_hal_uart_ex.c:641:19:HAL_UARTEx_SetTxFifoThreshold	40	static
stm32l4xx_hal_uart_ex.c:690:19:HAL_UARTEx_SetRxFifoThreshold	40	static
