stm32l4xx_hal_adc_ex.c:145:19:HAL_ADCEx_Calibration_Start	24	static
stm32l4xx_hal_adc_ex.c:224:10:HAL_ADCEx_Calibration_GetValue	0	static
stm32l4xx_hal_adc_ex.c:244:19:HAL_ADCEx_Calibration_SetValue	16	static
stm32l4xx_hal_adc_ex.c:300:19:HAL_ADCEx_InjectedStart	8	static
stm32l4xx_hal_adc_ex.c:449:19:HAL_ADCEx_InjectedStop	8	static
stm32l4xx_hal_adc_ex.c:504:19:HAL_ADCEx_InjectedPollForConversion	24	static
stm32l4xx_hal_adc_ex.c:641:19:HAL_ADCEx_InjectedStart_IT	8	static
stm32l4xx_hal_adc_ex.c:814:19:HAL_ADCEx_InjectedStop_IT	8	static
stm32l4xx_hal_adc_ex.c:1156:10:HAL_ADCEx_InjectedGetValue	0	static
stm32l4xx_hal_adc_ex.c:1191:13:HAL_ADCEx_InjectedConvCpltCallback	0	static
stm32l4xx_hal_adc_ex.c:1210:13:HAL_ADCEx_InjectedQueueOverflowCallback	0	static
stm32l4xx_hal_adc_ex.c:1225:13:HAL_ADCEx_LevelOutOfWindow2Callback	0	static
stm32l4xx_hal_adc_ex.c:1240:13:HAL_ADCEx_LevelOutOfWindow3Callback	0	static
stm32l4xx_hal_adc_ex.c:1256:13:HAL_ADCEx_EndOfSamplingCallback	0	static
stm32l4xx_hal_adc_ex.c:1273:19:HAL_ADCEx_RegularStop	8	static
stm32l4xx_hal_adc_ex.c:1331:19:HAL_ADCEx_RegularStop_IT	8	static
stm32l4xx_hal_adc_ex.c:1391:19:HAL_ADCEx_RegularStop_DMA	16	static
stm32l4xx_hal_adc_ex.c:1652:19:HAL_ADCEx_InjectedConfigChannel	32	static
stm32l4xx_hal_adc_ex.c:2197:19:HAL_ADCEx_EnableInjectedQueue	0	static
stm32l4xx_hal_adc_ex.c:2238:19:HAL_ADCEx_DisableInjectedQueue	0	static
stm32l4xx_hal_adc_ex.c:2275:19:HAL_ADCEx_DisableVoltageRegulator	0	static
stm32l4xx_hal_adc_ex.c:2312:19:HAL_ADCEx_EnterADCDeepPowerDownMode	0	static
