Archive member included to satisfy reference by file (symbol)

C:\Users\patri\Desktop\OneDrive - Massachusetts Institute of Technology\stm32\CMSIS_5-5.4.0\CMSIS\Lib\GCC\libarm_cortexM4lf_math.a(arm_biquad_cascade_df1_q15.o)
                              Src\filter.o (arm_biquad_cascade_df1_q15)
C:\Users\patri\Desktop\OneDrive - Massachusetts Institute of Technology\stm32\CMSIS_5-5.4.0\CMSIS\Lib\GCC\libarm_cortexM4lf_math.a(arm_biquad_cascade_df1_init_q15.o)
                              Src\filter.o (arm_biquad_cascade_df1_init_q15)
C:\Users\patri\Desktop\OneDrive - Massachusetts Institute of Technology\stm32\CMSIS_5-5.4.0\CMSIS\Lib\GCC\libarm_cortexM4lf_math.a(arm_shift_q15.o)
                              Src\wave_synth.o (arm_shift_q15)
C:\Users\patri\Desktop\OneDrive - Massachusetts Institute of Technology\stm32\CMSIS_5-5.4.0\CMSIS\Lib\GCC\libarm_cortexM4lf_math.a(arm_dot_prod_f32.o)
                              Src\MMA8451.o (arm_dot_prod_f32)
c:/program files (x86)/atollic/truestudio for stm32 9.1.0/armtools/bin/../lib/gcc/arm-atollic-eabi/6.3.1/../../../../arm-atollic-eabi/lib/armv7e-m/fpu\libc_nano.a(lib_a-init.o)
                              startup\startup_stm32l4r7xx.o (__libc_init_array)
c:/program files (x86)/atollic/truestudio for stm32 9.1.0/armtools/bin/../lib/gcc/arm-atollic-eabi/6.3.1/../../../../arm-atollic-eabi/lib/armv7e-m/fpu\libc_nano.a(lib_a-memcpy-stub.o)
                              Drivers\VL53L1\vl53l1x\vl53l1_api_core.o (memcpy)
c:/program files (x86)/atollic/truestudio for stm32 9.1.0/armtools/bin/../lib/gcc/arm-atollic-eabi/6.3.1/../../../../arm-atollic-eabi/lib/armv7e-m/fpu\libc_nano.a(lib_a-memset.o)
                              Drivers\STM32L4xx_HAL_Driver\Src\stm32l4xx_hal_sd_ex.o (memset)
c:/program files (x86)/atollic/truestudio for stm32 9.1.0/armtools/bin/../lib/gcc/arm-atollic-eabi/6.3.1/../../../../arm-atollic-eabi/lib/armv7e-m/fpu\libc_nano.a(lib_a-strncpy.o)
                              Drivers\VL53L1\vl53l1x\vl53l1_api.o (strncpy)
c:/program files (x86)/atollic/truestudio for stm32 9.1.0/armtools/bin/../lib/gcc/arm-atollic-eabi/6.3.1/../../../../arm-atollic-eabi/lib/armv7e-m/fpu\libm.a(lib_a-s_cos.o)
                              Src\filter.o (cos)
c:/program files (x86)/atollic/truestudio for stm32 9.1.0/armtools/bin/../lib/gcc/arm-atollic-eabi/6.3.1/../../../../arm-atollic-eabi/lib/armv7e-m/fpu\libm.a(lib_a-s_round.o)
                              Src\led_cntrl.o (round)
c:/program files (x86)/atollic/truestudio for stm32 9.1.0/armtools/bin/../lib/gcc/arm-atollic-eabi/6.3.1/../../../../arm-atollic-eabi/lib/armv7e-m/fpu\libm.a(lib_a-s_sin.o)
                              Src\filter.o (sin)
c:/program files (x86)/atollic/truestudio for stm32 9.1.0/armtools/bin/../lib/gcc/arm-atollic-eabi/6.3.1/../../../../arm-atollic-eabi/lib/armv7e-m/fpu\libm.a(lib_a-w_acos.o)
                              Src\MMA8451.o (acos)
c:/program files (x86)/atollic/truestudio for stm32 9.1.0/armtools/bin/../lib/gcc/arm-atollic-eabi/6.3.1/../../../../arm-atollic-eabi/lib/armv7e-m/fpu\libm.a(lib_a-w_sqrt.o)
                              Src\MMA8451.o (sqrt)
c:/program files (x86)/atollic/truestudio for stm32 9.1.0/armtools/bin/../lib/gcc/arm-atollic-eabi/6.3.1/../../../../arm-atollic-eabi/lib/armv7e-m/fpu\libm.a(lib_a-wf_exp.o)
                              Src\filter.o (expf)
c:/program files (x86)/atollic/truestudio for stm32 9.1.0/armtools/bin/../lib/gcc/arm-atollic-eabi/6.3.1/../../../../arm-atollic-eabi/lib/armv7e-m/fpu\libm.a(lib_a-e_acos.o)
                              c:/program files (x86)/atollic/truestudio for stm32 9.1.0/armtools/bin/../lib/gcc/arm-atollic-eabi/6.3.1/../../../../arm-atollic-eabi/lib/armv7e-m/fpu\libm.a(lib_a-w_acos.o) (__ieee754_acos)
c:/program files (x86)/atollic/truestudio for stm32 9.1.0/armtools/bin/../lib/gcc/arm-atollic-eabi/6.3.1/../../../../arm-atollic-eabi/lib/armv7e-m/fpu\libm.a(lib_a-e_rem_pio2.o)
                              c:/program files (x86)/atollic/truestudio for stm32 9.1.0/armtools/bin/../lib/gcc/arm-atollic-eabi/6.3.1/../../../../arm-atollic-eabi/lib/armv7e-m/fpu\libm.a(lib_a-s_cos.o) (__ieee754_rem_pio2)
c:/program files (x86)/atollic/truestudio for stm32 9.1.0/armtools/bin/../lib/gcc/arm-atollic-eabi/6.3.1/../../../../arm-atollic-eabi/lib/armv7e-m/fpu\libm.a(lib_a-e_sqrt.o)
                              c:/program files (x86)/atollic/truestudio for stm32 9.1.0/armtools/bin/../lib/gcc/arm-atollic-eabi/6.3.1/../../../../arm-atollic-eabi/lib/armv7e-m/fpu\libm.a(lib_a-w_sqrt.o) (__ieee754_sqrt)
c:/program files (x86)/atollic/truestudio for stm32 9.1.0/armtools/bin/../lib/gcc/arm-atollic-eabi/6.3.1/../../../../arm-atollic-eabi/lib/armv7e-m/fpu\libm.a(lib_a-ef_exp.o)
                              c:/program files (x86)/atollic/truestudio for stm32 9.1.0/armtools/bin/../lib/gcc/arm-atollic-eabi/6.3.1/../../../../arm-atollic-eabi/lib/armv7e-m/fpu\libm.a(lib_a-wf_exp.o) (__ieee754_expf)
[...]
Memory Configuration

Name             Origin             Length             Attributes
RAM              0x20000000         0x000a0000         xrw
FLASH            0x08000000         0x00200000         xr
*default*        0x00000000         0xffffffff

Linker script and memory map

LOAD c:/program files (x86)/atollic/truestudio for stm32 9.1.0/armtools/bin/../lib/gcc/arm-atollic-eabi/6.3.1/armv7e-m/fpu/crti.o
LOAD c:/program files (x86)/atollic/truestudio for stm32 9.1.0/armtools/bin/../lib/gcc/arm-atollic-eabi/6.3.1/armv7e-m/fpu/crtbegin.o
LOAD Drivers\STM32L4xx_HAL_Driver\Src\stm32l4xx_hal.o
LOAD Drivers\STM32L4xx_HAL_Driver\Src\stm32l4xx_hal_adc.o
LOAD Drivers\STM32L4xx_HAL_Driver\Src\stm32l4xx_hal_adc_ex.o
LOAD Drivers\STM32L4xx_HAL_Driver\Src\stm32l4xx_hal_comp.o
LOAD Drivers\STM32L4xx_HAL_Driver\Src\stm32l4xx_hal_cortex.o
LOAD Drivers\STM32L4xx_HAL_Driver\Src\stm32l4xx_hal_dac.o
LOAD Drivers\STM32L4xx_HAL_Driver\Src\stm32l4xx_hal_dac_ex.o
LOAD Drivers\STM32L4xx_HAL_Driver\Src\stm32l4xx_hal_dma.o
LOAD Drivers\STM32L4xx_HAL_Driver\Src\stm32l4xx_hal_dma_ex.o
LOAD Drivers\STM32L4xx_HAL_Driver\Src\stm32l4xx_hal_flash.o
LOAD Drivers\STM32L4xx_HAL_Driver\Src\stm32l4xx_hal_flash_ex.o
LOAD Drivers\STM32L4xx_HAL_Driver\Src\stm32l4xx_hal_flash_ramfunc.o
LOAD Drivers\STM32L4xx_HAL_Driver\Src\stm32l4xx_hal_gpio.o
LOAD Drivers\STM32L4xx_HAL_Driver\Src\stm32l4xx_hal_i2c.o
LOAD Drivers\STM32L4xx_HAL_Driver\Src\stm32l4xx_hal_i2c_ex.o
LOAD Drivers\STM32L4xx_HAL_Driver\Src\stm32l4xx_hal_pwr.o
LOAD Drivers\STM32L4xx_HAL_Driver\Src\stm32l4xx_hal_pwr_ex.o
LOAD Drivers\STM32L4xx_HAL_Driver\Src\stm32l4xx_hal_rcc.o
LOAD Drivers\STM32L4xx_HAL_Driver\Src\stm32l4xx_hal_rcc_ex.o
LOAD Drivers\STM32L4xx_HAL_Driver\Src\stm32l4xx_hal_rtc.o
LOAD Drivers\STM32L4xx_HAL_Driver\Src\stm32l4xx_hal_rtc_ex.o
LOAD Drivers\STM32L4xx_HAL_Driver\Src\stm32l4xx_hal_sd.o
LOAD Drivers\STM32L4xx_HAL_Driver\Src\stm32l4xx_hal_sd_ex.o
LOAD Drivers\STM32L4xx_HAL_Driver\Src\stm32l4xx_hal_spi.o
LOAD Drivers\STM32L4xx_HAL_Driver\Src\stm32l4xx_hal_spi_ex.o
LOAD Drivers\STM32L4xx_HAL_Driver\Src\stm32l4xx_hal_tim.o
LOAD Drivers\STM32L4xx_HAL_Driver\Src\stm32l4xx_hal_tim_ex.o
LOAD Drivers\STM32L4xx_HAL_Driver\Src\stm32l4xx_hal_uart.o
LOAD Drivers\STM32L4xx_HAL_Driver\Src\stm32l4xx_hal_uart_ex.o
LOAD Drivers\STM32L4xx_HAL_Driver\Src\stm32l4xx_ll_sdmmc.o
LOAD Drivers\VL53L1\vl53l1x\vl53l1_api.o
LOAD Drivers\VL53L1\vl53l1x\vl53l1_api_calibration.o
LOAD Drivers\VL53L1\vl53l1x\vl53l1_api_core.o
LOAD Drivers\VL53L1\vl53l1x\vl53l1_api_debug.o
LOAD Drivers\VL53L1\vl53l1x\vl53l1_api_preset_modes.o
LOAD Drivers\VL53L1\vl53l1x\vl53l1_api_strings.o
LOAD Drivers\VL53L1\vl53l1x\vl53l1_core.o
LOAD Drivers\VL53L1\vl53l1x\vl53l1_core_support.o
LOAD Drivers\VL53L1\vl53l1x\vl53l1_error_strings.o
LOAD Drivers\VL53L1\vl53l1x\vl53l1_register_funcs.o
LOAD Drivers\VL53L1\vl53l1x\vl53l1_silicon_core.o
LOAD Drivers\VL53L1\vl53l1x\vl53l1_wait.o
LOAD Drivers\VL53L1\vl53l1x_uld\VL53L1X_api.o
LOAD Drivers\VL53L1\vl53l1x_uld\VL53L1X_calibration.o
LOAD Drivers\X-NUCLEO-53L1A1\X-NUCLEO-53L1A1.o
LOAD Middlewares\Third_Party\FreeRTOS\Source\CMSIS_RTOS\cmsis_os.o
LOAD Middlewares\Third_Party\FreeRTOS\Source\croutine.o
LOAD Middlewares\Third_Party\FreeRTOS\Source\event_groups.o
LOAD Middlewares\Third_Party\FreeRTOS\Source\list.o
LOAD Middlewares\Third_Party\FreeRTOS\Source\portable\GCC\ARM_CM4F\port.o
LOAD Middlewares\Third_Party\FreeRTOS\Source\portable\MemMang\heap_4.o
LOAD Middlewares\Third_Party\FreeRTOS\Source\queue.o
LOAD Middlewares\Third_Party\FreeRTOS\Source\stream_buffer.o
LOAD Middlewares\Third_Party\FreeRTOS\Source\tasks.o
LOAD Middlewares\Third_Party\FreeRTOS\Source\timers.o
LOAD Src\MMA8451.o
LOAD Src\adc.o
LOAD Src\cap_touch.o
LOAD Src\comp.o
LOAD Src\dac.o
LOAD Src\dma.o
LOAD Src\filter.o
LOAD Src\freertos.o
LOAD Src\gpio.o
LOAD Src\hall_effect.o
LOAD Src\i2c.o
LOAD Src\led_cntrl.o
LOAD Src\lidar.o
LOAD Src\main.o
LOAD Src\res_touch.o
LOAD Src\rpm.o
LOAD Src\rtc.o
LOAD Src\sdmmc.o
LOAD Src\spi.o
LOAD Src\stm32l4xx_hal_msp.o
LOAD Src\stm32l4xx_hal_timebase_tim.o
LOAD Src\stm32l4xx_it.o
LOAD Src\system_stm32l4xx.o
LOAD Src\tim.o
LOAD Src\usart.o
LOAD Src\vl53l1_platform.o
LOAD Src\wave_synth.o
LOAD startup\startup_stm32l4r7xx.o
LOAD C:\Users\patri\Desktop\OneDrive - Massachusetts Institute of Technology\stm32\CMSIS_5-5.4.0\CMSIS\Lib\GCC\libarm_cortexM4lf_math.a
                0x00000080                malloc_getpagesize_P = 0x80
START GROUP
LOAD c:/program files (x86)/atollic/truestudio for stm32 9.1.0/armtools/bin/../lib/gcc/arm-atollic-eabi/6.3.1/../../../../arm-atollic-eabi/lib/armv7e-m/fpu\libc_nano.a
LOAD c:/program files (x86)/atollic/truestudio for stm32 9.1.0/armtools/bin/../lib/gcc/arm-atollic-eabi/6.3.1/../../../../arm-atollic-eabi/lib/armv7e-m/fpu\libm.a
END GROUP
START GROUP
LOAD c:/program files (x86)/atollic/truestudio for stm32 9.1.0/armtools/bin/../lib/gcc/arm-atollic-eabi/6.3.1/armv7e-m/fpu\libgcc.a
LOAD c:/program files (x86)/atollic/truestudio for stm32 9.1.0/armtools/bin/../lib/gcc/arm-atollic-eabi/6.3.1/../../../../arm-atollic-eabi/lib/armv7e-m/fpu\libc_nano.a
END GROUP
START GROUP
LOAD c:/program files (x86)/atollic/truestudio for stm32 9.1.0/armtools/bin/../lib/gcc/arm-atollic-eabi/6.3.1/armv7e-m/fpu\libgcc.a
LOAD c:/program files (x86)/atollic/truestudio for stm32 9.1.0/armtools/bin/../lib/gcc/arm-atollic-eabi/6.3.1/../../../../arm-atollic-eabi/lib/armv7e-m/fpu\libc_nano.a
LOAD c:/program files (x86)/atollic/truestudio for stm32 9.1.0/armtools/bin/../lib/gcc/arm-atollic-eabi/6.3.1/../../../../arm-atollic-eabi/lib/armv7e-m/fpu\libnosys.a
END GROUP
START GROUP
LOAD c:/program files (x86)/atollic/truestudio for stm32 9.1.0/armtools/bin/../lib/gcc/arm-atollic-eabi/6.3.1/armv7e-m/fpu\libgcc.a
LOAD c:/program files (x86)/atollic/truestudio for stm32 9.1.0/armtools/bin/../lib/gcc/arm-atollic-eabi/6.3.1/../../../../arm-atollic-eabi/lib/armv7e-m/fpu\libc_nano.a
LOAD c:/program files (x86)/atollic/truestudio for stm32 9.1.0/armtools/bin/../lib/gcc/arm-atollic-eabi/6.3.1/../../../../arm-atollic-eabi/lib/armv7e-m/fpu\libnosys.a
END GROUP
LOAD c:/program files (x86)/atollic/truestudio for stm32 9.1.0/armtools/bin/../lib/gcc/arm-atollic-eabi/6.3.1/armv7e-m/fpu/crtend.o
LOAD c:/program files (x86)/atollic/truestudio for stm32 9.1.0/armtools/bin/../lib/gcc/arm-atollic-eabi/6.3.1/armv7e-m/fpu/crtn.o
                0x200a0000                _estack = 0x200a0000
                0x00000200                _Min_Heap_Size = 0x200
                0x00000400                _Min_Stack_Size = 0x400

.isr_vector     0x08000000      0x1bc
                0x08000000                . = ALIGN (0x4)
 *(.isr_vector)
 .isr_vector    0x08000000      0x1bc startup\startup_stm32l4r7xx.o
                0x08000000                g_pfnVectors
                0x080001bc                . = ALIGN (0x4)

.text           0x080001c0    0x16f28
                0x080001c0                . = ALIGN (0x4)
 *(.text)
 .text          0x080001c0       0x40 c:/program files (x86)/atollic/truestudio for stm32 9.1.0/armtools/bin/../lib/gcc/arm-atollic-eabi/6.3.1/armv7e-m/fpu/crtbegin.o
 .text          0x08000200      0x370 c:/program files (x86)/atollic/truestudio for stm32 9.1.0/armtools/bin/../lib/gcc/arm-atollic-eabi/6.3.1/armv7e-m/fpu\libgcc.a(_arm_addsubdf3.o)
                0x08000200                __aeabi_drsub
                0x08000208                __aeabi_dsub
                0x08000208                __subdf3
                0x0800020c                __aeabi_dadd
                0x0800020c                __adddf3
                0x08000484                __floatunsidf
                0x08000484                __aeabi_ui2d
                0x080004a4                __floatsidf
                0x080004a4                __aeabi_i2d
                0x080004c8                __aeabi_f2d
                0x080004c8                __extendsfdf2
                0x08000504                __floatundidf
                0x08000504                __aeabi_ul2d
                0x08000514                __floatdidf
                0x08000514                __aeabi_l2d
 .text          0x08000570      0x424 c:/program files (x86)/atollic/truestudio for stm32 9.1.0/armtools/bin/../lib/gcc/arm-atollic-eabi/6.3.1/armv7e-m/fpu\libgcc.a(_arm_muldivdf3.o)
                0x08000570                __aeabi_dmul
                0x08000570                __muldf3
                0x080007c4                __divdf3
                0x080007c4                __aeabi_ddiv
 .text          0x08000994      0x110 c:/program files (x86)/atollic/truestudio for stm32 9.1.0/armtools/bin/../lib/gcc/arm-atollic-eabi/6.3.1/armv7e-m/fpu\libgcc.a(_arm_cmpdf2.o)
                0x08000994                __gtdf2
                0x08000994                __gedf2
                0x0800099c                __ltdf2
                0x0800099c                __ledf2
                0x080009a4                __nedf2
                0x080009a4                __eqdf2
                0x080009a4                __cmpdf2
                0x08000a20                __aeabi_cdrcmple
                0x08000a30                __aeabi_cdcmpeq
                0x08000a30                __aeabi_cdcmple
                0x08000a40                __aeabi_dcmpeq
                0x08000a54                __aeabi_dcmplt
                0x08000a68                __aeabi_dcmple
                0x08000a7c                __aeabi_dcmpge
                0x08000a90                __aeabi_dcmpgt
 .text          0x08000aa4       0x2c c:/program files (x86)/atollic/truestudio for stm32 9.1.0/armtools/bin/../lib/gcc/arm-atollic-eabi/6.3.1/armv7e-m/fpu\libgcc.a(_arm_unorddf2.o)
                0x08000aa4                __unorddf2
                0x08000aa4                __aeabi_dcmpun
 .text          0x08000ad0       0x50 c:/program files (x86)/atollic/truestudio for stm32 9.1.0/armtools/bin/../lib/gcc/arm-atollic-eabi/6.3.1/armv7e-m/fpu\libgcc.a(_arm_fixdfsi.o)
                0x08000ad0                __aeabi_d2iz
                0x08000ad0                __fixdfsi
 .text          0x08000b20       0x40 c:/program files (x86)/atollic/truestudio for stm32 9.1.0/armtools/bin/../lib/gcc/arm-atollic-eabi/6.3.1/armv7e-m/fpu\libgcc.a(_arm_fixunsdfsi.o)
                0x08000b20                __aeabi_d2uiz
                0x08000b20                __fixunsdfsi
 .text          0x08000b60       0xa0 c:/program files (x86)/atollic/truestudio for stm32 9.1.0/armtools/bin/../lib/gcc/arm-atollic-eabi/6.3.1/armv7e-m/fpu\libgcc.a(_arm_truncdfsf2.o)
                0x08000b60                __truncdfsf2
                0x08000b60                __aeabi_d2f
 .text          0x08000c00       0x30 c:/program files (x86)/atollic/truestudio for stm32 9.1.0/armtools/bin/../lib/gcc/arm-atollic-eabi/6.3.1/armv7e-m/fpu\libgcc.a(_aeabi_uldivmod.o)
                0x08000c00                __aeabi_uldivmod
 .text          0x08000c30      0x2dc c:/program files (x86)/atollic/truestudio for stm32 9.1.0/armtools/bin/../lib/gcc/arm-atollic-eabi/6.3.1/armv7e-m/fpu\libgcc.a(_udivmoddi4.o)
                0x08000c30                __udivmoddi4
 .text          0x08000f0c        0x4 c:/program files (x86)/atollic/truestudio for stm32 9.1.0/armtools/bin/../lib/gcc/arm-atollic-eabi/6.3.1/armv7e-m/fpu\libgcc.a(_dvmd_tls.o)
                0x08000f0c                __aeabi_idiv0
                0x08000f0c                __aeabi_ldiv0
 *(.text*)
 .text.HAL_Init
                0x08000f10       0x28 Drivers\STM32L4xx_HAL_Driver\Src\stm32l4xx_hal.o
                0x08000f10                HAL_Init
 .text.HAL_IncTick
                0x08000f38       0x10 Drivers\STM32L4xx_HAL_Driver\Src\stm32l4xx_hal.o
                0x08000f38                HAL_IncTick
 .text.HAL_GetTick
                0x08000f48        0xc Drivers\STM32L4xx_HAL_Driver\Src\stm32l4xx_hal.o
                0x08000f48                HAL_GetTick
 .text.HAL_Delay
                0x08000f54       0x1c Drivers\STM32L4xx_HAL_Driver\Src\stm32l4xx_hal.o
                0x08000f54                HAL_Delay
 .text.HAL_ADC_Init
                0x08000f70      0x1bc Drivers\STM32L4xx_HAL_Driver\Src\stm32l4xx_hal_adc.o
                0x08000f70                HAL_ADC_Init
 .text.HAL_ADC_ConfigChannel
                0x0800112c      0x488 Drivers\STM32L4xx_HAL_Driver\Src\stm32l4xx_hal_adc.o
                0x0800112c                HAL_ADC_ConfigChannel
 .text.HAL_COMP_Init
                0x080015b4      0x168 Drivers\STM32L4xx_HAL_Driver\Src\stm32l4xx_hal_comp.o
                0x080015b4                HAL_COMP_Init
 .text.HAL_COMP_Start
                0x0800171c       0x68 Drivers\STM32L4xx_HAL_Driver\Src\stm32l4xx_hal_comp.o
                0x0800171c                HAL_COMP_Start
 .text.HAL_COMP_IRQHandler
                0x08001784       0x48 Drivers\STM32L4xx_HAL_Driver\Src\stm32l4xx_hal_comp.o
                0x08001784                HAL_COMP_IRQHandler
 .text.HAL_NVIC_SetPriorityGrouping
                0x080017cc       0x24 Drivers\STM32L4xx_HAL_Driver\Src\stm32l4xx_hal_cortex.o
                0x080017cc                HAL_NVIC_SetPriorityGrouping
 .text.HAL_NVIC_SetPriority
                0x080017f0       0x6c Drivers\STM32L4xx_HAL_Driver\Src\stm32l4xx_hal_cortex.o
                0x080017f0                HAL_NVIC_SetPriority
 .text.HAL_NVIC_EnableIRQ
                0x0800185c       0x18 Drivers\STM32L4xx_HAL_Driver\Src\stm32l4xx_hal_cortex.o
                0x0800185c                HAL_NVIC_EnableIRQ
 .text.HAL_DAC_Init
                0x08001874       0x2c Drivers\STM32L4xx_HAL_Driver\Src\stm32l4xx_hal_dac.o
                0x08001874                HAL_DAC_Init
 .text.HAL_DAC_Start
                0x080018a0       0x5c Drivers\STM32L4xx_HAL_Driver\Src\stm32l4xx_hal_dac.o
                0x080018a0                HAL_DAC_Start
 .text.HAL_DAC_Start_DMA
                0x080018fc       0xf0 Drivers\STM32L4xx_HAL_Driver\Src\stm32l4xx_hal_dac.o
                0x080018fc                HAL_DAC_Start_DMA
 .text.HAL_DAC_Stop_DMA
                0x080019ec       0x58 Drivers\STM32L4xx_HAL_Driver\Src\stm32l4xx_hal_dac.o
                0x080019ec                HAL_DAC_Stop_DMA
 .text.DAC_DMAConvCpltCh1
                0x08001a44       0x10 Drivers\STM32L4xx_HAL_Driver\Src\stm32l4xx_hal_dac.o
 .text.HAL_DAC_ConvHalfCpltCallbackCh1
                0x08001a54        0x4 Drivers\STM32L4xx_HAL_Driver\Src\stm32l4xx_hal_dac.o
                0x08001a54                HAL_DAC_ConvHalfCpltCallbackCh1
 .text.DAC_DMAHalfConvCpltCh1
                0x08001a58        0xc Drivers\STM32L4xx_HAL_Driver\Src\stm32l4xx_hal_dac.o
 .text.HAL_DAC_ErrorCallbackCh1
                0x08001a64        0x4 Drivers\STM32L4xx_HAL_Driver\Src\stm32l4xx_hal_dac.o
                0x08001a64                HAL_DAC_ErrorCallbackCh1
 .text.DAC_DMAErrorCh1
                0x08001a68       0x18 Drivers\STM32L4xx_HAL_Driver\Src\stm32l4xx_hal_dac.o
 .text.HAL_DAC_DMAUnderrunCallbackCh1
                0x08001a80        0x4 Drivers\STM32L4xx_HAL_Driver\Src\stm32l4xx_hal_dac.o
                0x08001a80                HAL_DAC_DMAUnderrunCallbackCh1
 .text.HAL_DAC_IRQHandler
                0x08001a84       0x68 Drivers\STM32L4xx_HAL_Driver\Src\stm32l4xx_hal_dac.o
                0x08001a84                HAL_DAC_IRQHandler
 .text.HAL_DAC_ConfigChannel
                0x08001aec      0x150 Drivers\STM32L4xx_HAL_Driver\Src\stm32l4xx_hal_dac.o
                0x08001aec                HAL_DAC_ConfigChannel
 .text.HAL_DACEx_ConvCpltCallbackCh2
                0x08001c3c        0x4 Drivers\STM32L4xx_HAL_Driver\Src\stm32l4xx_hal_dac_ex.o
                0x08001c3c                HAL_DACEx_ConvCpltCallbackCh2
 .text.HAL_DACEx_ConvHalfCpltCallbackCh2
                0x08001c40        0x4 Drivers\STM32L4xx_HAL_Driver\Src\stm32l4xx_hal_dac_ex.o
                0x08001c40                HAL_DACEx_ConvHalfCpltCallbackCh2
 .text.HAL_DACEx_ErrorCallbackCh2
                0x08001c44        0x4 Drivers\STM32L4xx_HAL_Driver\Src\stm32l4xx_hal_dac_ex.o
                0x08001c44                HAL_DACEx_ErrorCallbackCh2
 .text.HAL_DACEx_DMAUnderrunCallbackCh2
                0x08001c48        0x4 Drivers\STM32L4xx_HAL_Driver\Src\stm32l4xx_hal_dac_ex.o
                0x08001c48                HAL_DACEx_DMAUnderrunCallbackCh2
 .text.DAC_DMAConvCpltCh2
                0x08001c4c       0x10 Drivers\STM32L4xx_HAL_Driver\Src\stm32l4xx_hal_dac_ex.o
                0x08001c4c                DAC_DMAConvCpltCh2
 .text.DAC_DMAHalfConvCpltCh2
                0x08001c5c        0xc Drivers\STM32L4xx_HAL_Driver\Src\stm32l4xx_hal_dac_ex.o
                0x08001c5c                DAC_DMAHalfConvCpltCh2
 .text.DAC_DMAErrorCh2
                0x08001c68       0x18 Drivers\STM32L4xx_HAL_Driver\Src\stm32l4xx_hal_dac_ex.o
                0x08001c68                DAC_DMAErrorCh2
 .text.HAL_DMA_Init
                0x08001c80      0x130 Drivers\STM32L4xx_HAL_Driver\Src\stm32l4xx_hal_dma.o
                0x08001c80                HAL_DMA_Init
 .text.HAL_DMA_Start_IT
                0x08001db0       0xb8 Drivers\STM32L4xx_HAL_Driver\Src\stm32l4xx_hal_dma.o
                0x08001db0                HAL_DMA_Start_IT
 .text.HAL_DMA_Abort
                0x08001e68       0x60 Drivers\STM32L4xx_HAL_Driver\Src\stm32l4xx_hal_dma.o
                0x08001e68                HAL_DMA_Abort
 .text.HAL_DMA_Abort_IT
                0x08001ec8       0x70 Drivers\STM32L4xx_HAL_Driver\Src\stm32l4xx_hal_dma.o
                0x08001ec8                HAL_DMA_Abort_IT
 .text.HAL_DMA_IRQHandler
                0x08001f38       0x9c Drivers\STM32L4xx_HAL_Driver\Src\stm32l4xx_hal_dma.o
                0x08001f38                HAL_DMA_IRQHandler
 .text.HAL_GPIO_Init
                0x08001fd4      0x22c Drivers\STM32L4xx_HAL_Driver\Src\stm32l4xx_hal_gpio.o
                0x08001fd4                HAL_GPIO_Init
 .text.HAL_GPIO_ReadPin
                0x08002200        0xc Drivers\STM32L4xx_HAL_Driver\Src\stm32l4xx_hal_gpio.o
                0x08002200                HAL_GPIO_ReadPin
 .text.HAL_GPIO_WritePin
                0x0800220c        0xc Drivers\STM32L4xx_HAL_Driver\Src\stm32l4xx_hal_gpio.o
                0x0800220c                HAL_GPIO_WritePin
 .text.HAL_GPIO_EXTI_IRQHandler
                0x08002218       0x18 Drivers\STM32L4xx_HAL_Driver\Src\stm32l4xx_hal_gpio.o
                0x08002218                HAL_GPIO_EXTI_IRQHandler
 .text.I2C_WaitOnRXNEFlagUntilTimeout
                0x08002230       0xfc Drivers\STM32L4xx_HAL_Driver\Src\stm32l4xx_hal_i2c.o
 .text.I2C_WaitOnTXISFlagUntilTimeout
                0x0800232c       0xa8 Drivers\STM32L4xx_HAL_Driver\Src\stm32l4xx_hal_i2c.o
 .text.I2C_WaitOnSTOPFlagUntilTimeout
                0x080023d4       0xac Drivers\STM32L4xx_HAL_Driver\Src\stm32l4xx_hal_i2c.o
 .text.HAL_I2C_Init
                0x08002480       0xac Drivers\STM32L4xx_HAL_Driver\Src\stm32l4xx_hal_i2c.o
                0x08002480                HAL_I2C_Init
 .text.HAL_I2C_Master_Transmit
                0x0800252c      0x198 Drivers\STM32L4xx_HAL_Driver\Src\stm32l4xx_hal_i2c.o
                0x0800252c                HAL_I2C_Master_Transmit
 .text.HAL_I2C_Master_Receive
                0x080026c4      0x198 Drivers\STM32L4xx_HAL_Driver\Src\stm32l4xx_hal_i2c.o
                0x080026c4                HAL_I2C_Master_Receive
 .text.HAL_I2C_Mem_Write
                0x0800285c      0x248 Drivers\STM32L4xx_HAL_Driver\Src\stm32l4xx_hal_i2c.o
                0x0800285c                HAL_I2C_Mem_Write
 .text.HAL_I2C_Mem_Read
                0x08002aa4      0x26c Drivers\STM32L4xx_HAL_Driver\Src\stm32l4xx_hal_i2c.o
                0x08002aa4                HAL_I2C_Mem_Read
 .text.HAL_I2C_Mem_Write_IT
                0x08002d10      0x15c Drivers\STM32L4xx_HAL_Driver\Src\stm32l4xx_hal_i2c.o
                0x08002d10                HAL_I2C_Mem_Write_IT
 .text.HAL_I2C_Mem_Read_IT
                0x08002e6c      0x164 Drivers\STM32L4xx_HAL_Driver\Src\stm32l4xx_hal_i2c.o
                0x08002e6c                HAL_I2C_Mem_Read_IT
 .text.HAL_I2C_EV_IRQHandler
                0x08002fd0       0x1c Drivers\STM32L4xx_HAL_Driver\Src\stm32l4xx_hal_i2c.o
                0x08002fd0                HAL_I2C_EV_IRQHandler
 .text.HAL_I2C_MasterTxCpltCallback
                0x08002fec        0x4 Drivers\STM32L4xx_HAL_Driver\Src\stm32l4xx_hal_i2c.o
                0x08002fec                HAL_I2C_MasterTxCpltCallback
 .text.HAL_I2C_MasterRxCpltCallback
                0x08002ff0        0x4 Drivers\STM32L4xx_HAL_Driver\Src\stm32l4xx_hal_i2c.o
                0x08002ff0                HAL_I2C_MasterRxCpltCallback
 .text.HAL_I2C_SlaveTxCpltCallback
                0x08002ff4        0x4 Drivers\STM32L4xx_HAL_Driver\Src\stm32l4xx_hal_i2c.o
                0x08002ff4                HAL_I2C_SlaveTxCpltCallback
 .text.HAL_I2C_SlaveRxCpltCallback
                0x08002ff8        0x4 Drivers\STM32L4xx_HAL_Driver\Src\stm32l4xx_hal_i2c.o
                0x08002ff8                HAL_I2C_SlaveRxCpltCallback
 .text.HAL_I2C_AddrCallback
                0x08002ffc        0x4 Drivers\STM32L4xx_HAL_Driver\Src\stm32l4xx_hal_i2c.o
                0x08002ffc                HAL_I2C_AddrCallback
 .text.I2C_ITAddrCplt.isra.8.part.9
                0x08003000       0x78 Drivers\STM32L4xx_HAL_Driver\Src\stm32l4xx_hal_i2c.o
 .text.HAL_I2C_ListenCpltCallback
                0x08003078        0x4 Drivers\STM32L4xx_HAL_Driver\Src\stm32l4xx_hal_i2c.o
                0x08003078                HAL_I2C_ListenCpltCallback
 .text.HAL_I2C_MemTxCpltCallback
                0x0800307c        0x4 Drivers\STM32L4xx_HAL_Driver\Src\stm32l4xx_hal_i2c.o
                0x0800307c                HAL_I2C_MemTxCpltCallback
 .text.HAL_I2C_MemRxCpltCallback
                0x08003080        0x4 Drivers\STM32L4xx_HAL_Driver\Src\stm32l4xx_hal_i2c.o
                0x08003080                HAL_I2C_MemRxCpltCallback
 .text.HAL_I2C_ErrorCallback
                0x08003084        0x4 Drivers\STM32L4xx_HAL_Driver\Src\stm32l4xx_hal_i2c.o
                0x08003084                HAL_I2C_ErrorCallback
 .text.HAL_I2C_AbortCpltCallback
                0x08003088        0x4 Drivers\STM32L4xx_HAL_Driver\Src\stm32l4xx_hal_i2c.o
                0x08003088                HAL_I2C_AbortCpltCallback
 .text.I2C_ITError
                0x0800308c      0x114 Drivers\STM32L4xx_HAL_Driver\Src\stm32l4xx_hal_i2c.o
 .text.I2C_ITSlaveCplt
                0x080031a0      0x158 Drivers\STM32L4xx_HAL_Driver\Src\stm32l4xx_hal_i2c.o
 .text.I2C_Slave_ISR_IT
                0x080032f8      0x310 Drivers\STM32L4xx_HAL_Driver\Src\stm32l4xx_hal_i2c.o
 .text.I2C_Slave_ISR_DMA
                0x08003608      0x1c0 Drivers\STM32L4xx_HAL_Driver\Src\stm32l4xx_hal_i2c.o
 .text.I2C_DMAAbort
                0x080037c8       0x28 Drivers\STM32L4xx_HAL_Driver\Src\stm32l4xx_hal_i2c.o
 .text.I2C_ITMasterCplt
                0x080037f0      0x200 Drivers\STM32L4xx_HAL_Driver\Src\stm32l4xx_hal_i2c.o
 .text.I2C_Master_ISR_IT
                0x080039f0      0x23c Drivers\STM32L4xx_HAL_Driver\Src\stm32l4xx_hal_i2c.o
 .text.I2C_Master_ISR_DMA
                0x08003c2c      0x224 Drivers\STM32L4xx_HAL_Driver\Src\stm32l4xx_hal_i2c.o
 .text.HAL_I2CEx_ConfigAnalogFilter
                0x08003e50       0x54 Drivers\STM32L4xx_HAL_Driver\Src\stm32l4xx_hal_i2c_ex.o
                0x08003e50                HAL_I2CEx_ConfigAnalogFilter
 .text.HAL_I2CEx_ConfigDigitalFilter
                0x08003ea4       0x50 Drivers\STM32L4xx_HAL_Driver\Src\stm32l4xx_hal_i2c_ex.o
                0x08003ea4                HAL_I2CEx_ConfigDigitalFilter
 .text.HAL_PWR_EnableBkUpAccess
                0x08003ef4       0x10 Drivers\STM32L4xx_HAL_Driver\Src\stm32l4xx_hal_pwr.o
                0x08003ef4                HAL_PWR_EnableBkUpAccess
 .text.HAL_PWREx_GetVoltageRange
                0x08003f04       0x24 Drivers\STM32L4xx_HAL_Driver\Src\stm32l4xx_hal_pwr_ex.o
                0x08003f04                HAL_PWREx_GetVoltageRange
 .text.HAL_PWREx_ControlVoltageScaling
                0x08003f28       0xfc Drivers\STM32L4xx_HAL_Driver\Src\stm32l4xx_hal_pwr_ex.o
                0x08003f28                HAL_PWREx_ControlVoltageScaling
 .text.HAL_RCC_GetSysClockFreq
                0x08004024       0xc4 Drivers\STM32L4xx_HAL_Driver\Src\stm32l4xx_hal_rcc.o
                0x08004024                HAL_RCC_GetSysClockFreq
 .text.HAL_RCC_OscConfig
                0x080040e8      0x680 Drivers\STM32L4xx_HAL_Driver\Src\stm32l4xx_hal_rcc.o
                0x080040e8                HAL_RCC_OscConfig
 .text.HAL_RCC_ClockConfig
                0x08004768      0x248 Drivers\STM32L4xx_HAL_Driver\Src\stm32l4xx_hal_rcc.o
                0x08004768                HAL_RCC_ClockConfig
 .text.HAL_RCC_GetHCLKFreq
                0x080049b0        0xc Drivers\STM32L4xx_HAL_Driver\Src\stm32l4xx_hal_rcc.o
                0x080049b0                HAL_RCC_GetHCLKFreq
 .text.HAL_RCC_GetPCLK1Freq
                0x080049bc       0x24 Drivers\STM32L4xx_HAL_Driver\Src\stm32l4xx_hal_rcc.o
                0x080049bc                HAL_RCC_GetPCLK1Freq
 .text.HAL_RCC_GetPCLK2Freq
                0x080049e0       0x24 Drivers\STM32L4xx_HAL_Driver\Src\stm32l4xx_hal_rcc.o
                0x080049e0                HAL_RCC_GetPCLK2Freq
 .text.HAL_RCC_GetClockConfig
                0x08004a04       0x44 Drivers\STM32L4xx_HAL_Driver\Src\stm32l4xx_hal_rcc.o
                0x08004a04                HAL_RCC_GetClockConfig
 .text.RCCEx_PLLSAI1_Config
                0x08004a48      0x124 Drivers\STM32L4xx_HAL_Driver\Src\stm32l4xx_hal_rcc_ex.o
 .text.RCCEx_PLLSAI2_Config
                0x08004b6c      0x124 Drivers\STM32L4xx_HAL_Driver\Src\stm32l4xx_hal_rcc_ex.o
 .text.HAL_RCCEx_PeriphCLKConfig
                0x08004c90      0x504 Drivers\STM32L4xx_HAL_Driver\Src\stm32l4xx_hal_rcc_ex.o
                0x08004c90                HAL_RCCEx_PeriphCLKConfig
 .text.HAL_RTC_Init
                0x08005194       0xe8 Drivers\STM32L4xx_HAL_Driver\Src\stm32l4xx_hal_rtc.o
                0x08005194                HAL_RTC_Init
 .text.SD_FindSCR
                0x0800527c       0xdc Drivers\STM32L4xx_HAL_Driver\Src\stm32l4xx_hal_sd.o
 .text.HAL_SD_GetCardCSD
                0x08005358      0x174 Drivers\STM32L4xx_HAL_Driver\Src\stm32l4xx_hal_sd.o
                0x08005358                HAL_SD_GetCardCSD
 .text.HAL_SD_ConfigWideBusOperation
                0x080054cc      0x120 Drivers\STM32L4xx_HAL_Driver\Src\stm32l4xx_hal_sd.o
                0x080054cc                HAL_SD_ConfigWideBusOperation
 .text.HAL_SD_Init
                0x080055ec      0x2d8 Drivers\STM32L4xx_HAL_Driver\Src\stm32l4xx_hal_sd.o
                0x080055ec                HAL_SD_Init
 .text.HAL_SDEx_DriveTransceiver_1_8V_Callback
                0x080058c4        0x4 Drivers\STM32L4xx_HAL_Driver\Src\stm32l4xx_hal_sd_ex.o
                0x080058c4                HAL_SDEx_DriveTransceiver_1_8V_Callback
 .text.HAL_SDEx_HighSpeed
                0x080058c8      0x13c Drivers\STM32L4xx_HAL_Driver\Src\stm32l4xx_hal_sd_ex.o
                0x080058c8                HAL_SDEx_HighSpeed
 .text.SPI_WaitFifoStateUntilTimeout.part.1
                0x08005a04       0x54 Drivers\STM32L4xx_HAL_Driver\Src\stm32l4xx_hal_spi.o
 .text.SPI_EndRxTxTransaction
                0x08005a58       0xe4 Drivers\STM32L4xx_HAL_Driver\Src\stm32l4xx_hal_spi.o
 .text.HAL_SPI_Init
                0x08005b3c       0xdc Drivers\STM32L4xx_HAL_Driver\Src\stm32l4xx_hal_spi.o
                0x08005b3c                HAL_SPI_Init
 .text.HAL_SPI_Transmit
                0x08005c18      0x240 Drivers\STM32L4xx_HAL_Driver\Src\stm32l4xx_hal_spi.o
                0x08005c18                HAL_SPI_Transmit
 .text.HAL_SPI_ErrorCallback
                0x08005e58        0x4 Drivers\STM32L4xx_HAL_Driver\Src\stm32l4xx_hal_spi.o
                0x08005e58                HAL_SPI_ErrorCallback
 .text.HAL_SPI_IRQHandler
                0x08005e5c       0xfc Drivers\STM32L4xx_HAL_Driver\Src\stm32l4xx_hal_spi.o
                0x08005e5c                HAL_SPI_IRQHandler
 .text.SPI_DMAAbortOnError
                0x08005f58       0x14 Drivers\STM32L4xx_HAL_Driver\Src\stm32l4xx_hal_spi.o
 .text.HAL_TIM_Base_Init
                0x08005f6c      0x134 Drivers\STM32L4xx_HAL_Driver\Src\stm32l4xx_hal_tim.o
                0x08005f6c                HAL_TIM_Base_Init
 .text.HAL_TIM_Base_Start
                0x080060a0       0x34 Drivers\STM32L4xx_HAL_Driver\Src\stm32l4xx_hal_tim.o
                0x080060a0                HAL_TIM_Base_Start
 .text.HAL_TIM_Base_Start_IT
                0x080060d4       0x30 Drivers\STM32L4xx_HAL_Driver\Src\stm32l4xx_hal_tim.o
                0x080060d4                HAL_TIM_Base_Start_IT
 .text.HAL_TIM_Base_Stop_IT
                0x08006104       0x2c Drivers\STM32L4xx_HAL_Driver\Src\stm32l4xx_hal_tim.o
                0x08006104                HAL_TIM_Base_Stop_IT
 .text.HAL_TIM_PWM_MspInit
                0x08006130        0x4 Drivers\STM32L4xx_HAL_Driver\Src\stm32l4xx_hal_tim.o
                0x08006130                HAL_TIM_PWM_MspInit
 .text.HAL_TIM_PWM_Init
                0x08006134      0x134 Drivers\STM32L4xx_HAL_Driver\Src\stm32l4xx_hal_tim.o
                0x08006134                HAL_TIM_PWM_Init
 .text.HAL_TIM_PWM_Start
                0x08006268       0x7c Drivers\STM32L4xx_HAL_Driver\Src\stm32l4xx_hal_tim.o
                0x08006268                HAL_TIM_PWM_Start
 .text.HAL_TIM_PWM_ConfigChannel
                0x080062e4      0x3c4 Drivers\STM32L4xx_HAL_Driver\Src\stm32l4xx_hal_tim.o
                0x080062e4                HAL_TIM_PWM_ConfigChannel
 .text.HAL_TIM_ConfigClockSource
                0x080066a8      0x16c Drivers\STM32L4xx_HAL_Driver\Src\stm32l4xx_hal_tim.o
                0x080066a8                HAL_TIM_ConfigClockSource
 .text.HAL_TIM_OC_DelayElapsedCallback
                0x08006814        0x4 Drivers\STM32L4xx_HAL_Driver\Src\stm32l4xx_hal_tim.o
                0x08006814                HAL_TIM_OC_DelayElapsedCallback
 .text.HAL_TIM_IC_CaptureCallback
                0x08006818        0x4 Drivers\STM32L4xx_HAL_Driver\Src\stm32l4xx_hal_tim.o
                0x08006818                HAL_TIM_IC_CaptureCallback
 .text.HAL_TIM_PWM_PulseFinishedCallback
                0x0800681c        0x4 Drivers\STM32L4xx_HAL_Driver\Src\stm32l4xx_hal_tim.o
                0x0800681c                HAL_TIM_PWM_PulseFinishedCallback
 .text.HAL_TIM_TriggerCallback
                0x08006820        0x4 Drivers\STM32L4xx_HAL_Driver\Src\stm32l4xx_hal_tim.o
                0x08006820                HAL_TIM_TriggerCallback
 .text.HAL_TIM_IRQHandler
                0x08006824      0x170 Drivers\STM32L4xx_HAL_Driver\Src\stm32l4xx_hal_tim.o
                0x08006824                HAL_TIM_IRQHandler
 .text.HAL_TIMEx_MasterConfigSynchronization
                0x08006994       0x60 Drivers\STM32L4xx_HAL_Driver\Src\stm32l4xx_hal_tim_ex.o
                0x08006994                HAL_TIMEx_MasterConfigSynchronization
 .text.HAL_TIMEx_ConfigBreakDeadTime
                0x080069f4       0x8c Drivers\STM32L4xx_HAL_Driver\Src\stm32l4xx_hal_tim_ex.o
                0x080069f4                HAL_TIMEx_ConfigBreakDeadTime
 .text.HAL_TIMEx_CommutationCallback
                0x08006a80        0x4 Drivers\STM32L4xx_HAL_Driver\Src\stm32l4xx_hal_tim_ex.o
                0x08006a80                HAL_TIMEx_CommutationCallback
 .text.HAL_TIMEx_BreakCallback
                0x08006a84        0x4 Drivers\STM32L4xx_HAL_Driver\Src\stm32l4xx_hal_tim_ex.o
                0x08006a84                HAL_TIMEx_BreakCallback
 .text.HAL_TIMEx_Break2Callback
                0x08006a88        0x4 Drivers\STM32L4xx_HAL_Driver\Src\stm32l4xx_hal_tim_ex.o
                0x08006a88                HAL_TIMEx_Break2Callback
 .text.HAL_UART_TxCpltCallback
                0x08006a8c        0x4 Drivers\STM32L4xx_HAL_Driver\Src\stm32l4xx_hal_uart.o
                0x08006a8c                HAL_UART_TxCpltCallback
 .text.HAL_UART_ErrorCallback
                0x08006a90        0x4 Drivers\STM32L4xx_HAL_Driver\Src\stm32l4xx_hal_uart.o
                0x08006a90                HAL_UART_ErrorCallback
 .text.HAL_UART_IRQHandler
                0x08006a94      0x1c4 Drivers\STM32L4xx_HAL_Driver\Src\stm32l4xx_hal_uart.o
                0x08006a94                HAL_UART_IRQHandler
 .text.UART_DMAAbortOnError
                0x08006c58       0x18 Drivers\STM32L4xx_HAL_Driver\Src\stm32l4xx_hal_uart.o
 .text.UART_AdvFeatureConfig
                0x08006c70       0xb0 Drivers\STM32L4xx_HAL_Driver\Src\stm32l4xx_hal_uart.o
                0x08006c70                UART_AdvFeatureConfig
 .text.HAL_UART_Init
                0x08006d20      0xbc8 Drivers\STM32L4xx_HAL_Driver\Src\stm32l4xx_hal_uart.o
                0x08006d20                HAL_UART_Init
 .text.HAL_UARTEx_WakeupCallback
                0x080078e8        0x4 Drivers\STM32L4xx_HAL_Driver\Src\stm32l4xx_hal_uart_ex.o
                0x080078e8                HAL_UARTEx_WakeupCallback
 .text.HAL_UARTEx_RxFifoFullCallback
                0x080078ec        0x4 Drivers\STM32L4xx_HAL_Driver\Src\stm32l4xx_hal_uart_ex.o
                0x080078ec                HAL_UARTEx_RxFifoFullCallback
 .text.HAL_UARTEx_TxFifoEmptyCallback
                0x080078f0        0x4 Drivers\STM32L4xx_HAL_Driver\Src\stm32l4xx_hal_uart_ex.o
                0x080078f0                HAL_UARTEx_TxFifoEmptyCallback
 .text.HAL_UARTEx_DisableFifoMode
                0x080078f4       0x3c Drivers\STM32L4xx_HAL_Driver\Src\stm32l4xx_hal_uart_ex.o
                0x080078f4                HAL_UARTEx_DisableFifoMode
 .text.HAL_UARTEx_SetTxFifoThreshold
                0x08007930       0xc4 Drivers\STM32L4xx_HAL_Driver\Src\stm32l4xx_hal_uart_ex.o
                0x08007930                HAL_UARTEx_SetTxFifoThreshold
 .text.HAL_UARTEx_SetRxFifoThreshold
                0x080079f4       0xc4 Drivers\STM32L4xx_HAL_Driver\Src\stm32l4xx_hal_uart_ex.o
                0x080079f4                HAL_UARTEx_SetRxFifoThreshold
 .text.SDMMC_GetCmdResp1.part.2
                0x08007ab8       0xcc Drivers\STM32L4xx_HAL_Driver\Src\stm32l4xx_ll_sdmmc.o
 .text.SDMMC_Init
                0x08007b84       0x34 Drivers\STM32L4xx_HAL_Driver\Src\stm32l4xx_ll_sdmmc.o
                0x08007b84                SDMMC_Init
 .text.SDMMC_ReadFIFO
                0x08007bb8        0x8 Drivers\STM32L4xx_HAL_Driver\Src\stm32l4xx_ll_sdmmc.o
                0x08007bb8                SDMMC_ReadFIFO
 .text.SDMMC_PowerState_ON
                0x08007bc0       0x10 Drivers\STM32L4xx_HAL_Driver\Src\stm32l4xx_ll_sdmmc.o
                0x08007bc0                SDMMC_PowerState_ON
 .text.SDMMC_GetPowerState
                0x08007bd0        0x8 Drivers\STM32L4xx_HAL_Driver\Src\stm32l4xx_ll_sdmmc.o
                0x08007bd0                SDMMC_GetPowerState
 .text.SDMMC_GetResponse
                0x08007bd8        0x8 Drivers\STM32L4xx_HAL_Driver\Src\stm32l4xx_ll_sdmmc.o
                0x08007bd8                SDMMC_GetResponse
 .text.SDMMC_ConfigData
                0x08007be0       0x28 Drivers\STM32L4xx_HAL_Driver\Src\stm32l4xx_ll_sdmmc.o
                0x08007be0                SDMMC_ConfigData
 .text.SDMMC_CmdBlockLength
                0x08007c08       0x84 Drivers\STM32L4xx_HAL_Driver\Src\stm32l4xx_ll_sdmmc.o
                0x08007c08                SDMMC_CmdBlockLength
 .text.SDMMC_CmdSelDesel
                0x08007c8c       0x84 Drivers\STM32L4xx_HAL_Driver\Src\stm32l4xx_ll_sdmmc.o
                0x08007c8c                SDMMC_CmdSelDesel
 .text.SDMMC_CmdGoIdleState
                0x08007d10       0x5c Drivers\STM32L4xx_HAL_Driver\Src\stm32l4xx_ll_sdmmc.o
                0x08007d10                SDMMC_CmdGoIdleState
 .text.SDMMC_CmdOperCond
                0x08007d6c       0x84 Drivers\STM32L4xx_HAL_Driver\Src\stm32l4xx_ll_sdmmc.o
                0x08007d6c                SDMMC_CmdOperCond
 .text.SDMMC_CmdAppCommand
                0x08007df0       0x84 Drivers\STM32L4xx_HAL_Driver\Src\stm32l4xx_ll_sdmmc.o
                0x08007df0                SDMMC_CmdAppCommand
 .text.SDMMC_CmdAppOperCommand
                0x08007e74       0x6c Drivers\STM32L4xx_HAL_Driver\Src\stm32l4xx_ll_sdmmc.o
                0x08007e74                SDMMC_CmdAppOperCommand
 .text.SDMMC_CmdBusWidth
                0x08007ee0       0x84 Drivers\STM32L4xx_HAL_Driver\Src\stm32l4xx_ll_sdmmc.o
                0x08007ee0                SDMMC_CmdBusWidth
 .text.SDMMC_CmdSendSCR
                0x08007f64       0x84 Drivers\STM32L4xx_HAL_Driver\Src\stm32l4xx_ll_sdmmc.o
                0x08007f64                SDMMC_CmdSendSCR
 .text.SDMMC_CmdSendCID
                0x08007fe8       0x80 Drivers\STM32L4xx_HAL_Driver\Src\stm32l4xx_ll_sdmmc.o
                0x08007fe8                SDMMC_CmdSendCID
 .text.SDMMC_CmdSendCSD
                0x08008068       0x7c Drivers\STM32L4xx_HAL_Driver\Src\stm32l4xx_ll_sdmmc.o
                0x08008068                SDMMC_CmdSendCSD
 .text.SDMMC_CmdSetRelAdd
                0x080080e4       0xa8 Drivers\STM32L4xx_HAL_Driver\Src\stm32l4xx_ll_sdmmc.o
                0x080080e4                SDMMC_CmdSetRelAdd
 .text.SDMMC_CmdSwitch
                0x0800818c       0x84 Drivers\STM32L4xx_HAL_Driver\Src\stm32l4xx_ll_sdmmc.o
                0x0800818c                SDMMC_CmdSwitch
 .text.SDMMC_CmdVoltageSwitch
                0x08008210       0x84 Drivers\STM32L4xx_HAL_Driver\Src\stm32l4xx_ll_sdmmc.o
                0x08008210                SDMMC_CmdVoltageSwitch
 .text.VL53L1_DataInit
                0x08008294       0x88 Drivers\VL53L1\vl53l1x\vl53l1_api.o
                0x08008294                VL53L1_DataInit
 .text.VL53L1_WaitDeviceBooted
                0x0800831c        0x8 Drivers\VL53L1\vl53l1x\vl53l1_api.o
                0x0800831c                VL53L1_WaitDeviceBooted
 .text.VL53L1_SetDistanceMode
                0x08008324      0x1e0 Drivers\VL53L1\vl53l1x\vl53l1_api.o
                0x08008324                VL53L1_SetDistanceMode
 .text.VL53L1_SetMeasurementTimingBudgetMicroSeconds
                0x08008504      0x108 Drivers\VL53L1\vl53l1x\vl53l1_api.o
                0x08008504                VL53L1_SetMeasurementTimingBudgetMicroSeconds
 .text.VL53L1_StaticInit
                0x0800860c       0x84 Drivers\VL53L1\vl53l1x\vl53l1_api.o
                0x0800860c                VL53L1_StaticInit
 .text.VL53L1_GetMeasurementTimingBudgetMicroSeconds
                0x08008690       0xe4 Drivers\VL53L1\vl53l1x\vl53l1_api.o
                0x08008690                VL53L1_GetMeasurementTimingBudgetMicroSeconds
 .text.VL53L1_SetInterMeasurementPeriodMilliSeconds
                0x08008774       0x14 Drivers\VL53L1\vl53l1x\vl53l1_api.o
                0x08008774                VL53L1_SetInterMeasurementPeriodMilliSeconds
 .text.VL53L1_StartMeasurement
                0x08008788       0x7c Drivers\VL53L1\vl53l1x\vl53l1_api.o
                0x08008788                VL53L1_StartMeasurement
 .text.VL53L1_StopMeasurement
                0x08008804       0x14 Drivers\VL53L1\vl53l1x\vl53l1_api.o
                0x08008804                VL53L1_StopMeasurement
 .text.VL53L1_ClearInterruptAndStartMeasurement
                0x08008818        0x8 Drivers\VL53L1\vl53l1x\vl53l1_api.o
                0x08008818                VL53L1_ClearInterruptAndStartMeasurement
 .text.VL53L1_GetRangingMeasurementData
                0x08008820      0x1cc Drivers\VL53L1\vl53l1x\vl53l1_api.o
                0x08008820                VL53L1_GetRangingMeasurementData
 .text.VL53L1_read_p2p_data
                0x080089ec       0xd0 Drivers\VL53L1\vl53l1x\vl53l1_api_core.o
                0x080089ec                VL53L1_read_p2p_data
 .text.VL53L1_data_init
                0x08008abc      0x230 Drivers\VL53L1\vl53l1x\vl53l1_api_core.o
                0x08008abc                VL53L1_data_init
 .text.VL53L1_set_inter_measurement_period_ms
                0x08008cec       0x1c Drivers\VL53L1\vl53l1x\vl53l1_api_core.o
                0x08008cec                VL53L1_set_inter_measurement_period_ms
 .text.VL53L1_get_inter_measurement_period_ms
                0x08008d08       0x1c Drivers\VL53L1\vl53l1x\vl53l1_api_core.o
                0x08008d08                VL53L1_get_inter_measurement_period_ms
 .text.VL53L1_set_timeouts_us
                0x08008d24       0x4c Drivers\VL53L1\vl53l1x\vl53l1_api_core.o
                0x08008d24                VL53L1_set_timeouts_us
 .text.VL53L1_get_timeouts_us
                0x08008d70       0x70 Drivers\VL53L1\vl53l1x\vl53l1_api_core.o
                0x08008d70                VL53L1_get_timeouts_us
 .text.VL53L1_get_sequence_config_bit
                0x08008de0       0x2c Drivers\VL53L1\vl53l1x\vl53l1_api_core.o
                0x08008de0                VL53L1_get_sequence_config_bit
 .text.VL53L1_set_user_zone
                0x08008e0c       0x24 Drivers\VL53L1\vl53l1x\vl53l1_api_core.o
                0x08008e0c                VL53L1_set_user_zone
 .text.VL53L1_get_user_zone
                0x08008e30       0x24 Drivers\VL53L1\vl53l1x\vl53l1_api_core.o
                0x08008e30                VL53L1_get_user_zone
 .text.VL53L1_get_preset_mode_timing_cfg
                0x08008e54       0xa8 Drivers\VL53L1\vl53l1x\vl53l1_api_core.o
                0x08008e54                VL53L1_get_preset_mode_timing_cfg
 .text.VL53L1_set_preset_mode
                0x08008efc      0x184 Drivers\VL53L1\vl53l1x\vl53l1_api_core.o
                0x08008efc                VL53L1_set_preset_mode
 .text.VL53L1_get_lite_sigma_threshold
                0x08009080        0xc Drivers\VL53L1\vl53l1x\vl53l1_api_core.o
                0x08009080                VL53L1_get_lite_sigma_threshold
 .text.VL53L1_set_lite_sigma_threshold
                0x0800908c        0x8 Drivers\VL53L1\vl53l1x\vl53l1_api_core.o
                0x0800908c                VL53L1_set_lite_sigma_threshold
 .text.VL53L1_get_lite_min_count_rate
                0x08009094        0xc Drivers\VL53L1\vl53l1x\vl53l1_api_core.o
                0x08009094                VL53L1_get_lite_min_count_rate
 .text.VL53L1_set_lite_min_count_rate
                0x080090a0        0x8 Drivers\VL53L1\vl53l1x\vl53l1_api_core.o
                0x080090a0                VL53L1_set_lite_min_count_rate
 .text.VL53L1_init_and_start_range
                0x080090a8      0x1e4 Drivers\VL53L1\vl53l1x\vl53l1_api_core.o
                0x080090a8                VL53L1_init_and_start_range
 .text.VL53L1_stop_range
                0x0800928c       0x48 Drivers\VL53L1\vl53l1x\vl53l1_api_core.o
                0x0800928c                VL53L1_stop_range
 .text.VL53L1_clear_interrupt_and_enable_next_range
                0x080092d4      0x1d0 Drivers\VL53L1\vl53l1x\vl53l1_api_core.o
                0x080092d4                VL53L1_clear_interrupt_and_enable_next_range
 .text.VL53L1_copy_sys_and_core_results_to_range_results
                0x080094a4      0x100 Drivers\VL53L1\vl53l1x\vl53l1_api_core.o
                0x080094a4                VL53L1_copy_sys_and_core_results_to_range_results
 .text.VL53L1_get_device_results
                0x080095a4      0x13c Drivers\VL53L1\vl53l1x\vl53l1_api_core.o
                0x080095a4                VL53L1_get_device_results
 .text.VL53L1_get_tuning_parm
                0x080096e0      0x2c8 Drivers\VL53L1\vl53l1x\vl53l1_api_core.o
                0x080096e0                VL53L1_get_tuning_parm
 .text.VL53L1_init_refspadchar_config_struct
                0x080099a8       0x28 Drivers\VL53L1\vl53l1x\vl53l1_api_preset_modes.o
                0x080099a8                VL53L1_init_refspadchar_config_struct
 .text.VL53L1_init_ssc_config_struct
                0x080099d0       0x18 Drivers\VL53L1\vl53l1x\vl53l1_api_preset_modes.o
                0x080099d0                VL53L1_init_ssc_config_struct
 .text.VL53L1_init_xtalk_config_struct
                0x080099e8       0x44 Drivers\VL53L1\vl53l1x\vl53l1_api_preset_modes.o
                0x080099e8                VL53L1_init_xtalk_config_struct
 .text.VL53L1_init_offset_cal_config_struct
                0x08009a2c       0x28 Drivers\VL53L1\vl53l1x\vl53l1_api_preset_modes.o
                0x08009a2c                VL53L1_init_offset_cal_config_struct
 .text.VL53L1_init_tuning_parm_storage_struct
                0x08009a54       0xa0 Drivers\VL53L1\vl53l1x\vl53l1_api_preset_modes.o
                0x08009a54                VL53L1_init_tuning_parm_storage_struct
 .text.VL53L1_preset_mode_standard_ranging
                0x08009af4      0x13c Drivers\VL53L1\vl53l1x\vl53l1_api_preset_modes.o
                0x08009af4                VL53L1_preset_mode_standard_ranging
 .text.VL53L1_preset_mode_standard_ranging_short_range
                0x08009c30      0x134 Drivers\VL53L1\vl53l1x\vl53l1_api_preset_modes.o
                0x08009c30                VL53L1_preset_mode_standard_ranging_short_range
 .text.VL53L1_preset_mode_standard_ranging_long_range
                0x08009d64      0x138 Drivers\VL53L1\vl53l1x\vl53l1_api_preset_modes.o
                0x08009d64                VL53L1_preset_mode_standard_ranging_long_range
 .text.VL53L1_preset_mode_standard_ranging_mm1_cal
                0x08009e9c      0x148 Drivers\VL53L1\vl53l1x\vl53l1_api_preset_modes.o
                0x08009e9c                VL53L1_preset_mode_standard_ranging_mm1_cal
 .text.VL53L1_preset_mode_standard_ranging_mm2_cal
                0x08009fe4      0x148 Drivers\VL53L1\vl53l1x\vl53l1_api_preset_modes.o
                0x08009fe4                VL53L1_preset_mode_standard_ranging_mm2_cal
 .text.VL53L1_preset_mode_timed_ranging
                0x0800a12c      0x144 Drivers\VL53L1\vl53l1x\vl53l1_api_preset_modes.o
                0x0800a12c                VL53L1_preset_mode_timed_ranging
 .text.VL53L1_preset_mode_timed_ranging_short_range
                0x0800a270      0x140 Drivers\VL53L1\vl53l1x\vl53l1_api_preset_modes.o
                0x0800a270                VL53L1_preset_mode_timed_ranging_short_range
 .text.VL53L1_preset_mode_timed_ranging_long_range
                0x0800a3b0      0x13c Drivers\VL53L1\vl53l1x\vl53l1_api_preset_modes.o
                0x0800a3b0                VL53L1_preset_mode_timed_ranging_long_range
 .text.VL53L1_preset_mode_low_power_auto_ranging
                0x0800a4ec      0x154 Drivers\VL53L1\vl53l1x\vl53l1_api_preset_modes.o
                0x0800a4ec                VL53L1_preset_mode_low_power_auto_ranging
 .text.VL53L1_preset_mode_low_power_auto_short_ranging
                0x0800a640      0x158 Drivers\VL53L1\vl53l1x\vl53l1_api_preset_modes.o
                0x0800a640                VL53L1_preset_mode_low_power_auto_short_ranging
 .text.VL53L1_preset_mode_low_power_auto_long_ranging
                0x0800a798      0x154 Drivers\VL53L1\vl53l1x\vl53l1_api_preset_modes.o
                0x0800a798                VL53L1_preset_mode_low_power_auto_long_ranging
 .text.VL53L1_preset_mode_singleshot_ranging
                0x0800a8ec      0x13c Drivers\VL53L1\vl53l1x\vl53l1_api_preset_modes.o
                0x0800a8ec                VL53L1_preset_mode_singleshot_ranging
 .text.VL53L1_preset_mode_olt
                0x0800aa28      0x13c Drivers\VL53L1\vl53l1x\vl53l1_api_preset_modes.o
                0x0800aa28                VL53L1_preset_mode_olt
 .text.VL53L1_init_version
                0x0800ab64       0x20 Drivers\VL53L1\vl53l1x\vl53l1_core.o
                0x0800ab64                VL53L1_init_version
 .text.VL53L1_init_ll_driver_state
                0x0800ab84       0x28 Drivers\VL53L1\vl53l1x\vl53l1_core.o
                0x0800ab84                VL53L1_init_ll_driver_state
 .text.VL53L1_update_ll_driver_rd_state
                0x0800abac       0x9c Drivers\VL53L1\vl53l1x\vl53l1_core.o
                0x0800abac                VL53L1_update_ll_driver_rd_state
 .text.VL53L1_check_ll_driver_rd_state
                0x0800ac48       0x5c Drivers\VL53L1\vl53l1x\vl53l1_core.o
                0x0800ac48                VL53L1_check_ll_driver_rd_state
 .text.VL53L1_update_ll_driver_cfg_state
                0x0800aca4       0x6c Drivers\VL53L1\vl53l1x\vl53l1_core.o
                0x0800aca4                VL53L1_update_ll_driver_cfg_state
 .text.VL53L1_copy_rtn_good_spads_to_buffer
                0x0800ad10       0xa4 Drivers\VL53L1\vl53l1x\vl53l1_core.o
                0x0800ad10                VL53L1_copy_rtn_good_spads_to_buffer
 .text.VL53L1_i2c_encode_uint16_t
                0x0800adb4       0x1c Drivers\VL53L1\vl53l1x\vl53l1_core.o
                0x0800adb4                VL53L1_i2c_encode_uint16_t
 .text.VL53L1_i2c_decode_uint16_t
                0x0800add0       0x1c Drivers\VL53L1\vl53l1x\vl53l1_core.o
                0x0800add0                VL53L1_i2c_decode_uint16_t
 .text.VL53L1_i2c_encode_int16_t
                0x0800adec       0x1c Drivers\VL53L1\vl53l1x\vl53l1_core.o
                0x0800adec                VL53L1_i2c_encode_int16_t
 .text.VL53L1_i2c_decode_int16_t
                0x0800ae08       0x24 Drivers\VL53L1\vl53l1x\vl53l1_core.o
                0x0800ae08                VL53L1_i2c_decode_int16_t
 .text.VL53L1_i2c_encode_uint32_t
                0x0800ae2c       0x1c Drivers\VL53L1\vl53l1x\vl53l1_core.o
                0x0800ae2c                VL53L1_i2c_encode_uint32_t
 .text.VL53L1_i2c_decode_uint32_t
                0x0800ae48       0x1c Drivers\VL53L1\vl53l1x\vl53l1_core.o
                0x0800ae48                VL53L1_i2c_decode_uint32_t
 .text.VL53L1_i2c_decode_int32_t
                0x0800ae64       0x20 Drivers\VL53L1\vl53l1x\vl53l1_core.o
                0x0800ae64                VL53L1_i2c_decode_int32_t
 .text.VL53L1_calc_macro_period_us
                0x0800ae84       0x20 Drivers\VL53L1\vl53l1x\vl53l1_core.o
                0x0800ae84                VL53L1_calc_macro_period_us
 .text.VL53L1_calc_range_ignore_threshold
                0x0800aea4       0x5c Drivers\VL53L1\vl53l1x\vl53l1_core.o
                0x0800aea4                VL53L1_calc_range_ignore_threshold
 .text.VL53L1_calc_timeout_us
                0x0800af00       0x14 Drivers\VL53L1\vl53l1x\vl53l1_core.o
                0x0800af00                VL53L1_calc_timeout_us
 .text.VL53L1_calc_decoded_timeout_us
                0x0800af14       0x1c Drivers\VL53L1\vl53l1x\vl53l1_core.o
                0x0800af14                VL53L1_calc_decoded_timeout_us
 .text.VL53L1_calc_timeout_register_values
                0x0800af30      0x168 Drivers\VL53L1\vl53l1x\vl53l1_core.o
                0x0800af30                VL53L1_calc_timeout_register_values
 .text.VL53L1_encode_row_col
                0x0800b098       0x18 Drivers\VL53L1\vl53l1x\vl53l1_core.o
                0x0800b098                VL53L1_encode_row_col
 .text.VL53L1_decode_zone_size
                0x0800b0b0        0xc Drivers\VL53L1\vl53l1x\vl53l1_core.o
                0x0800b0b0                VL53L1_decode_zone_size
 .text.VL53L1_encode_zone_size
                0x0800b0bc        0x8 Drivers\VL53L1\vl53l1x\vl53l1_core.o
                0x0800b0bc                VL53L1_encode_zone_size
 .text.VL53L1_low_power_auto_data_init
                0x0800b0c4       0x2c Drivers\VL53L1\vl53l1x\vl53l1_core.o
                0x0800b0c4                VL53L1_low_power_auto_data_init
 .text.VL53L1_low_power_auto_data_stop_range
                0x0800b0f0       0x34 Drivers\VL53L1\vl53l1x\vl53l1_core.o
                0x0800b0f0                VL53L1_low_power_auto_data_stop_range
 .text.VL53L1_config_low_power_auto_mode
                0x0800b124       0x20 Drivers\VL53L1\vl53l1x\vl53l1_core.o
                0x0800b124                VL53L1_config_low_power_auto_mode
 .text.VL53L1_low_power_auto_setup_manual_calibration
                0x0800b144       0x44 Drivers\VL53L1\vl53l1x\vl53l1_core.o
                0x0800b144                VL53L1_low_power_auto_setup_manual_calibration
 .text.VL53L1_low_power_auto_update_DSS
                0x0800b188       0x6c Drivers\VL53L1\vl53l1x\vl53l1_core.o
                0x0800b188                VL53L1_low_power_auto_update_DSS
 .text.VL53L1_calc_pll_period_us
                0x0800b1f4        0xc Drivers\VL53L1\vl53l1x\vl53l1_core_support.o
                0x0800b1f4                VL53L1_calc_pll_period_us
 .text.VL53L1_decode_vcsel_period
                0x0800b200        0xc Drivers\VL53L1\vl53l1x\vl53l1_core_support.o
                0x0800b200                VL53L1_decode_vcsel_period
 .text.VL53L1_decode_row_col
                0x0800b20c       0x28 Drivers\VL53L1\vl53l1x\vl53l1_core_support.o
                0x0800b20c                VL53L1_decode_row_col
 .text.VL53L1_i2c_encode_static_nvm_managed
                0x0800b234       0x5c Drivers\VL53L1\vl53l1x\vl53l1_register_funcs.o
                0x0800b234                VL53L1_i2c_encode_static_nvm_managed
 .text.VL53L1_get_static_nvm_managed
                0x0800b290       0x74 Drivers\VL53L1\vl53l1x\vl53l1_register_funcs.o
                0x0800b290                VL53L1_get_static_nvm_managed
 .text.VL53L1_i2c_encode_customer_nvm_managed
                0x0800b304       0xa4 Drivers\VL53L1\vl53l1x\vl53l1_register_funcs.o
                0x0800b304                VL53L1_i2c_encode_customer_nvm_managed
 .text.VL53L1_get_customer_nvm_managed
                0x0800b3a8       0xb8 Drivers\VL53L1\vl53l1x\vl53l1_register_funcs.o
                0x0800b3a8                VL53L1_get_customer_nvm_managed
 .text.VL53L1_i2c_encode_static_config
                0x0800b460       0xdc Drivers\VL53L1\vl53l1x\vl53l1_register_funcs.o
                0x0800b460                VL53L1_i2c_encode_static_config
 .text.VL53L1_i2c_encode_general_config
                0x0800b53c       0x8c Drivers\VL53L1\vl53l1x\vl53l1_register_funcs.o
                0x0800b53c                VL53L1_i2c_encode_general_config
 .text.VL53L1_i2c_encode_timing_config
                0x0800b5c8       0x88 Drivers\VL53L1\vl53l1x\vl53l1_register_funcs.o
                0x0800b5c8                VL53L1_i2c_encode_timing_config
 .text.VL53L1_i2c_encode_dynamic_config
                0x0800b650       0x84 Drivers\VL53L1\vl53l1x\vl53l1_register_funcs.o
                0x0800b650                VL53L1_i2c_encode_dynamic_config
 .text.VL53L1_i2c_encode_system_control
                0x0800b6d4       0x34 Drivers\VL53L1\vl53l1x\vl53l1_register_funcs.o
                0x0800b6d4                VL53L1_i2c_encode_system_control
 .text.VL53L1_set_system_control
                0x0800b708       0x40 Drivers\VL53L1\vl53l1x\vl53l1_register_funcs.o
                0x0800b708                VL53L1_set_system_control
 .text.VL53L1_i2c_decode_system_results
                0x0800b748      0x120 Drivers\VL53L1\vl53l1x\vl53l1_register_funcs.o
                0x0800b748                VL53L1_i2c_decode_system_results
 .text.VL53L1_i2c_decode_core_results
                0x0800b868       0x78 Drivers\VL53L1\vl53l1x\vl53l1_register_funcs.o
                0x0800b868                VL53L1_i2c_decode_core_results
 .text.VL53L1_i2c_decode_debug_results
                0x0800b8e0      0x1b4 Drivers\VL53L1\vl53l1x\vl53l1_register_funcs.o
                0x0800b8e0                VL53L1_i2c_decode_debug_results
 .text.VL53L1_get_nvm_copy_data
                0x0800ba94       0xfc Drivers\VL53L1\vl53l1x\vl53l1_register_funcs.o
                0x0800ba94                VL53L1_get_nvm_copy_data
 .text.VL53L1_poll_for_boot_completion
                0x0800bb90       0x40 Drivers\VL53L1\vl53l1x\vl53l1_wait.o
                0x0800bb90                VL53L1_poll_for_boot_completion
 .text.osKernelStart
                0x0800bbd0        0xc Middlewares\Third_Party\FreeRTOS\Source\CMSIS_RTOS\cmsis_os.o
                0x0800bbd0                osKernelStart
 .text.osThreadCreate
                0x0800bbdc       0x30 Middlewares\Third_Party\FreeRTOS\Source\CMSIS_RTOS\cmsis_os.o
                0x0800bbdc                osThreadCreate
 .text.osDelay  0x0800bc0c       0x10 Middlewares\Third_Party\FreeRTOS\Source\CMSIS_RTOS\cmsis_os.o
                0x0800bc0c                osDelay
 .text.osTimerCreate
                0x0800bc1c       0x28 Middlewares\Third_Party\FreeRTOS\Source\CMSIS_RTOS\cmsis_os.o
                0x0800bc1c                osTimerCreate
 .text.osTimerStart
                0x0800bc44       0x5c Middlewares\Third_Party\FreeRTOS\Source\CMSIS_RTOS\cmsis_os.o
                0x0800bc44                osTimerStart
 .text.osTimerStop
                0x0800bca0       0x58 Middlewares\Third_Party\FreeRTOS\Source\CMSIS_RTOS\cmsis_os.o
                0x0800bca0                osTimerStop
 .text.osMutexCreate
                0x0800bcf8        0x8 Middlewares\Third_Party\FreeRTOS\Source\CMSIS_RTOS\cmsis_os.o
                0x0800bcf8                osMutexCreate
 .text.osMutexWait
                0x0800bd00       0x50 Middlewares\Third_Party\FreeRTOS\Source\CMSIS_RTOS\cmsis_os.o
                0x0800bd00                osMutexWait
 .text.osSemaphoreCreate
                0x0800bd50       0x28 Middlewares\Third_Party\FreeRTOS\Source\CMSIS_RTOS\cmsis_os.o
                0x0800bd50                osSemaphoreCreate
 .text.osSemaphoreWait
                0x0800bd78       0x50 Middlewares\Third_Party\FreeRTOS\Source\CMSIS_RTOS\cmsis_os.o
                0x0800bd78                osSemaphoreWait
 .text.osSemaphoreRelease
                0x0800bdc8       0x50 Middlewares\Third_Party\FreeRTOS\Source\CMSIS_RTOS\cmsis_os.o
                0x0800bdc8                osSemaphoreRelease
 .text.vListInitialise
                0x0800be18       0x18 Middlewares\Third_Party\FreeRTOS\Source\list.o
                0x0800be18                vListInitialise
 .text.vListInitialiseItem
                0x0800be30        0x8 Middlewares\Third_Party\FreeRTOS\Source\list.o
                0x0800be30                vListInitialiseItem
 .text.vListInsertEnd
                0x0800be38       0x20 Middlewares\Third_Party\FreeRTOS\Source\list.o
                0x0800be38                vListInsertEnd
 .text.vListInsert
                0x0800be58       0x34 Middlewares\Third_Party\FreeRTOS\Source\list.o
                0x0800be58                vListInsert
 .text.uxListRemove
                0x0800be8c       0x28 Middlewares\Third_Party\FreeRTOS\Source\list.o
                0x0800be8c                uxListRemove
 .text.prvTaskExitError
                0x0800beb4       0x40 Middlewares\Third_Party\FreeRTOS\Source\portable\GCC\ARM_CM4F\port.o
 .text.unlikely.prvPortStartFirstTask
                0x0800bef4       0x28 Middlewares\Third_Party\FreeRTOS\Source\portable\GCC\ARM_CM4F\port.o
 .text.unlikely.vPortEnableVFP
                0x0800bf1c       0x14 Middlewares\Third_Party\FreeRTOS\Source\portable\GCC\ARM_CM4F\port.o
 .text.pxPortInitialiseStack
                0x0800bf30       0x2c Middlewares\Third_Party\FreeRTOS\Source\portable\GCC\ARM_CM4F\port.o
                0x0800bf30                pxPortInitialiseStack
 *fill*         0x0800bf5c        0x4 
 .text.SVC_Handler
                0x0800bf60       0x24 Middlewares\Third_Party\FreeRTOS\Source\portable\GCC\ARM_CM4F\port.o
                0x0800bf60                SVC_Handler
 .text.vPortEnterCritical
                0x0800bf84       0x44 Middlewares\Third_Party\FreeRTOS\Source\portable\GCC\ARM_CM4F\port.o
                0x0800bf84                vPortEnterCritical
 .text.vPortExitCritical
                0x0800bfc8       0x28 Middlewares\Third_Party\FreeRTOS\Source\portable\GCC\ARM_CM4F\port.o
                0x0800bfc8                vPortExitCritical
 .text.PendSV_Handler
                0x0800bff0       0x64 Middlewares\Third_Party\FreeRTOS\Source\portable\GCC\ARM_CM4F\port.o
                0x0800bff0                PendSV_Handler
 .text.SysTick_Handler
                0x0800c054       0x2c Middlewares\Third_Party\FreeRTOS\Source\portable\GCC\ARM_CM4F\port.o
                0x0800c054                SysTick_Handler
 .text.vPortSetupTimerInterrupt
                0x0800c080       0x3c Middlewares\Third_Party\FreeRTOS\Source\portable\GCC\ARM_CM4F\port.o
                0x0800c080                vPortSetupTimerInterrupt
 .text.xPortStartScheduler
                0x0800c0bc      0x110 Middlewares\Third_Party\FreeRTOS\Source\portable\GCC\ARM_CM4F\port.o
                0x0800c0bc                xPortStartScheduler
 .text.vPortValidateInterruptPriority
                0x0800c1cc       0x5c Middlewares\Third_Party\FreeRTOS\Source\portable\GCC\ARM_CM4F\port.o
                0x0800c1cc                vPortValidateInterruptPriority
 .text.unlikely.prvInsertBlockIntoFreeList
                0x0800c228       0x50 Middlewares\Third_Party\FreeRTOS\Source\portable\MemMang\heap_4.o
 .text.pvPortMalloc
                0x0800c278      0x120 Middlewares\Third_Party\FreeRTOS\Source\portable\MemMang\heap_4.o
                0x0800c278                pvPortMalloc
 .text.vPortFree
                0x0800c398       0x70 Middlewares\Third_Party\FreeRTOS\Source\portable\MemMang\heap_4.o
                0x0800c398                vPortFree
 .text.unlikely.prvCopyDataToQueue
                0x0800c408       0x6c Middlewares\Third_Party\FreeRTOS\Source\queue.o
 .text.unlikely.prvCopyDataFromQueue
                0x0800c474       0x26 Middlewares\Third_Party\FreeRTOS\Source\queue.o
 *fill*         0x0800c49a        0x2 
 .text.prvUnlockQueue
                0x0800c49c       0x94 Middlewares\Third_Party\FreeRTOS\Source\queue.o
 .text.xQueueGenericCreate
                0x0800c530       0x78 Middlewares\Third_Party\FreeRTOS\Source\queue.o
                0x0800c530                xQueueGenericCreate
 .text.xQueueCreateMutex
                0x0800c5a8      0x29c Middlewares\Third_Party\FreeRTOS\Source\queue.o
                0x0800c5a8                xQueueCreateMutex
 .text.xQueueCreateCountingSemaphore
                0x0800c844       0x3c Middlewares\Third_Party\FreeRTOS\Source\queue.o
                0x0800c844                xQueueCreateCountingSemaphore
 .text.xQueueGenericSend
                0x0800c880      0x2ac Middlewares\Third_Party\FreeRTOS\Source\queue.o
                0x0800c880                xQueueGenericSend
 .text.xQueueGenericSendFromISR
                0x0800cb2c       0xc8 Middlewares\Third_Party\FreeRTOS\Source\queue.o
                0x0800cb2c                xQueueGenericSendFromISR
 .text.xQueueGiveFromISR
                0x0800cbf4       0xac Middlewares\Third_Party\FreeRTOS\Source\queue.o
                0x0800cbf4                xQueueGiveFromISR
 .text.xQueueReceive
                0x0800cca0      0x30c Middlewares\Third_Party\FreeRTOS\Source\queue.o
                0x0800cca0                xQueueReceive
 .text.xQueueSemaphoreTake
                0x0800cfac      0x2b8 Middlewares\Third_Party\FreeRTOS\Source\queue.o
                0x0800cfac                xQueueSemaphoreTake
 .text.xQueueReceiveFromISR
                0x0800d264       0xa0 Middlewares\Third_Party\FreeRTOS\Source\queue.o
                0x0800d264                xQueueReceiveFromISR
 .text.vQueueAddToRegistry
                0x0800d304       0x54 Middlewares\Third_Party\FreeRTOS\Source\queue.o
                0x0800d304                vQueueAddToRegistry
 .text.vQueueWaitForMessageRestricted
                0x0800d358       0xcc Middlewares\Third_Party\FreeRTOS\Source\queue.o
                0x0800d358                vQueueWaitForMessageRestricted
 .text.prvIdleTask
                0x0800d424       0x70 Middlewares\Third_Party\FreeRTOS\Source\tasks.o
 .text.prvAddCurrentTaskToDelayedList
                0x0800d494       0x8c Middlewares\Third_Party\FreeRTOS\Source\tasks.o
 .text.xTaskCreate
                0x0800d520      0x1e0 Middlewares\Third_Party\FreeRTOS\Source\tasks.o
                0x0800d520                xTaskCreate
 .text.vTaskStartScheduler
                0x0800d700       0x80 Middlewares\Third_Party\FreeRTOS\Source\tasks.o
                0x0800d700                vTaskStartScheduler
 .text.vTaskSuspendAll
                0x0800d780       0x10 Middlewares\Third_Party\FreeRTOS\Source\tasks.o
                0x0800d780                vTaskSuspendAll
 .text.xTaskGetTickCount
                0x0800d790        0xc Middlewares\Third_Party\FreeRTOS\Source\tasks.o
                0x0800d790                xTaskGetTickCount
 .text.xTaskIncrementTick
                0x0800d79c      0x15c Middlewares\Third_Party\FreeRTOS\Source\tasks.o
                0x0800d79c                xTaskIncrementTick
 .text.xTaskResumeAll
                0x0800d8f8      0x118 Middlewares\Third_Party\FreeRTOS\Source\tasks.o
                0x0800d8f8                xTaskResumeAll
 .text.vTaskDelay
                0x0800da10       0x4c Middlewares\Third_Party\FreeRTOS\Source\tasks.o
                0x0800da10                vTaskDelay
 .text.vTaskSwitchContext
                0x0800da5c       0x70 Middlewares\Third_Party\FreeRTOS\Source\tasks.o
                0x0800da5c                vTaskSwitchContext
 .text.vTaskPlaceOnEventList
                0x0800dacc       0xa4 Middlewares\Third_Party\FreeRTOS\Source\tasks.o
                0x0800dacc                vTaskPlaceOnEventList
 .text.vTaskPlaceOnEventListRestricted
                0x0800db70       0xc0 Middlewares\Third_Party\FreeRTOS\Source\tasks.o
                0x0800db70                vTaskPlaceOnEventListRestricted
 .text.xTaskRemoveFromEventList
                0x0800dc30       0x88 Middlewares\Third_Party\FreeRTOS\Source\tasks.o
                0x0800dc30                xTaskRemoveFromEventList
 .text.vTaskInternalSetTimeOutState
                0x0800dcb8       0x18 Middlewares\Third_Party\FreeRTOS\Source\tasks.o
                0x0800dcb8                vTaskInternalSetTimeOutState
 .text.xTaskCheckForTimeOut
                0x0800dcd0       0x98 Middlewares\Third_Party\FreeRTOS\Source\tasks.o
                0x0800dcd0                xTaskCheckForTimeOut
 .text.vTaskMissedYield
                0x0800dd68        0xc Middlewares\Third_Party\FreeRTOS\Source\tasks.o
                0x0800dd68                vTaskMissedYield
 .text.xTaskGetSchedulerState
                0x0800dd74       0x20 Middlewares\Third_Party\FreeRTOS\Source\tasks.o
                0x0800dd74                xTaskGetSchedulerState
 .text.xTaskPriorityInherit
                0x0800dd94       0xb0 Middlewares\Third_Party\FreeRTOS\Source\tasks.o
                0x0800dd94                xTaskPriorityInherit
 .text.xTaskPriorityDisinherit
                0x0800de44       0xb4 Middlewares\Third_Party\FreeRTOS\Source\tasks.o
                0x0800de44                xTaskPriorityDisinherit
 .text.vTaskPriorityDisinheritAfterTimeout
                0x0800def8       0xc4 Middlewares\Third_Party\FreeRTOS\Source\tasks.o
                0x0800def8                vTaskPriorityDisinheritAfterTimeout
 .text.pvTaskIncrementMutexHeldCount
                0x0800dfbc       0x18 Middlewares\Third_Party\FreeRTOS\Source\tasks.o
                0x0800dfbc                pvTaskIncrementMutexHeldCount
 .text.prvSwitchTimerLists
                0x0800dfd4       0x9c Middlewares\Third_Party\FreeRTOS\Source\timers.o
 .text.xTimerCreateTimerTask
                0x0800e070       0x98 Middlewares\Third_Party\FreeRTOS\Source\timers.o
                0x0800e070                xTimerCreateTimerTask
 .text.xTimerCreate
                0x0800e108       0xb0 Middlewares\Third_Party\FreeRTOS\Source\timers.o
                0x0800e108                xTimerCreate
 .text.xTimerGenericCommand
                0x0800e1b8       0x68 Middlewares\Third_Party\FreeRTOS\Source\timers.o
                0x0800e1b8                xTimerGenericCommand
 .text.prvTimerTask
                0x0800e220      0x238 Middlewares\Third_Party\FreeRTOS\Source\timers.o
 .text.accGiveSemaphore
                0x0800e458        0xc Src\MMA8451.o
                0x0800e458                accGiveSemaphore
 .text.MMA8451_begin
                0x0800e464      0x16c Src\MMA8451.o
                0x0800e464                MMA8451_begin
 .text.MMA8451_setRange
                0x0800e5d0       0xa8 Src\MMA8451.o
                0x0800e5d0                MMA8451_setRange
 .text.accelerometerThread
                0x0800e678      0x1ac Src\MMA8451.o
                0x0800e678                accelerometerThread
 .text.MX_ADC1_Init
                0x0800e824       0x80 Src\adc.o
                0x0800e824                MX_ADC1_Init
 .text.HAL_ADC_MspInit
                0x0800e8a4       0x64 Src\adc.o
                0x0800e8a4                HAL_ADC_MspInit
 .text.Setup_Cap_Touch
                0x0800e908       0x94 Src\cap_touch.o
                0x0800e908                Setup_Cap_Touch
 .text.capGiveSemaphore
                0x0800e99c        0xc Src\cap_touch.o
                0x0800e99c                capGiveSemaphore
 .text.Sample_Cap_Touch
                0x0800e9a8      0x424 Src\cap_touch.o
                0x0800e9a8                Sample_Cap_Touch
 .text.MX_COMP1_Init
                0x0800edcc       0x44 Src\comp.o
                0x0800edcc                MX_COMP1_Init
 .text.HAL_COMP_MspInit
                0x0800ee10       0x60 Src\comp.o
                0x0800ee10                HAL_COMP_MspInit
 .text.MX_DAC1_Init
                0x0800ee70       0x64 Src\dac.o
                0x0800ee70                MX_DAC1_Init
 .text.HAL_DAC_MspInit
                0x0800eed4       0xb8 Src\dac.o
                0x0800eed4                HAL_DAC_MspInit
 .text.MX_DMA_Init
                0x0800ef8c       0x44 Src\dma.o
                0x0800ef8c                MX_DMA_Init
 .text.applyCustomFilter
                0x0800efd0       0xfc Src\filter.o
                0x0800efd0                applyCustomFilter
 .text.resetFilterHistory
                0x0800f0cc       0x2c Src\filter.o
                0x0800f0cc                resetFilterHistory
 .text.setCutoffFreq
                0x0800f0f8      0x200 Src\filter.o
                0x0800f0f8                setCutoffFreq
 .text.changeQ  0x0800f2f8      0x194 Src\filter.o
                0x0800f2f8                changeQ
 .text.StartDefaultTask
                0x0800f48c      0x23c Src\freertos.o
                0x0800f48c                StartDefaultTask
 .text.MX_FREERTOS_Init
                0x0800f6c8       0x28 Src\freertos.o
                0x0800f6c8                MX_FREERTOS_Init
 .text.MX_GPIO_Init
                0x0800f6f0      0x214 Src\gpio.o
                0x0800f6f0                MX_GPIO_Init
 .text.HALL_Handler
                0x0800f904       0xa4 Src\hall_effect.o
                0x0800f904                HALL_Handler
 .text.MX_I2C1_Init
                0x0800f9a8       0x5c Src\i2c.o
                0x0800f9a8                MX_I2C1_Init
 .text.MX_I2C2_Init
                0x0800fa04       0x5c Src\i2c.o
                0x0800fa04                MX_I2C2_Init
 .text.MX_I2C3_Init
                0x0800fa60       0x5c Src\i2c.o
                0x0800fa60                MX_I2C3_Init
 .text.HAL_I2C_MspInit
                0x0800fabc      0x144 Src\i2c.o
                0x0800fabc                HAL_I2C_MspInit
 .text.runPOV_step
                0x0800fc00      0x5cc Src\led_cntrl.o
                0x0800fc00                runPOV_step
 .text.POV_Update
                0x080101cc      0x10c Src\led_cntrl.o
                0x080101cc                POV_Update
 .text.run_message
                0x080102d8      0x160 Src\led_cntrl.o
                0x080102d8                run_message
 .text.POV_handler
                0x08010438       0xa0 Src\led_cntrl.o
                0x08010438                POV_handler
 .text.transmitToBuffer
                0x080104d8        0xc Src\led_cntrl.o
                0x080104d8                transmitToBuffer
 .text.POV_LEDs
                0x080104e4      0x114 Src\led_cntrl.o
                0x080104e4                POV_LEDs
 .text.Flush_LEDS
                0x080105f8       0x20 Src\led_cntrl.o
                0x080105f8                Flush_LEDS
 .text.bufferTransmitThread
                0x08010618       0x4c Src\led_cntrl.o
                0x08010618                bufferTransmitThread
 .text.Set_LED  0x08010664       0x30 Src\led_cntrl.o
                0x08010664                Set_LED
 .text.Set_LED_Setting
                0x08010694       0x20 Src\led_cntrl.o
                0x08010694                Set_LED_Setting
 .text.LED_State
                0x080106b4       0x14 Src\led_cntrl.o
                0x080106b4                LED_State
 .text.activateLidar
                0x080106c8       0x10 Src\lidar.o
                0x080106c8                activateLidar
 .text.get_lidar_POV_map
                0x080106d8        0xc Src\lidar.o
                0x080106d8                get_lidar_POV_map
 *fill*         0x080106e4        0x4 
 .text.LidarMeasurement
                0x080106e8      0x1e8 Src\lidar.o
                0x080106e8                LidarMeasurement
 .text.lidarStop
                0x080108d0       0x18 Src\lidar.o
                0x080108d0                lidarStop
 .text.lidarStart
                0x080108e8       0x24 Src\lidar.o
                0x080108e8                lidarStart
 .text.SystemClock_Config
                0x0801090c       0xd0 Src\main.o
                0x0801090c                SystemClock_Config
 .text.startup.main
                0x080109dc       0xec Src\main.o
                0x080109dc                main
 .text.HAL_COMP_TriggerCallback
                0x08010ac8        0x4 Src\main.o
                0x08010ac8                HAL_COMP_TriggerCallback
 .text.HAL_GPIO_EXTI_Callback
                0x08010acc       0x40 Src\main.o
                0x08010acc                HAL_GPIO_EXTI_Callback
 .text.HAL_TIM_PeriodElapsedCallback
                0x08010b0c       0x2c Src\main.o
                0x08010b0c                HAL_TIM_PeriodElapsedCallback
 .text.Error_Handler
                0x08010b38        0x4 Src\main.o
                0x08010b38                Error_Handler
 .text.getBitCrush
                0x08010b3c        0xc Src\res_touch.o
                0x08010b3c                getBitCrush
 .text.buttonStateMachine
                0x08010b48       0xa8 Src\res_touch.o
                0x08010b48                buttonStateMachine
 .text.ResistiveTouchSampler
                0x08010bf0      0x550 Src\res_touch.o
                0x08010bf0                ResistiveTouchSampler
 .text.disable_buttons
                0x08011140       0x64 Src\res_touch.o
                0x08011140                disable_buttons
 .text.enable_buttons
                0x080111a4       0x38 Src\res_touch.o
                0x080111a4                enable_buttons
 .text.isButtonEnabled
                0x080111dc        0xc Src\res_touch.o
                0x080111dc                isButtonEnabled
 .text.MX_RTC_Init
                0x080111e8       0x38 Src\rtc.o
                0x080111e8                MX_RTC_Init
 .text.HAL_RTC_MspInit
                0x08011220       0x24 Src\rtc.o
                0x08011220                HAL_RTC_MspInit
 .text.MX_SDMMC1_SD_Init
                0x08011244       0x34 Src\sdmmc.o
                0x08011244                MX_SDMMC1_SD_Init
 .text.HAL_SD_MspInit
                0x08011278       0x9c Src\sdmmc.o
                0x08011278                HAL_SD_MspInit
 .text.MX_SPI2_Init
                0x08011314       0x54 Src\spi.o
                0x08011314                MX_SPI2_Init
 .text.HAL_SPI_MspInit
                0x08011368       0xa4 Src\spi.o
                0x08011368                HAL_SPI_MspInit
 .text.HAL_MspInit
                0x0801140c       0x40 Src\stm32l4xx_hal_msp.o
                0x0801140c                HAL_MspInit
 .text.HAL_InitTick
                0x0801144c       0x78 Src\stm32l4xx_hal_timebase_tim.o
                0x0801144c                HAL_InitTick
 .text.NMI_Handler
                0x080114c4        0x4 Src\stm32l4xx_it.o
                0x080114c4                NMI_Handler
 .text.HardFault_Handler
                0x080114c8        0x4 Src\stm32l4xx_it.o
                0x080114c8                HardFault_Handler
 .text.MemManage_Handler
                0x080114cc        0x4 Src\stm32l4xx_it.o
                0x080114cc                MemManage_Handler
 .text.BusFault_Handler
                0x080114d0        0x4 Src\stm32l4xx_it.o
                0x080114d0                BusFault_Handler
 .text.UsageFault_Handler
                0x080114d4        0x4 Src\stm32l4xx_it.o
                0x080114d4                UsageFault_Handler
 .text.DebugMon_Handler
                0x080114d8        0x4 Src\stm32l4xx_it.o
                0x080114d8                DebugMon_Handler
 .text.DMA1_Channel1_IRQHandler
                0x080114dc        0xc Src\stm32l4xx_it.o
                0x080114dc                DMA1_Channel1_IRQHandler
 .text.EXTI9_5_IRQHandler
                0x080114e8       0x14 Src\stm32l4xx_it.o
                0x080114e8                EXTI9_5_IRQHandler
 .text.TIM2_IRQHandler
                0x080114fc        0xc Src\stm32l4xx_it.o
                0x080114fc                TIM2_IRQHandler
 .text.TIM3_IRQHandler
                0x08011508        0xc Src\stm32l4xx_it.o
                0x08011508                TIM3_IRQHandler
 .text.TIM4_IRQHandler
                0x08011514        0xc Src\stm32l4xx_it.o
                0x08011514                TIM4_IRQHandler
 .text.I2C1_EV_IRQHandler
                0x08011520        0xc Src\stm32l4xx_it.o
                0x08011520                I2C1_EV_IRQHandler
 .text.I2C2_EV_IRQHandler
                0x0801152c        0xc Src\stm32l4xx_it.o
                0x0801152c                I2C2_EV_IRQHandler
 .text.SPI2_IRQHandler
                0x08011538        0xc Src\stm32l4xx_it.o
                0x08011538                SPI2_IRQHandler
 .text.USART1_IRQHandler
                0x08011544        0xc Src\stm32l4xx_it.o
                0x08011544                USART1_IRQHandler
 .text.USART3_IRQHandler
                0x08011550        0xc Src\stm32l4xx_it.o
                0x08011550                USART3_IRQHandler
 .text.TIM6_DAC_IRQHandler
                0x0801155c       0x1c Src\stm32l4xx_it.o
                0x0801155c                TIM6_DAC_IRQHandler
 .text.COMP_IRQHandler
                0x08011578        0xc Src\stm32l4xx_it.o
                0x08011578                COMP_IRQHandler
 .text.I2C3_EV_IRQHandler
                0x08011584        0xc Src\stm32l4xx_it.o
                0x08011584                I2C3_EV_IRQHandler
 .text.SystemInit
                0x08011590       0x50 Src\system_stm32l4xx.o
                0x08011590                SystemInit
 .text.MX_TIM1_Init
                0x080115e0      0x144 Src\tim.o
                0x080115e0                MX_TIM1_Init
 .text.MX_TIM3_Init
                0x08011724       0x70 Src\tim.o
                0x08011724                MX_TIM3_Init
 .text.MX_TIM4_Init
                0x08011794       0x70 Src\tim.o
                0x08011794                MX_TIM4_Init
 .text.MX_TIM6_Init
                0x08011804       0x50 Src\tim.o
                0x08011804                MX_TIM6_Init
 .text.MX_TIM7_Init
                0x08011854       0x4c Src\tim.o
                0x08011854                MX_TIM7_Init
 .text.MX_TIM16_Init
                0x080118a0       0x34 Src\tim.o
                0x080118a0                MX_TIM16_Init
 .text.MX_TIM17_Init
                0x080118d4       0x34 Src\tim.o
                0x080118d4                MX_TIM17_Init
 .text.HAL_TIM_Base_MspInit
                0x08011908      0x128 Src\tim.o
                0x08011908                HAL_TIM_Base_MspInit
 .text.MX_USART1_UART_Init
                0x08011a30       0x6c Src\usart.o
                0x08011a30                MX_USART1_UART_Init
 .text.MX_USART3_UART_Init
                0x08011a9c       0x6c Src\usart.o
                0x08011a9c                MX_USART3_UART_Init
 .text.HAL_UART_MspInit
                0x08011b08       0xd8 Src\usart.o
                0x08011b08                HAL_UART_MspInit
 .text.VL53L1_WriteMulti
                0x08011be0       0x50 Src\vl53l1_platform.o
                0x08011be0                VL53L1_WriteMulti
 .text.VL53L1_ReadMulti
                0x08011c30       0x64 Src\vl53l1_platform.o
                0x08011c30                VL53L1_ReadMulti
 .text.VL53L1_RdWord
                0x08011c94       0x68 Src\vl53l1_platform.o
                0x08011c94                VL53L1_RdWord
 .text.VL53L1_WaitUs
                0x08011cfc       0x1c Src\vl53l1_platform.o
                0x08011cfc                VL53L1_WaitUs
 .text.VL53L1_WaitValueMaskEx
                0x08011d18       0xec Src\vl53l1_platform.o
                0x08011d18                VL53L1_WaitValueMaskEx
 .text.setWavetableAmplitude
                0x08011e04       0x24 Src\wave_synth.o
                0x08011e04                setWavetableAmplitude
 .text.activateLowpassFilter
                0x08011e28       0x10 Src\wave_synth.o
                0x08011e28                activateLowpassFilter
 .text.isLidarModeActive
                0x08011e38       0x10 Src\wave_synth.o
                0x08011e38                isLidarModeActive
 .text.isCapModeActive
                0x08011e48       0x10 Src\wave_synth.o
                0x08011e48                isCapModeActive
 .text.turnSoundOff
                0x08011e58        0xc Src\wave_synth.o
                0x08011e58                turnSoundOff
 .text.turnSoundOn
                0x08011e64        0xc Src\wave_synth.o
                0x08011e64                turnSoundOn
 .text.turnOnLidarSounds
                0x08011e70       0x2c Src\wave_synth.o
                0x08011e70                turnOnLidarSounds
 .text.turnOnCapSounds
                0x08011e9c       0x40 Src\wave_synth.o
                0x08011e9c                turnOnCapSounds
 .text.turnOffSounds
                0x08011edc       0x20 Src\wave_synth.o
                0x08011edc                turnOffSounds
 *fill*         0x08011efc        0x4 
 .text.calcLidarFreq
                0x08011f00       0xd4 Src\wave_synth.o
                0x08011f00                calcLidarFreq
 .text.HAL_DAC_ConvCpltCallbackCh1
                0x08011fd4        0xc Src\wave_synth.o
                0x08011fd4                HAL_DAC_ConvCpltCallbackCh1
 .text.releaseHandler
                0x08011fe0      0x174 Src\wave_synth.o
                0x08011fe0                releaseHandler
 *fill*         0x08012154        0x4 
 .text.addTableToBuffer
                0x08012158      0x2b8 Src\wave_synth.o
                0x08012158                addTableToBuffer
 .text.fillBuffer.part.2
                0x08012410      0x3e4 Src\wave_synth.o
 *fill*         0x080127f4        0x4 
 .text.switchOctave
                0x080127f8      0x934 Src\wave_synth.o
                0x080127f8                switchOctave
 .text.setTable
                0x0801312c       0xac Src\wave_synth.o
                0x0801312c                setTable
 .text.prepBuffer
                0x080131d8      0xb00 Src\wave_synth.o
                0x080131d8                prepBuffer
 .text.incrementOctave
                0x08013cd8      0x93c Src\wave_synth.o
                0x08013cd8                incrementOctave
 *fill*         0x08014614        0x4 
 .text.decrementOctave
                0x08014618      0x93c Src\wave_synth.o
                0x08014618                decrementOctave
 .text.setPostWave
                0x08014f54        0xc Src\wave_synth.o
                0x08014f54                setPostWave
 .text.nullTracker
                0x08014f60      0x154 Src\wave_synth.o
                0x08014f60                nullTracker
 .text.resetFrequencyInd
                0x080150b4       0xa8 Src\wave_synth.o
                0x080150b4                resetFrequencyInd
 .text.startRecording
                0x0801515c       0x34 Src\wave_synth.o
                0x0801515c                startRecording
 .text.stopRecording
                0x08015190        0xc Src\wave_synth.o
                0x08015190                stopRecording
 .text.stopPlayback
                0x0801519c       0xac Src\wave_synth.o
                0x0801519c                stopPlayback
 .text.startPlayback
                0x08015248        0xc Src\wave_synth.o
                0x08015248                startPlayback
 .text.Reset_Handler
                0x08015254       0x50 startup\startup_stm32l4r7xx.o
                0x08015254                Reset_Handler
 .text.Default_Handler
                0x080152a4        0x2 startup\startup_stm32l4r7xx.o
                0x080152a4                RTC_Alarm_IRQHandler
                0x080152a4                EXTI2_IRQHandler
                0x080152a4                TIM8_TRG_COM_IRQHandler
                0x080152a4                TIM8_CC_IRQHandler
                0x080152a4                TIM1_CC_IRQHandler
                0x080152a4                TSC_IRQHandler
                0x080152a4                TAMP_STAMP_IRQHandler
                0x080152a4                EXTI3_IRQHandler
                0x080152a4                LPTIM2_IRQHandler
                0x080152a4                DFSDM1_FLT1_IRQHandler
                0x080152a4                GFXMMU_IRQHandler
                0x080152a4                I2C3_ER_IRQHandler
                0x080152a4                DFSDM1_FLT2_IRQHandler
                0x080152a4                EXTI0_IRQHandler
                0x080152a4                CAN1_RX0_IRQHandler
                0x080152a4                FPU_IRQHandler
                0x080152a4                TIM1_UP_TIM16_IRQHandler
                0x080152a4                LTDC_ER_IRQHandler
                0x080152a4                SPI1_IRQHandler
                0x080152a4                OCTOSPI1_IRQHandler
                0x080152a4                DCMI_IRQHandler
                0x080152a4                TIM8_UP_IRQHandler
                0x080152a4                OCTOSPI2_IRQHandler
                0x080152a4                DMA2_Channel2_IRQHandler
                0x080152a4                DMA1_Channel4_IRQHandler
                0x080152a4                SAI2_IRQHandler
                0x080152a4                ADC1_IRQHandler
                0x080152a4                DFSDM1_FLT3_IRQHandler
                0x080152a4                DMA1_Channel7_IRQHandler
                0x080152a4                CAN1_RX1_IRQHandler
                0x080152a4                UART5_IRQHandler
                0x080152a4                DMA2_Channel1_IRQHandler
                0x080152a4                DMAMUX1_OVR_IRQHandler
                0x080152a4                DMA1_Channel6_IRQHandler
                0x080152a4                UART4_IRQHandler
                0x080152a4                DMA2_Channel4_IRQHandler
                0x080152a4                RCC_IRQHandler
                0x080152a4                Default_Handler
                0x080152a4                DMA2_Channel7_IRQHandler
                0x080152a4                EXTI15_10_IRQHandler
                0x080152a4                TIM7_IRQHandler
                0x080152a4                SDMMC1_IRQHandler
                0x080152a4                TIM5_IRQHandler
                0x080152a4                RTC_WKUP_IRQHandler
                0x080152a4                LTDC_IRQHandler
                0x080152a4                PVD_PVM_IRQHandler
                0x080152a4                CAN1_TX_IRQHandler
                0x080152a4                DMA2_Channel5_IRQHandler
                0x080152a4                CRS_IRQHandler
                0x080152a4                DMA1_Channel5_IRQHandler
                0x080152a4                EXTI4_IRQHandler
                0x080152a4                RNG_IRQHandler
                0x080152a4                TIM1_TRG_COM_TIM17_IRQHandler
                0x080152a4                DMA1_Channel3_IRQHandler
                0x080152a4                WWDG_IRQHandler
                0x080152a4                I2C4_EV_IRQHandler
                0x080152a4                LPUART1_IRQHandler
                0x080152a4                DMA2_Channel6_IRQHandler
                0x080152a4                DMA2D_IRQHandler
                0x080152a4                EXTI1_IRQHandler
                0x080152a4                USART2_IRQHandler
                0x080152a4                DFSDM1_FLT0_IRQHandler
                0x080152a4                I2C2_ER_IRQHandler
                0x080152a4                DMA1_Channel2_IRQHandler
                0x080152a4                TIM8_BRK_IRQHandler
                0x080152a4                CAN1_SCE_IRQHandler
                0x080152a4                FLASH_IRQHandler
                0x080152a4                OTG_FS_IRQHandler
                0x080152a4                SPI3_IRQHandler
                0x080152a4                I2C1_ER_IRQHandler
                0x080152a4                FMC_IRQHandler
                0x080152a4                LPTIM1_IRQHandler
                0x080152a4                I2C4_ER_IRQHandler
                0x080152a4                SAI1_IRQHandler
                0x080152a4                DMA2_Channel3_IRQHandler
                0x080152a4                TIM1_BRK_TIM15_IRQHandler
 *fill*         0x080152a6        0x2 
 .text.arm_shift_q15
                0x080152a8      0x110 C:\Users\patri\Desktop\OneDrive - Massachusetts Institute of Technology\stm32\CMSIS_5-5.4.0\CMSIS\Lib\GCC\libarm_cortexM4lf_math.a(arm_shift_q15.o)
                0x080152a8                arm_shift_q15
 .text.arm_dot_prod_f32
                0x080153b8       0x8c C:\Users\patri\Desktop\OneDrive - Massachusetts Institute of Technology\stm32\CMSIS_5-5.4.0\CMSIS\Lib\GCC\libarm_cortexM4lf_math.a(arm_dot_prod_f32.o)
                0x080153b8                arm_dot_prod_f32
 .text.__libc_init_array
                0x08015444       0x48 c:/program files (x86)/atollic/truestudio for stm32 9.1.0/armtools/bin/../lib/gcc/arm-atollic-eabi/6.3.1/../../../../arm-atollic-eabi/lib/armv7e-m/fpu\libc_nano.a(lib_a-init.o)
                0x08015444                __libc_init_array
 .text.memcpy   0x0801548c       0x16 c:/program files (x86)/atollic/truestudio for stm32 9.1.0/armtools/bin/../lib/gcc/arm-atollic-eabi/6.3.1/../../../../arm-atollic-eabi/lib/armv7e-m/fpu\libc_nano.a(lib_a-memcpy-stub.o)
                0x0801548c                memcpy
 .text.memset   0x080154a2       0x10 c:/program files (x86)/atollic/truestudio for stm32 9.1.0/armtools/bin/../lib/gcc/arm-atollic-eabi/6.3.1/../../../../arm-atollic-eabi/lib/armv7e-m/fpu\libc_nano.a(lib_a-memset.o)
                0x080154a2                memset
 .text.strncpy  0x080154b2       0x2a c:/program files (x86)/atollic/truestudio for stm32 9.1.0/armtools/bin/../lib/gcc/arm-atollic-eabi/6.3.1/../../../../arm-atollic-eabi/lib/armv7e-m/fpu\libc_nano.a(lib_a-strncpy.o)
                0x080154b2                strncpy
 *fill*         0x080154dc        0x4 
 .text.cos      0x080154e0       0x88 c:/program files (x86)/atollic/truestudio for stm32 9.1.0/armtools/bin/../lib/gcc/arm-atollic-eabi/6.3.1/../../../../arm-atollic-eabi/lib/armv7e-m/fpu\libm.a(lib_a-s_cos.o)
                0x080154e0                cos
 .text.round    0x08015568       0x8c c:/program files (x86)/atollic/truestudio for stm32 9.1.0/armtools/bin/../lib/gcc/arm-atollic-eabi/6.3.1/../../../../arm-atollic-eabi/lib/armv7e-m/fpu\libm.a(lib_a-s_round.o)
                0x08015568                round
 *fill*         0x080155f4        0x4 
 .text.sin      0x080155f8       0x90 c:/program files (x86)/atollic/truestudio for stm32 9.1.0/armtools/bin/../lib/gcc/arm-atollic-eabi/6.3.1/../../../../arm-atollic-eabi/lib/armv7e-m/fpu\libm.a(lib_a-s_sin.o)
                0x080155f8                sin
 .text.acos     0x08015688       0xb0 c:/program files (x86)/atollic/truestudio for stm32 9.1.0/armtools/bin/../lib/gcc/arm-atollic-eabi/6.3.1/../../../../arm-atollic-eabi/lib/armv7e-m/fpu\libm.a(lib_a-w_acos.o)
                0x08015688                acos
 .text.sqrt     0x08015738       0xb4 c:/program files (x86)/atollic/truestudio for stm32 9.1.0/armtools/bin/../lib/gcc/arm-atollic-eabi/6.3.1/../../../../arm-atollic-eabi/lib/armv7e-m/fpu\libm.a(lib_a-w_sqrt.o)
                0x08015738                sqrt
 .text.expf     0x080157ec       0xf4 c:/program files (x86)/atollic/truestudio for stm32 9.1.0/armtools/bin/../lib/gcc/arm-atollic-eabi/6.3.1/../../../../arm-atollic-eabi/lib/armv7e-m/fpu\libm.a(lib_a-wf_exp.o)
                0x080157ec                expf
 .text.__ieee754_acos
                0x080158e0      0x4b8 c:/program files (x86)/atollic/truestudio for stm32 9.1.0/armtools/bin/../lib/gcc/arm-atollic-eabi/6.3.1/../../../../arm-atollic-eabi/lib/armv7e-m/fpu\libm.a(lib_a-e_acos.o)
                0x080158e0                __ieee754_acos
 .text.__ieee754_rem_pio2
                0x08015d98      0x3e4 c:/program files (x86)/atollic/truestudio for stm32 9.1.0/armtools/bin/../lib/gcc/arm-atollic-eabi/6.3.1/../../../../arm-atollic-eabi/lib/armv7e-m/fpu\libm.a(lib_a-e_rem_pio2.o)
                0x08015d98                __ieee754_rem_pio2
 .text.__ieee754_sqrt
                0x0801617c      0x160 c:/program files (x86)/atollic/truestudio for stm32 9.1.0/armtools/bin/../lib/gcc/arm-atollic-eabi/6.3.1/../../../../arm-atollic-eabi/lib/armv7e-m/fpu\libm.a(lib_a-e_sqrt.o)
                0x0801617c                __ieee754_sqrt
 .text.__ieee754_expf
                0x080162dc      0x1a8 c:/program files (x86)/atollic/truestudio for stm32 9.1.0/armtools/bin/../lib/gcc/arm-atollic-eabi/6.3.1/../../../../arm-atollic-eabi/lib/armv7e-m/fpu\libm.a(lib_a-ef_exp.o)
                0x080162dc                __ieee754_expf
 *fill*         0x08016484        0x4 
 .text.__kernel_cos
                0x08016488      0x1cc c:/program files (x86)/atollic/truestudio for stm32 9.1.0/armtools/bin/../lib/gcc/arm-atollic-eabi/6.3.1/../../../../arm-atollic-eabi/lib/armv7e-m/fpu\libm.a(lib_a-k_cos.o)
                0x08016488                __kernel_cos
 *fill*         0x08016654        0x4 
 .text.__kernel_rem_pio2
                0x08016658      0x69c c:/program files (x86)/atollic/truestudio for stm32 9.1.0/armtools/bin/../lib/gcc/arm-atollic-eabi/6.3.1/../../../../arm-atollic-eabi/lib/armv7e-m/fpu\libm.a(lib_a-k_rem_pio2.o)
                0x08016658                __kernel_rem_pio2
 *fill*         0x08016cf4        0x4 
 .text.__kernel_sin
                0x08016cf8      0x174 c:/program files (x86)/atollic/truestudio for stm32 9.1.0/armtools/bin/../lib/gcc/arm-atollic-eabi/6.3.1/../../../../arm-atollic-eabi/lib/armv7e-m/fpu\libm.a(lib_a-k_sin.o)
                0x08016cf8                __kernel_sin