Archive member included to satisfy reference by file (symbol)

C:\Users\patri\Desktop\OneDrive - Massachusetts Institute of Technology\stm32\CMSIS_5-5.4.0\CMSIS\Lib\GCC\libarm_cortexM4lf_math.a(arm_biquad_cascade_df1_q15.o)
                              Src\filter.o (arm_biquad_cascade_df1_q15)
C:\Users\patri\Desktop\OneDrive - Massachusetts Institute of Technology\stm32\CMSIS_5-5.4.0\CMSIS\Lib\GCC\libarm_cortexM4lf_math.a(arm_biquad_cascade_df1_init_q15.o)
                              Src\filter.o (arm_biquad_cascade_df1_init_q15)
C:\Users\patri\Desktop\OneDrive - Massachusetts Institute of Technology\stm32\CMSIS_5-5.4.0\CMSIS\Lib\GCC\libarm_cortexM4lf_math.a(arm_shift_q15.o)
                              Src\wave_synth.o (arm_shift_q15)
C:\Users\patri\Desktop\OneDrive - Massachusetts Institute of Technology\stm32\CMSIS_5-5.4.0\CMSIS\Lib\GCC\libarm_cortexM4lf_math.a(arm_dot_prod_f32.o)
                              Src\MMA8451.o (arm_dot_prod_f32)
c:/program files (x86)/atollic/truestudio for stm32 9.1.0/armtools/bin/../lib/gcc/arm-atollic-eabi/6.3.1/../../../../arm-atollic-eabi/lib/armv7e-m/fpu\libc_nano.a(lib_a-init.o)
                              startup\startup_stm32l4r7xx.o (__libc_init_array)
c:/program files (x86)/atollic/truestudio for stm32 9.1.0/armtools/bin/../lib/gcc/arm-atollic-eabi/6.3.1/../../../../arm-atollic-eabi/lib/armv7e-m/fpu\libc_nano.a(lib_a-itoa.o)
                              Src\main.o (itoa)
c:/program files (x86)/atollic/truestudio for stm32 9.1.0/armtools/bin/../lib/gcc/arm-atollic-eabi/6.3.1/../../../../arm-atollic-eabi/lib/armv7e-m/fpu\libc_nano.a(lib_a-memcpy-stub.o)
                              Drivers\VL53L1\vl53l1x\vl53l1_api_core.o (memcpy)
c:/program files (x86)/atollic/truestudio for stm32 9.1.0/armtools/bin/../lib/gcc/arm-atollic-eabi/6.3.1/../../../../arm-atollic-eabi/lib/armv7e-m/fpu\libc_nano.a(lib_a-memset.o)
                              Drivers\STM32L4xx_HAL_Driver\Src\stm32l4xx_hal_sd_ex.o (memset)
c:/program files (x86)/atollic/truestudio for stm32 9.1.0/armtools/bin/../lib/gcc/arm-atollic-eabi/6.3.1/../../../../arm-atollic-eabi/lib/armv7e-m/fpu\libc_nano.a(lib_a-strncpy.o)
                              Drivers\VL53L1\vl53l1x\vl53l1_api.o (strncpy)
c:/program files (x86)/atollic/truestudio for stm32 9.1.0/armtools/bin/../lib/gcc/arm-atollic-eabi/6.3.1/../../../../arm-atollic-eabi/lib/armv7e-m/fpu\libc_nano.a(lib_a-utoa.o)
                              c:/program files (x86)/atollic/truestudio for stm32 9.1.0/armtools/bin/../lib/gcc/arm-atollic-eabi/6.3.1/../../../../arm-atollic-eabi/lib/armv7e-m/fpu\libc_nano.a(lib_a-itoa.o) (__utoa)
c:/program files (x86)/atollic/truestudio for stm32 9.1.0/armtools/bin/../lib/gcc/arm-atollic-eabi/6.3.1/../../../../arm-atollic-eabi/lib/armv7e-m/fpu\libm.a(lib_a-s_round.o)
                              Src\filter.o (round)
c:/program files (x86)/atollic/truestudio for stm32 9.1.0/armtools/bin/../lib/gcc/arm-atollic-eabi/6.3.1/../../../../arm-atollic-eabi/lib/armv7e-m/fpu\libm.a(lib_a-w_sqrt.o)
                              Src\MMA8451.o (sqrt)
c:/program files (x86)/atollic/truestudio for stm32 9.1.0/armtools/bin/../lib/gcc/arm-atollic-eabi/6.3.1/../../../../arm-atollic-eabi/lib/armv7e-m/fpu\libm.a(lib_a-wf_exp.o)
                              Src\wave_synth.o (expf)
c:/program files (x86)/atollic/truestudio for stm32 9.1.0/armtools/bin/../lib/gcc/arm-atollic-eabi/6.3.1/../../../../arm-atollic-eabi/lib/armv7e-m/fpu\libm.a(lib_a-e_sqrt.o)
                              c:/program files (x86)/atollic/truestudio for stm32 9.1.0/armtools/bin/../lib/gcc/arm-atollic-eabi/6.3.1/../../../../arm-atollic-eabi/lib/armv7e-m/fpu\libm.a(lib_a-w_sqrt.o) (__ieee754_sqrt)
c:/program files (x86)/atollic/truestudio for stm32 9.1.0/armtools/bin/../lib/gcc/arm-atollic-eabi/6.3.1/../../../../arm-atollic-eabi/lib/armv7e-m/fpu\libm.a(lib_a-ef_exp.o)
                              c:/program files (x86)/atollic/truestudio for stm32 9.1.0/armtools/bin/../lib/gcc/arm-atollic-eabi/6.3.1/../../../../arm-atollic-eabi/lib/armv7e-m/fpu\libm.a(lib_a-wf_exp.o) (__ieee754_expf)
c:/program files (x86)/atollic/truestudio for stm32 9.1.0/armtools/bin/../lib/gcc/arm-atollic-eabi/6.3.1/../../../../arm-atollic-eabi/lib/armv7e-m/fpu\libm.a(lib_a-s_lib_ver.o)
                              c:/program files (x86)/atollic/truestudio for stm32 9.1.0/armtools/bin/../lib/gcc/arm-atollic-eabi/6.3.1/../../../../arm-atollic-eabi/lib/armv7e-m/fpu\libm.a(lib_a-w_sqrt.o) (__fdlib_version)
c:/program files (x86)/atollic/truestudio for stm32 9.1.0/armtools/bin/../lib/gcc/arm-atollic-eabi/6.3.1/../../../../arm-atollic-eabi/lib/armv7e-m/fpu\libm.a(lib_a-s_matherr.o)
                              c:/program files (x86)/atollic/truestudio for stm32 9.1.0/armtools/bin/../lib/gcc/arm-atollic-eabi/6.3.1/../../../../arm-atollic-eabi/lib/armv7e-m/fpu\libm.a(lib_a-w_sqrt.o) (matherr)
[...]
Memory Configuration

Name             Origin             Length             Attributes
RAM              0x20000000         0x000a0000         xrw
FLASH            0x08000000         0x00200000         xr
*default*        0x00000000         0xffffffff

Linker script and memory map

LOAD c:/program files (x86)/atollic/truestudio for stm32 9.1.0/armtools/bin/../lib/gcc/arm-atollic-eabi/6.3.1/armv7e-m/fpu/crti.o
LOAD c:/program files (x86)/atollic/truestudio for stm32 9.1.0/armtools/bin/../lib/gcc/arm-atollic-eabi/6.3.1/armv7e-m/fpu/crtbegin.o
LOAD Drivers\STM32L4xx_HAL_Driver\Src\stm32l4xx_hal.o
LOAD Drivers\STM32L4xx_HAL_Driver\Src\stm32l4xx_hal_adc.o
LOAD Drivers\STM32L4xx_HAL_Driver\Src\stm32l4xx_hal_adc_ex.o
LOAD Drivers\STM32L4xx_HAL_Driver\Src\stm32l4xx_hal_comp.o
LOAD Drivers\STM32L4xx_HAL_Driver\Src\stm32l4xx_hal_cortex.o
LOAD Drivers\STM32L4xx_HAL_Driver\Src\stm32l4xx_hal_dac.o
LOAD Drivers\STM32L4xx_HAL_Driver\Src\stm32l4xx_hal_dac_ex.o
LOAD Drivers\STM32L4xx_HAL_Driver\Src\stm32l4xx_hal_dma.o
LOAD Drivers\STM32L4xx_HAL_Driver\Src\stm32l4xx_hal_dma_ex.o
LOAD Drivers\STM32L4xx_HAL_Driver\Src\stm32l4xx_hal_flash.o
LOAD Drivers\STM32L4xx_HAL_Driver\Src\stm32l4xx_hal_flash_ex.o
LOAD Drivers\STM32L4xx_HAL_Driver\Src\stm32l4xx_hal_flash_ramfunc.o
LOAD Drivers\STM32L4xx_HAL_Driver\Src\stm32l4xx_hal_gpio.o
LOAD Drivers\STM32L4xx_HAL_Driver\Src\stm32l4xx_hal_i2c.o
LOAD Drivers\STM32L4xx_HAL_Driver\Src\stm32l4xx_hal_i2c_ex.o
LOAD Drivers\STM32L4xx_HAL_Driver\Src\stm32l4xx_hal_pwr.o
LOAD Drivers\STM32L4xx_HAL_Driver\Src\stm32l4xx_hal_pwr_ex.o
LOAD Drivers\STM32L4xx_HAL_Driver\Src\stm32l4xx_hal_rcc.o
LOAD Drivers\STM32L4xx_HAL_Driver\Src\stm32l4xx_hal_rcc_ex.o
LOAD Drivers\STM32L4xx_HAL_Driver\Src\stm32l4xx_hal_rtc.o
LOAD Drivers\STM32L4xx_HAL_Driver\Src\stm32l4xx_hal_rtc_ex.o
LOAD Drivers\STM32L4xx_HAL_Driver\Src\stm32l4xx_hal_sd.o
LOAD Drivers\STM32L4xx_HAL_Driver\Src\stm32l4xx_hal_sd_ex.o
LOAD Drivers\STM32L4xx_HAL_Driver\Src\stm32l4xx_hal_spi.o
LOAD Drivers\STM32L4xx_HAL_Driver\Src\stm32l4xx_hal_spi_ex.o
LOAD Drivers\STM32L4xx_HAL_Driver\Src\stm32l4xx_hal_tim.o
LOAD Drivers\STM32L4xx_HAL_Driver\Src\stm32l4xx_hal_tim_ex.o
LOAD Drivers\STM32L4xx_HAL_Driver\Src\stm32l4xx_hal_uart.o
LOAD Drivers\STM32L4xx_HAL_Driver\Src\stm32l4xx_hal_uart_ex.o
LOAD Drivers\STM32L4xx_HAL_Driver\Src\stm32l4xx_ll_sdmmc.o
LOAD Drivers\VL53L1\vl53l1x\vl53l1_api.o
LOAD Drivers\VL53L1\vl53l1x\vl53l1_api_calibration.o
LOAD Drivers\VL53L1\vl53l1x\vl53l1_api_core.o
LOAD Drivers\VL53L1\vl53l1x\vl53l1_api_debug.o
LOAD Drivers\VL53L1\vl53l1x\vl53l1_api_preset_modes.o
LOAD Drivers\VL53L1\vl53l1x\vl53l1_api_strings.o
LOAD Drivers\VL53L1\vl53l1x\vl53l1_core.o
LOAD Drivers\VL53L1\vl53l1x\vl53l1_core_support.o
LOAD Drivers\VL53L1\vl53l1x\vl53l1_error_strings.o
LOAD Drivers\VL53L1\vl53l1x\vl53l1_register_funcs.o
LOAD Drivers\VL53L1\vl53l1x\vl53l1_silicon_core.o
LOAD Drivers\VL53L1\vl53l1x\vl53l1_wait.o
LOAD Drivers\VL53L1\vl53l1x_uld\VL53L1X_api.o
LOAD Drivers\VL53L1\vl53l1x_uld\VL53L1X_calibration.o
LOAD Drivers\X-NUCLEO-53L1A1\X-NUCLEO-53L1A1.o
LOAD Middlewares\Third_Party\FreeRTOS\Source\CMSIS_RTOS\cmsis_os.o
LOAD Middlewares\Third_Party\FreeRTOS\Source\croutine.o
LOAD Middlewares\Third_Party\FreeRTOS\Source\event_groups.o
LOAD Middlewares\Third_Party\FreeRTOS\Source\list.o
LOAD Middlewares\Third_Party\FreeRTOS\Source\portable\GCC\ARM_CM4F\port.o
LOAD Middlewares\Third_Party\FreeRTOS\Source\portable\MemMang\heap_4.o
LOAD Middlewares\Third_Party\FreeRTOS\Source\queue.o
LOAD Middlewares\Third_Party\FreeRTOS\Source\stream_buffer.o
LOAD Middlewares\Third_Party\FreeRTOS\Source\tasks.o
LOAD Middlewares\Third_Party\FreeRTOS\Source\timers.o
LOAD Src\MMA8451.o
LOAD Src\adc.o
LOAD Src\cap_touch.o
LOAD Src\comp.o
LOAD Src\dac.o
LOAD Src\dma.o
LOAD Src\filter.o
LOAD Src\freertos.o
LOAD Src\gpio.o
LOAD Src\hall_effect.o
LOAD Src\i2c.o
LOAD Src\led_cntrl.o
LOAD Src\lidar.o
LOAD Src\main.o
LOAD Src\res_touch.o
LOAD Src\rpm.o
LOAD Src\rtc.o
LOAD Src\sdmmc.o
LOAD Src\spi.o
LOAD Src\stm32l4xx_hal_msp.o
LOAD Src\stm32l4xx_hal_timebase_tim.o
LOAD Src\stm32l4xx_it.o
LOAD Src\system_stm32l4xx.o
LOAD Src\tim.o
LOAD Src\usart.o
LOAD Src\vl53l1_platform.o
LOAD Src\wave_synth.o
LOAD startup\startup_stm32l4r7xx.o
LOAD C:\Users\patri\Desktop\OneDrive - Massachusetts Institute of Technology\stm32\CMSIS_5-5.4.0\CMSIS\Lib\GCC\libarm_cortexM4lf_math.a
                0x00000080                malloc_getpagesize_P = 0x80
START GROUP
LOAD c:/program files (x86)/atollic/truestudio for stm32 9.1.0/armtools/bin/../lib/gcc/arm-atollic-eabi/6.3.1/../../../../arm-atollic-eabi/lib/armv7e-m/fpu\libc_nano.a
LOAD c:/program files (x86)/atollic/truestudio for stm32 9.1.0/armtools/bin/../lib/gcc/arm-atollic-eabi/6.3.1/../../../../arm-atollic-eabi/lib/armv7e-m/fpu\libm.a
END GROUP
START GROUP
LOAD c:/program files (x86)/atollic/truestudio for stm32 9.1.0/armtools/bin/../lib/gcc/arm-atollic-eabi/6.3.1/armv7e-m/fpu\libgcc.a
LOAD c:/program files (x86)/atollic/truestudio for stm32 9.1.0/armtools/bin/../lib/gcc/arm-atollic-eabi/6.3.1/../../../../arm-atollic-eabi/lib/armv7e-m/fpu\libc_nano.a
END GROUP
START GROUP
LOAD c:/program files (x86)/atollic/truestudio for stm32 9.1.0/armtools/bin/../lib/gcc/arm-atollic-eabi/6.3.1/armv7e-m/fpu\libgcc.a
LOAD c:/program files (x86)/atollic/truestudio for stm32 9.1.0/armtools/bin/../lib/gcc/arm-atollic-eabi/6.3.1/../../../../arm-atollic-eabi/lib/armv7e-m/fpu\libc_nano.a
LOAD c:/program files (x86)/atollic/truestudio for stm32 9.1.0/armtools/bin/../lib/gcc/arm-atollic-eabi/6.3.1/../../../../arm-atollic-eabi/lib/armv7e-m/fpu\libnosys.a
END GROUP
START GROUP
LOAD c:/program files (x86)/atollic/truestudio for stm32 9.1.0/armtools/bin/../lib/gcc/arm-atollic-eabi/6.3.1/armv7e-m/fpu\libgcc.a
LOAD c:/program files (x86)/atollic/truestudio for stm32 9.1.0/armtools/bin/../lib/gcc/arm-atollic-eabi/6.3.1/../../../../arm-atollic-eabi/lib/armv7e-m/fpu\libc_nano.a
LOAD c:/program files (x86)/atollic/truestudio for stm32 9.1.0/armtools/bin/../lib/gcc/arm-atollic-eabi/6.3.1/../../../../arm-atollic-eabi/lib/armv7e-m/fpu\libnosys.a
END GROUP
LOAD c:/program files (x86)/atollic/truestudio for stm32 9.1.0/armtools/bin/../lib/gcc/arm-atollic-eabi/6.3.1/armv7e-m/fpu/crtend.o
LOAD c:/program files (x86)/atollic/truestudio for stm32 9.1.0/armtools/bin/../lib/gcc/arm-atollic-eabi/6.3.1/armv7e-m/fpu/crtn.o
                0x200a0000                _estack = 0x200a0000
                0x00000200                _Min_Heap_Size = 0x200
                0x00000400                _Min_Stack_Size = 0x400

.isr_vector     0x08000000      0x1bc
                0x08000000                . = ALIGN (0x4)
 *(.isr_vector)
 .isr_vector    0x08000000      0x1bc startup\startup_stm32l4r7xx.o
                0x08000000                g_pfnVectors
                0x080001bc                . = ALIGN (0x4)

.text           0x080001c0    0x142d4
                0x080001c0                . = ALIGN (0x4)
 *(.text)
 .text          0x080001c0       0x40 c:/program files (x86)/atollic/truestudio for stm32 9.1.0/armtools/bin/../lib/gcc/arm-atollic-eabi/6.3.1/armv7e-m/fpu/crtbegin.o
 .text          0x08000200      0x370 c:/program files (x86)/atollic/truestudio for stm32 9.1.0/armtools/bin/../lib/gcc/arm-atollic-eabi/6.3.1/armv7e-m/fpu\libgcc.a(_arm_addsubdf3.o)
                0x08000200                __aeabi_drsub
                0x08000208                __aeabi_dsub
                0x08000208                __subdf3
                0x0800020c                __aeabi_dadd
                0x0800020c                __adddf3
                0x08000484                __floatunsidf
                0x08000484                __aeabi_ui2d
                0x080004a4                __floatsidf
                0x080004a4                __aeabi_i2d
                0x080004c8                __aeabi_f2d
                0x080004c8                __extendsfdf2
                0x08000504                __floatundidf
                0x08000504                __aeabi_ul2d
                0x08000514                __floatdidf
                0x08000514                __aeabi_l2d
 .text          0x08000570      0x424 c:/program files (x86)/atollic/truestudio for stm32 9.1.0/armtools/bin/../lib/gcc/arm-atollic-eabi/6.3.1/armv7e-m/fpu\libgcc.a(_arm_muldivdf3.o)
                0x08000570                __aeabi_dmul
                0x08000570                __muldf3
                0x080007c4                __divdf3
                0x080007c4                __aeabi_ddiv
 .text          0x08000994      0x110 c:/program files (x86)/atollic/truestudio for stm32 9.1.0/armtools/bin/../lib/gcc/arm-atollic-eabi/6.3.1/armv7e-m/fpu\libgcc.a(_arm_cmpdf2.o)
                0x08000994                __gtdf2
                0x08000994                __gedf2
                0x0800099c                __ltdf2
                0x0800099c                __ledf2
                0x080009a4                __nedf2
                0x080009a4                __eqdf2
                0x080009a4                __cmpdf2
                0x08000a20                __aeabi_cdrcmple
                0x08000a30                __aeabi_cdcmpeq
                0x08000a30                __aeabi_cdcmple
                0x08000a40                __aeabi_dcmpeq
                0x08000a54                __aeabi_dcmplt
                0x08000a68                __aeabi_dcmple
                0x08000a7c                __aeabi_dcmpge
                0x08000a90                __aeabi_dcmpgt
 .text          0x08000aa4       0x2c c:/program files (x86)/atollic/truestudio for stm32 9.1.0/armtools/bin/../lib/gcc/arm-atollic-eabi/6.3.1/armv7e-m/fpu\libgcc.a(_arm_unorddf2.o)
                0x08000aa4                __unorddf2
                0x08000aa4                __aeabi_dcmpun
 .text          0x08000ad0       0x50 c:/program files (x86)/atollic/truestudio for stm32 9.1.0/armtools/bin/../lib/gcc/arm-atollic-eabi/6.3.1/armv7e-m/fpu\libgcc.a(_arm_fixdfsi.o)
                0x08000ad0                __aeabi_d2iz
                0x08000ad0                __fixdfsi
 .text          0x08000b20       0x40 c:/program files (x86)/atollic/truestudio for stm32 9.1.0/armtools/bin/../lib/gcc/arm-atollic-eabi/6.3.1/armv7e-m/fpu\libgcc.a(_arm_fixunsdfsi.o)
                0x08000b20                __aeabi_d2uiz
                0x08000b20                __fixunsdfsi
 .text          0x08000b60       0xa0 c:/program files (x86)/atollic/truestudio for stm32 9.1.0/armtools/bin/../lib/gcc/arm-atollic-eabi/6.3.1/armv7e-m/fpu\libgcc.a(_arm_truncdfsf2.o)
                0x08000b60                __truncdfsf2
                0x08000b60                __aeabi_d2f
 .text          0x08000c00       0x30 c:/program files (x86)/atollic/truestudio for stm32 9.1.0/armtools/bin/../lib/gcc/arm-atollic-eabi/6.3.1/armv7e-m/fpu\libgcc.a(_aeabi_uldivmod.o)
                0x08000c00                __aeabi_uldivmod
 .text          0x08000c30      0x2dc c:/program files (x86)/atollic/truestudio for stm32 9.1.0/armtools/bin/../lib/gcc/arm-atollic-eabi/6.3.1/armv7e-m/fpu\libgcc.a(_udivmoddi4.o)
                0x08000c30                __udivmoddi4
 .text          0x08000f0c        0x4 c:/program files (x86)/atollic/truestudio for stm32 9.1.0/armtools/bin/../lib/gcc/arm-atollic-eabi/6.3.1/armv7e-m/fpu\libgcc.a(_dvmd_tls.o)
                0x08000f0c                __aeabi_idiv0
                0x08000f0c                __aeabi_ldiv0
 *(.text*)
 .text.HAL_Init
                0x08000f10       0x28 Drivers\STM32L4xx_HAL_Driver\Src\stm32l4xx_hal.o
                0x08000f10                HAL_Init
 .text.HAL_IncTick
                0x08000f38       0x10 Drivers\STM32L4xx_HAL_Driver\Src\stm32l4xx_hal.o
                0x08000f38                HAL_IncTick
 .text.HAL_GetTick
                0x08000f48        0xc Drivers\STM32L4xx_HAL_Driver\Src\stm32l4xx_hal.o
                0x08000f48                HAL_GetTick
 .text.HAL_Delay
                0x08000f54       0x1c Drivers\STM32L4xx_HAL_Driver\Src\stm32l4xx_hal.o
                0x08000f54                HAL_Delay
 .text.HAL_ADC_Init
                0x08000f70      0x1bc Drivers\STM32L4xx_HAL_Driver\Src\stm32l4xx_hal_adc.o
                0x08000f70                HAL_ADC_Init
 .text.HAL_ADC_ConfigChannel
                0x0800112c      0x488 Drivers\STM32L4xx_HAL_Driver\Src\stm32l4xx_hal_adc.o
                0x0800112c                HAL_ADC_ConfigChannel
 .text.HAL_COMP_Init
                0x080015b4      0x168 Drivers\STM32L4xx_HAL_Driver\Src\stm32l4xx_hal_comp.o
                0x080015b4                HAL_COMP_Init
 .text.HAL_COMP_Start
                0x0800171c       0x68 Drivers\STM32L4xx_HAL_Driver\Src\stm32l4xx_hal_comp.o
                0x0800171c                HAL_COMP_Start
 .text.HAL_COMP_IRQHandler
                0x08001784       0x48 Drivers\STM32L4xx_HAL_Driver\Src\stm32l4xx_hal_comp.o
                0x08001784                HAL_COMP_IRQHandler
 .text.HAL_NVIC_SetPriorityGrouping
                0x080017cc       0x24 Drivers\STM32L4xx_HAL_Driver\Src\stm32l4xx_hal_cortex.o
                0x080017cc                HAL_NVIC_SetPriorityGrouping
 .text.HAL_NVIC_SetPriority
                0x080017f0       0x6c Drivers\STM32L4xx_HAL_Driver\Src\stm32l4xx_hal_cortex.o
                0x080017f0                HAL_NVIC_SetPriority
 .text.HAL_NVIC_EnableIRQ
                0x0800185c       0x18 Drivers\STM32L4xx_HAL_Driver\Src\stm32l4xx_hal_cortex.o
                0x0800185c                HAL_NVIC_EnableIRQ
 .text.HAL_DAC_Init
                0x08001874       0x2c Drivers\STM32L4xx_HAL_Driver\Src\stm32l4xx_hal_dac.o
                0x08001874                HAL_DAC_Init
 .text.HAL_DAC_Start
                0x080018a0       0x5c Drivers\STM32L4xx_HAL_Driver\Src\stm32l4xx_hal_dac.o
                0x080018a0                HAL_DAC_Start
 .text.HAL_DAC_Start_DMA
                0x080018fc       0xf0 Drivers\STM32L4xx_HAL_Driver\Src\stm32l4xx_hal_dac.o
                0x080018fc                HAL_DAC_Start_DMA
 .text.HAL_DAC_SetValue
                0x080019ec       0x30 Drivers\STM32L4xx_HAL_Driver\Src\stm32l4xx_hal_dac.o
                0x080019ec                HAL_DAC_SetValue
 .text.DAC_DMAConvCpltCh1
                0x08001a1c       0x10 Drivers\STM32L4xx_HAL_Driver\Src\stm32l4xx_hal_dac.o
 .text.HAL_DAC_ConvHalfCpltCallbackCh1
                0x08001a2c        0x4 Drivers\STM32L4xx_HAL_Driver\Src\stm32l4xx_hal_dac.o
                0x08001a2c                HAL_DAC_ConvHalfCpltCallbackCh1
 .text.DAC_DMAHalfConvCpltCh1
                0x08001a30        0xc Drivers\STM32L4xx_HAL_Driver\Src\stm32l4xx_hal_dac.o
 .text.HAL_DAC_ErrorCallbackCh1
                0x08001a3c        0x4 Drivers\STM32L4xx_HAL_Driver\Src\stm32l4xx_hal_dac.o
                0x08001a3c                HAL_DAC_ErrorCallbackCh1
 .text.DAC_DMAErrorCh1
                0x08001a40       0x18 Drivers\STM32L4xx_HAL_Driver\Src\stm32l4xx_hal_dac.o
 .text.HAL_DAC_DMAUnderrunCallbackCh1
                0x08001a58        0x4 Drivers\STM32L4xx_HAL_Driver\Src\stm32l4xx_hal_dac.o
                0x08001a58                HAL_DAC_DMAUnderrunCallbackCh1
 .text.HAL_DAC_IRQHandler
                0x08001a5c       0x68 Drivers\STM32L4xx_HAL_Driver\Src\stm32l4xx_hal_dac.o
                0x08001a5c                HAL_DAC_IRQHandler
 .text.HAL_DAC_ConfigChannel
                0x08001ac4      0x150 Drivers\STM32L4xx_HAL_Driver\Src\stm32l4xx_hal_dac.o
                0x08001ac4                HAL_DAC_ConfigChannel
 .text.HAL_DACEx_ConvCpltCallbackCh2
                0x08001c14        0x4 Drivers\STM32L4xx_HAL_Driver\Src\stm32l4xx_hal_dac_ex.o
                0x08001c14                HAL_DACEx_ConvCpltCallbackCh2
 .text.HAL_DACEx_ConvHalfCpltCallbackCh2
                0x08001c18        0x4 Drivers\STM32L4xx_HAL_Driver\Src\stm32l4xx_hal_dac_ex.o
                0x08001c18                HAL_DACEx_ConvHalfCpltCallbackCh2
 .text.HAL_DACEx_ErrorCallbackCh2
                0x08001c1c        0x4 Drivers\STM32L4xx_HAL_Driver\Src\stm32l4xx_hal_dac_ex.o
                0x08001c1c                HAL_DACEx_ErrorCallbackCh2
 .text.HAL_DACEx_DMAUnderrunCallbackCh2
                0x08001c20        0x4 Drivers\STM32L4xx_HAL_Driver\Src\stm32l4xx_hal_dac_ex.o
                0x08001c20                HAL_DACEx_DMAUnderrunCallbackCh2
 .text.DAC_DMAConvCpltCh2
                0x08001c24       0x10 Drivers\STM32L4xx_HAL_Driver\Src\stm32l4xx_hal_dac_ex.o
                0x08001c24                DAC_DMAConvCpltCh2
 .text.DAC_DMAHalfConvCpltCh2
                0x08001c34        0xc Drivers\STM32L4xx_HAL_Driver\Src\stm32l4xx_hal_dac_ex.o
                0x08001c34                DAC_DMAHalfConvCpltCh2
 .text.DAC_DMAErrorCh2
                0x08001c40       0x18 Drivers\STM32L4xx_HAL_Driver\Src\stm32l4xx_hal_dac_ex.o
                0x08001c40                DAC_DMAErrorCh2
 .text.HAL_DMA_Init
                0x08001c58      0x130 Drivers\STM32L4xx_HAL_Driver\Src\stm32l4xx_hal_dma.o
                0x08001c58                HAL_DMA_Init
 .text.HAL_DMA_Start_IT
                0x08001d88       0xb8 Drivers\STM32L4xx_HAL_Driver\Src\stm32l4xx_hal_dma.o
                0x08001d88                HAL_DMA_Start_IT
 .text.HAL_DMA_Abort_IT
                0x08001e40       0x70 Drivers\STM32L4xx_HAL_Driver\Src\stm32l4xx_hal_dma.o
                0x08001e40                HAL_DMA_Abort_IT
 .text.HAL_DMA_IRQHandler
                0x08001eb0       0x9c Drivers\STM32L4xx_HAL_Driver\Src\stm32l4xx_hal_dma.o
                0x08001eb0                HAL_DMA_IRQHandler
 .text.HAL_GPIO_Init
                0x08001f4c      0x22c Drivers\STM32L4xx_HAL_Driver\Src\stm32l4xx_hal_gpio.o
                0x08001f4c                HAL_GPIO_Init
 .text.HAL_GPIO_ReadPin
                0x08002178        0xc Drivers\STM32L4xx_HAL_Driver\Src\stm32l4xx_hal_gpio.o
                0x08002178                HAL_GPIO_ReadPin
 .text.HAL_GPIO_WritePin
                0x08002184        0xc Drivers\STM32L4xx_HAL_Driver\Src\stm32l4xx_hal_gpio.o
                0x08002184                HAL_GPIO_WritePin
 .text.HAL_GPIO_TogglePin
                0x08002190        0x8 Drivers\STM32L4xx_HAL_Driver\Src\stm32l4xx_hal_gpio.o
                0x08002190                HAL_GPIO_TogglePin
 .text.HAL_GPIO_EXTI_IRQHandler
                0x08002198       0x18 Drivers\STM32L4xx_HAL_Driver\Src\stm32l4xx_hal_gpio.o
                0x08002198                HAL_GPIO_EXTI_IRQHandler
 .text.I2C_WaitOnRXNEFlagUntilTimeout
                0x080021b0       0xfc Drivers\STM32L4xx_HAL_Driver\Src\stm32l4xx_hal_i2c.o
 .text.I2C_WaitOnTXISFlagUntilTimeout
                0x080022ac       0xa8 Drivers\STM32L4xx_HAL_Driver\Src\stm32l4xx_hal_i2c.o
 .text.I2C_WaitOnSTOPFlagUntilTimeout
                0x08002354       0xac Drivers\STM32L4xx_HAL_Driver\Src\stm32l4xx_hal_i2c.o
 .text.HAL_I2C_Init
                0x08002400       0xac Drivers\STM32L4xx_HAL_Driver\Src\stm32l4xx_hal_i2c.o
                0x08002400                HAL_I2C_Init
 .text.HAL_I2C_Master_Transmit
                0x080024ac      0x198 Drivers\STM32L4xx_HAL_Driver\Src\stm32l4xx_hal_i2c.o
                0x080024ac                HAL_I2C_Master_Transmit
 .text.HAL_I2C_Master_Receive
                0x08002644      0x198 Drivers\STM32L4xx_HAL_Driver\Src\stm32l4xx_hal_i2c.o
                0x08002644                HAL_I2C_Master_Receive
 .text.HAL_I2C_Mem_Write
                0x080027dc      0x248 Drivers\STM32L4xx_HAL_Driver\Src\stm32l4xx_hal_i2c.o
                0x080027dc                HAL_I2C_Mem_Write
 .text.HAL_I2C_Mem_Read
                0x08002a24      0x26c Drivers\STM32L4xx_HAL_Driver\Src\stm32l4xx_hal_i2c.o
                0x08002a24                HAL_I2C_Mem_Read
 .text.HAL_I2C_Mem_Read_IT
                0x08002c90      0x164 Drivers\STM32L4xx_HAL_Driver\Src\stm32l4xx_hal_i2c.o
                0x08002c90                HAL_I2C_Mem_Read_IT
 .text.HAL_I2C_EV_IRQHandler
                0x08002df4       0x1c Drivers\STM32L4xx_HAL_Driver\Src\stm32l4xx_hal_i2c.o
                0x08002df4                HAL_I2C_EV_IRQHandler
 .text.HAL_I2C_MasterTxCpltCallback
                0x08002e10        0x4 Drivers\STM32L4xx_HAL_Driver\Src\stm32l4xx_hal_i2c.o
                0x08002e10                HAL_I2C_MasterTxCpltCallback
 .text.HAL_I2C_MasterRxCpltCallback
                0x08002e14        0x4 Drivers\STM32L4xx_HAL_Driver\Src\stm32l4xx_hal_i2c.o
                0x08002e14                HAL_I2C_MasterRxCpltCallback
 .text.HAL_I2C_SlaveTxCpltCallback
                0x08002e18        0x4 Drivers\STM32L4xx_HAL_Driver\Src\stm32l4xx_hal_i2c.o
                0x08002e18                HAL_I2C_SlaveTxCpltCallback
 .text.HAL_I2C_SlaveRxCpltCallback
                0x08002e1c        0x4 Drivers\STM32L4xx_HAL_Driver\Src\stm32l4xx_hal_i2c.o
                0x08002e1c                HAL_I2C_SlaveRxCpltCallback
 .text.HAL_I2C_AddrCallback
                0x08002e20        0x4 Drivers\STM32L4xx_HAL_Driver\Src\stm32l4xx_hal_i2c.o
                0x08002e20                HAL_I2C_AddrCallback
 .text.I2C_ITAddrCplt.isra.8.part.9
                0x08002e24       0x78 Drivers\STM32L4xx_HAL_Driver\Src\stm32l4xx_hal_i2c.o
 .text.HAL_I2C_ListenCpltCallback
                0x08002e9c        0x4 Drivers\STM32L4xx_HAL_Driver\Src\stm32l4xx_hal_i2c.o
                0x08002e9c                HAL_I2C_ListenCpltCallback
 .text.HAL_I2C_MemTxCpltCallback
                0x08002ea0        0x4 Drivers\STM32L4xx_HAL_Driver\Src\stm32l4xx_hal_i2c.o
                0x08002ea0                HAL_I2C_MemTxCpltCallback
 .text.HAL_I2C_MemRxCpltCallback
                0x08002ea4        0x4 Drivers\STM32L4xx_HAL_Driver\Src\stm32l4xx_hal_i2c.o
                0x08002ea4                HAL_I2C_MemRxCpltCallback
 .text.HAL_I2C_ErrorCallback
                0x08002ea8        0x4 Drivers\STM32L4xx_HAL_Driver\Src\stm32l4xx_hal_i2c.o
                0x08002ea8                HAL_I2C_ErrorCallback
 .text.HAL_I2C_AbortCpltCallback
                0x08002eac        0x4 Drivers\STM32L4xx_HAL_Driver\Src\stm32l4xx_hal_i2c.o
                0x08002eac                HAL_I2C_AbortCpltCallback
 .text.I2C_ITError
                0x08002eb0      0x114 Drivers\STM32L4xx_HAL_Driver\Src\stm32l4xx_hal_i2c.o
 .text.I2C_ITSlaveCplt
                0x08002fc4      0x158 Drivers\STM32L4xx_HAL_Driver\Src\stm32l4xx_hal_i2c.o
 .text.I2C_Slave_ISR_IT
                0x0800311c      0x310 Drivers\STM32L4xx_HAL_Driver\Src\stm32l4xx_hal_i2c.o
 .text.I2C_Slave_ISR_DMA
                0x0800342c      0x1c0 Drivers\STM32L4xx_HAL_Driver\Src\stm32l4xx_hal_i2c.o
 .text.I2C_DMAAbort
                0x080035ec       0x28 Drivers\STM32L4xx_HAL_Driver\Src\stm32l4xx_hal_i2c.o
 .text.I2C_ITMasterCplt
                0x08003614      0x200 Drivers\STM32L4xx_HAL_Driver\Src\stm32l4xx_hal_i2c.o
 .text.I2C_Master_ISR_IT
                0x08003814      0x23c Drivers\STM32L4xx_HAL_Driver\Src\stm32l4xx_hal_i2c.o
 .text.I2C_Master_ISR_DMA
                0x08003a50      0x224 Drivers\STM32L4xx_HAL_Driver\Src\stm32l4xx_hal_i2c.o
 .text.HAL_I2CEx_ConfigAnalogFilter
                0x08003c74       0x54 Drivers\STM32L4xx_HAL_Driver\Src\stm32l4xx_hal_i2c_ex.o
                0x08003c74                HAL_I2CEx_ConfigAnalogFilter
 .text.HAL_I2CEx_ConfigDigitalFilter
                0x08003cc8       0x50 Drivers\STM32L4xx_HAL_Driver\Src\stm32l4xx_hal_i2c_ex.o
                0x08003cc8                HAL_I2CEx_ConfigDigitalFilter
 .text.HAL_PWR_EnableBkUpAccess
                0x08003d18       0x10 Drivers\STM32L4xx_HAL_Driver\Src\stm32l4xx_hal_pwr.o
                0x08003d18                HAL_PWR_EnableBkUpAccess
 .text.HAL_PWREx_GetVoltageRange
                0x08003d28       0x24 Drivers\STM32L4xx_HAL_Driver\Src\stm32l4xx_hal_pwr_ex.o
                0x08003d28                HAL_PWREx_GetVoltageRange
 .text.HAL_PWREx_ControlVoltageScaling
                0x08003d4c       0xfc Drivers\STM32L4xx_HAL_Driver\Src\stm32l4xx_hal_pwr_ex.o
                0x08003d4c                HAL_PWREx_ControlVoltageScaling
 .text.HAL_RCC_GetSysClockFreq
                0x08003e48       0xc4 Drivers\STM32L4xx_HAL_Driver\Src\stm32l4xx_hal_rcc.o
                0x08003e48                HAL_RCC_GetSysClockFreq
 .text.HAL_RCC_OscConfig
                0x08003f0c      0x680 Drivers\STM32L4xx_HAL_Driver\Src\stm32l4xx_hal_rcc.o
                0x08003f0c                HAL_RCC_OscConfig
 .text.HAL_RCC_ClockConfig
                0x0800458c      0x248 Drivers\STM32L4xx_HAL_Driver\Src\stm32l4xx_hal_rcc.o
                0x0800458c                HAL_RCC_ClockConfig
 .text.HAL_RCC_GetHCLKFreq
                0x080047d4        0xc Drivers\STM32L4xx_HAL_Driver\Src\stm32l4xx_hal_rcc.o
                0x080047d4                HAL_RCC_GetHCLKFreq
 .text.HAL_RCC_GetPCLK1Freq
                0x080047e0       0x24 Drivers\STM32L4xx_HAL_Driver\Src\stm32l4xx_hal_rcc.o
                0x080047e0                HAL_RCC_GetPCLK1Freq
 .text.HAL_RCC_GetPCLK2Freq
                0x08004804       0x24 Drivers\STM32L4xx_HAL_Driver\Src\stm32l4xx_hal_rcc.o
                0x08004804                HAL_RCC_GetPCLK2Freq
 .text.HAL_RCC_GetClockConfig
                0x08004828       0x44 Drivers\STM32L4xx_HAL_Driver\Src\stm32l4xx_hal_rcc.o
                0x08004828                HAL_RCC_GetClockConfig
 .text.RCCEx_PLLSAI1_Config
                0x0800486c      0x124 Drivers\STM32L4xx_HAL_Driver\Src\stm32l4xx_hal_rcc_ex.o
 .text.RCCEx_PLLSAI2_Config
                0x08004990      0x124 Drivers\STM32L4xx_HAL_Driver\Src\stm32l4xx_hal_rcc_ex.o
 .text.HAL_RCCEx_PeriphCLKConfig
                0x08004ab4      0x504 Drivers\STM32L4xx_HAL_Driver\Src\stm32l4xx_hal_rcc_ex.o
                0x08004ab4                HAL_RCCEx_PeriphCLKConfig
 .text.HAL_RTC_Init
                0x08004fb8       0xe8 Drivers\STM32L4xx_HAL_Driver\Src\stm32l4xx_hal_rtc.o
                0x08004fb8                HAL_RTC_Init
 .text.SD_FindSCR
                0x080050a0       0xdc Drivers\STM32L4xx_HAL_Driver\Src\stm32l4xx_hal_sd.o
 .text.HAL_SD_GetCardCSD
                0x0800517c      0x174 Drivers\STM32L4xx_HAL_Driver\Src\stm32l4xx_hal_sd.o
                0x0800517c                HAL_SD_GetCardCSD
 .text.HAL_SD_ConfigWideBusOperation
                0x080052f0      0x120 Drivers\STM32L4xx_HAL_Driver\Src\stm32l4xx_hal_sd.o
                0x080052f0                HAL_SD_ConfigWideBusOperation
 .text.HAL_SD_Init
                0x08005410      0x2d8 Drivers\STM32L4xx_HAL_Driver\Src\stm32l4xx_hal_sd.o
                0x08005410                HAL_SD_Init
 .text.HAL_SDEx_DriveTransceiver_1_8V_Callback
                0x080056e8        0x4 Drivers\STM32L4xx_HAL_Driver\Src\stm32l4xx_hal_sd_ex.o
                0x080056e8                HAL_SDEx_DriveTransceiver_1_8V_Callback
 .text.HAL_SDEx_HighSpeed
                0x080056ec      0x13c Drivers\STM32L4xx_HAL_Driver\Src\stm32l4xx_hal_sd_ex.o
                0x080056ec                HAL_SDEx_HighSpeed
 .text.SPI_WaitFifoStateUntilTimeout.part.1
                0x08005828       0x54 Drivers\STM32L4xx_HAL_Driver\Src\stm32l4xx_hal_spi.o
 .text.SPI_EndRxTxTransaction
                0x0800587c       0xe4 Drivers\STM32L4xx_HAL_Driver\Src\stm32l4xx_hal_spi.o
 .text.HAL_SPI_Init
                0x08005960       0xdc Drivers\STM32L4xx_HAL_Driver\Src\stm32l4xx_hal_spi.o
                0x08005960                HAL_SPI_Init
 .text.HAL_SPI_Transmit
                0x08005a3c      0x240 Drivers\STM32L4xx_HAL_Driver\Src\stm32l4xx_hal_spi.o
                0x08005a3c                HAL_SPI_Transmit
 .text.HAL_SPI_ErrorCallback
                0x08005c7c        0x4 Drivers\STM32L4xx_HAL_Driver\Src\stm32l4xx_hal_spi.o
                0x08005c7c                HAL_SPI_ErrorCallback
 .text.HAL_SPI_IRQHandler
                0x08005c80       0xfc Drivers\STM32L4xx_HAL_Driver\Src\stm32l4xx_hal_spi.o
                0x08005c80                HAL_SPI_IRQHandler
 .text.SPI_DMAAbortOnError
                0x08005d7c       0x14 Drivers\STM32L4xx_HAL_Driver\Src\stm32l4xx_hal_spi.o
 .text.HAL_TIM_Base_Init
                0x08005d90      0x134 Drivers\STM32L4xx_HAL_Driver\Src\stm32l4xx_hal_tim.o
                0x08005d90                HAL_TIM_Base_Init
 .text.HAL_TIM_Base_Start
                0x08005ec4       0x34 Drivers\STM32L4xx_HAL_Driver\Src\stm32l4xx_hal_tim.o
                0x08005ec4                HAL_TIM_Base_Start
 .text.HAL_TIM_Base_Start_IT
                0x08005ef8       0x30 Drivers\STM32L4xx_HAL_Driver\Src\stm32l4xx_hal_tim.o
                0x08005ef8                HAL_TIM_Base_Start_IT
 .text.HAL_TIM_Base_Stop_IT
                0x08005f28       0x2c Drivers\STM32L4xx_HAL_Driver\Src\stm32l4xx_hal_tim.o
                0x08005f28                HAL_TIM_Base_Stop_IT
 .text.HAL_TIM_PWM_MspInit
                0x08005f54        0x4 Drivers\STM32L4xx_HAL_Driver\Src\stm32l4xx_hal_tim.o
                0x08005f54                HAL_TIM_PWM_MspInit
 .text.HAL_TIM_PWM_Init
                0x08005f58      0x134 Drivers\STM32L4xx_HAL_Driver\Src\stm32l4xx_hal_tim.o
                0x08005f58                HAL_TIM_PWM_Init
 .text.HAL_TIM_PWM_Start
                0x0800608c       0x7c Drivers\STM32L4xx_HAL_Driver\Src\stm32l4xx_hal_tim.o
                0x0800608c                HAL_TIM_PWM_Start
 .text.HAL_TIM_PWM_ConfigChannel
                0x08006108      0x3c4 Drivers\STM32L4xx_HAL_Driver\Src\stm32l4xx_hal_tim.o
                0x08006108                HAL_TIM_PWM_ConfigChannel
 .text.HAL_TIM_ConfigClockSource
                0x080064cc      0x16c Drivers\STM32L4xx_HAL_Driver\Src\stm32l4xx_hal_tim.o
                0x080064cc                HAL_TIM_ConfigClockSource
 .text.HAL_TIM_OC_DelayElapsedCallback
                0x08006638        0x4 Drivers\STM32L4xx_HAL_Driver\Src\stm32l4xx_hal_tim.o
                0x08006638                HAL_TIM_OC_DelayElapsedCallback
 .text.HAL_TIM_IC_CaptureCallback
                0x0800663c        0x4 Drivers\STM32L4xx_HAL_Driver\Src\stm32l4xx_hal_tim.o
                0x0800663c                HAL_TIM_IC_CaptureCallback
 .text.HAL_TIM_PWM_PulseFinishedCallback
                0x08006640        0x4 Drivers\STM32L4xx_HAL_Driver\Src\stm32l4xx_hal_tim.o
                0x08006640                HAL_TIM_PWM_PulseFinishedCallback
 .text.HAL_TIM_TriggerCallback
                0x08006644        0x4 Drivers\STM32L4xx_HAL_Driver\Src\stm32l4xx_hal_tim.o
                0x08006644                HAL_TIM_TriggerCallback
 .text.HAL_TIM_IRQHandler
                0x08006648      0x170 Drivers\STM32L4xx_HAL_Driver\Src\stm32l4xx_hal_tim.o
                0x08006648                HAL_TIM_IRQHandler
 .text.HAL_TIMEx_MasterConfigSynchronization
                0x080067b8       0x60 Drivers\STM32L4xx_HAL_Driver\Src\stm32l4xx_hal_tim_ex.o
                0x080067b8                HAL_TIMEx_MasterConfigSynchronization
 .text.HAL_TIMEx_ConfigBreakDeadTime
                0x08006818       0x8c Drivers\STM32L4xx_HAL_Driver\Src\stm32l4xx_hal_tim_ex.o
                0x08006818                HAL_TIMEx_ConfigBreakDeadTime
 .text.HAL_TIMEx_CommutationCallback
                0x080068a4        0x4 Drivers\STM32L4xx_HAL_Driver\Src\stm32l4xx_hal_tim_ex.o
                0x080068a4                HAL_TIMEx_CommutationCallback
 .text.HAL_TIMEx_BreakCallback
                0x080068a8        0x4 Drivers\STM32L4xx_HAL_Driver\Src\stm32l4xx_hal_tim_ex.o
                0x080068a8                HAL_TIMEx_BreakCallback
 .text.HAL_TIMEx_Break2Callback
                0x080068ac        0x4 Drivers\STM32L4xx_HAL_Driver\Src\stm32l4xx_hal_tim_ex.o
                0x080068ac                HAL_TIMEx_Break2Callback
 .text.HAL_UART_Transmit
                0x080068b0      0x104 Drivers\STM32L4xx_HAL_Driver\Src\stm32l4xx_hal_uart.o
                0x080068b0                HAL_UART_Transmit
 .text.HAL_UART_Receive_IT
                0x080069b4      0x140 Drivers\STM32L4xx_HAL_Driver\Src\stm32l4xx_hal_uart.o
                0x080069b4                HAL_UART_Receive_IT
 .text.HAL_UART_TxCpltCallback
                0x08006af4        0x4 Drivers\STM32L4xx_HAL_Driver\Src\stm32l4xx_hal_uart.o
                0x08006af4                HAL_UART_TxCpltCallback
 .text.UART_RxISR_8BIT
                0x08006af8       0x5c Drivers\STM32L4xx_HAL_Driver\Src\stm32l4xx_hal_uart.o
 .text.UART_RxISR_16BIT
                0x08006b54       0x58 Drivers\STM32L4xx_HAL_Driver\Src\stm32l4xx_hal_uart.o
 .text.UART_RxISR_8BIT_FIFOEN
                0x08006bac       0xc0 Drivers\STM32L4xx_HAL_Driver\Src\stm32l4xx_hal_uart.o
 .text.UART_RxISR_16BIT_FIFOEN
                0x08006c6c       0xbc Drivers\STM32L4xx_HAL_Driver\Src\stm32l4xx_hal_uart.o
 .text.HAL_UART_ErrorCallback
                0x08006d28        0x4 Drivers\STM32L4xx_HAL_Driver\Src\stm32l4xx_hal_uart.o
                0x08006d28                HAL_UART_ErrorCallback
 .text.HAL_UART_IRQHandler
                0x08006d2c      0x1c4 Drivers\STM32L4xx_HAL_Driver\Src\stm32l4xx_hal_uart.o
                0x08006d2c                HAL_UART_IRQHandler
 .text.UART_DMAAbortOnError
                0x08006ef0       0x18 Drivers\STM32L4xx_HAL_Driver\Src\stm32l4xx_hal_uart.o
 .text.UART_AdvFeatureConfig
                0x08006f08       0xb0 Drivers\STM32L4xx_HAL_Driver\Src\stm32l4xx_hal_uart.o
                0x08006f08                UART_AdvFeatureConfig
 .text.HAL_UART_Init
                0x08006fb8      0xbc8 Drivers\STM32L4xx_HAL_Driver\Src\stm32l4xx_hal_uart.o
                0x08006fb8                HAL_UART_Init
 .text.HAL_UARTEx_WakeupCallback
                0x08007b80        0x4 Drivers\STM32L4xx_HAL_Driver\Src\stm32l4xx_hal_uart_ex.o
                0x08007b80                HAL_UARTEx_WakeupCallback
 .text.HAL_UARTEx_RxFifoFullCallback
                0x08007b84        0x4 Drivers\STM32L4xx_HAL_Driver\Src\stm32l4xx_hal_uart_ex.o
                0x08007b84                HAL_UARTEx_RxFifoFullCallback
 .text.HAL_UARTEx_TxFifoEmptyCallback
                0x08007b88        0x4 Drivers\STM32L4xx_HAL_Driver\Src\stm32l4xx_hal_uart_ex.o
                0x08007b88                HAL_UARTEx_TxFifoEmptyCallback
 .text.HAL_UARTEx_DisableFifoMode
                0x08007b8c       0x3c Drivers\STM32L4xx_HAL_Driver\Src\stm32l4xx_hal_uart_ex.o
                0x08007b8c                HAL_UARTEx_DisableFifoMode
 .text.HAL_UARTEx_SetTxFifoThreshold
                0x08007bc8       0xc4 Drivers\STM32L4xx_HAL_Driver\Src\stm32l4xx_hal_uart_ex.o
                0x08007bc8                HAL_UARTEx_SetTxFifoThreshold
 .text.HAL_UARTEx_SetRxFifoThreshold
                0x08007c8c       0xc4 Drivers\STM32L4xx_HAL_Driver\Src\stm32l4xx_hal_uart_ex.o
                0x08007c8c                HAL_UARTEx_SetRxFifoThreshold
 .text.SDMMC_GetCmdResp1.part.2
                0x08007d50       0xcc Drivers\STM32L4xx_HAL_Driver\Src\stm32l4xx_ll_sdmmc.o
 .text.SDMMC_Init
                0x08007e1c       0x34 Drivers\STM32L4xx_HAL_Driver\Src\stm32l4xx_ll_sdmmc.o
                0x08007e1c                SDMMC_Init
 .text.SDMMC_ReadFIFO
                0x08007e50        0x8 Drivers\STM32L4xx_HAL_Driver\Src\stm32l4xx_ll_sdmmc.o
                0x08007e50                SDMMC_ReadFIFO
 .text.SDMMC_PowerState_ON
                0x08007e58       0x10 Drivers\STM32L4xx_HAL_Driver\Src\stm32l4xx_ll_sdmmc.o
                0x08007e58                SDMMC_PowerState_ON
 .text.SDMMC_GetPowerState
                0x08007e68        0x8 Drivers\STM32L4xx_HAL_Driver\Src\stm32l4xx_ll_sdmmc.o
                0x08007e68                SDMMC_GetPowerState
 .text.SDMMC_GetResponse
                0x08007e70        0x8 Drivers\STM32L4xx_HAL_Driver\Src\stm32l4xx_ll_sdmmc.o
                0x08007e70                SDMMC_GetResponse
 .text.SDMMC_ConfigData
                0x08007e78       0x28 Drivers\STM32L4xx_HAL_Driver\Src\stm32l4xx_ll_sdmmc.o
                0x08007e78                SDMMC_ConfigData
 .text.SDMMC_CmdBlockLength
                0x08007ea0       0x84 Drivers\STM32L4xx_HAL_Driver\Src\stm32l4xx_ll_sdmmc.o
                0x08007ea0                SDMMC_CmdBlockLength
 .text.SDMMC_CmdSelDesel
                0x08007f24       0x84 Drivers\STM32L4xx_HAL_Driver\Src\stm32l4xx_ll_sdmmc.o
                0x08007f24                SDMMC_CmdSelDesel
 .text.SDMMC_CmdGoIdleState
                0x08007fa8       0x5c Drivers\STM32L4xx_HAL_Driver\Src\stm32l4xx_ll_sdmmc.o
                0x08007fa8                SDMMC_CmdGoIdleState
 .text.SDMMC_CmdOperCond
                0x08008004       0x84 Drivers\STM32L4xx_HAL_Driver\Src\stm32l4xx_ll_sdmmc.o
                0x08008004                SDMMC_CmdOperCond
 .text.SDMMC_CmdAppCommand
                0x08008088       0x84 Drivers\STM32L4xx_HAL_Driver\Src\stm32l4xx_ll_sdmmc.o
                0x08008088                SDMMC_CmdAppCommand
 .text.SDMMC_CmdAppOperCommand
                0x0800810c       0x6c Drivers\STM32L4xx_HAL_Driver\Src\stm32l4xx_ll_sdmmc.o
                0x0800810c                SDMMC_CmdAppOperCommand
 .text.SDMMC_CmdBusWidth
                0x08008178       0x84 Drivers\STM32L4xx_HAL_Driver\Src\stm32l4xx_ll_sdmmc.o
                0x08008178                SDMMC_CmdBusWidth
 .text.SDMMC_CmdSendSCR
                0x080081fc       0x84 Drivers\STM32L4xx_HAL_Driver\Src\stm32l4xx_ll_sdmmc.o
                0x080081fc                SDMMC_CmdSendSCR
 .text.SDMMC_CmdSendCID
                0x08008280       0x80 Drivers\STM32L4xx_HAL_Driver\Src\stm32l4xx_ll_sdmmc.o
                0x08008280                SDMMC_CmdSendCID
 .text.SDMMC_CmdSendCSD
                0x08008300       0x7c Drivers\STM32L4xx_HAL_Driver\Src\stm32l4xx_ll_sdmmc.o
                0x08008300                SDMMC_CmdSendCSD
 .text.SDMMC_CmdSetRelAdd
                0x0800837c       0xa8 Drivers\STM32L4xx_HAL_Driver\Src\stm32l4xx_ll_sdmmc.o
                0x0800837c                SDMMC_CmdSetRelAdd
 .text.SDMMC_CmdSwitch
                0x08008424       0x84 Drivers\STM32L4xx_HAL_Driver\Src\stm32l4xx_ll_sdmmc.o
                0x08008424                SDMMC_CmdSwitch
 .text.SDMMC_CmdVoltageSwitch
                0x080084a8       0x84 Drivers\STM32L4xx_HAL_Driver\Src\stm32l4xx_ll_sdmmc.o
                0x080084a8                SDMMC_CmdVoltageSwitch
 .text.VL53L1_DataInit
                0x0800852c       0x88 Drivers\VL53L1\vl53l1x\vl53l1_api.o
                0x0800852c                VL53L1_DataInit
 .text.VL53L1_WaitDeviceBooted
                0x080085b4        0x8 Drivers\VL53L1\vl53l1x\vl53l1_api.o
                0x080085b4                VL53L1_WaitDeviceBooted
 .text.VL53L1_SetDistanceMode
                0x080085bc      0x1e0 Drivers\VL53L1\vl53l1x\vl53l1_api.o
                0x080085bc                VL53L1_SetDistanceMode
 .text.VL53L1_SetMeasurementTimingBudgetMicroSeconds
                0x0800879c      0x108 Drivers\VL53L1\vl53l1x\vl53l1_api.o
                0x0800879c                VL53L1_SetMeasurementTimingBudgetMicroSeconds
 .text.VL53L1_StaticInit
                0x080088a4       0x84 Drivers\VL53L1\vl53l1x\vl53l1_api.o
                0x080088a4                VL53L1_StaticInit
 .text.VL53L1_GetMeasurementTimingBudgetMicroSeconds
                0x08008928       0xe4 Drivers\VL53L1\vl53l1x\vl53l1_api.o
                0x08008928                VL53L1_GetMeasurementTimingBudgetMicroSeconds
 .text.VL53L1_SetInterMeasurementPeriodMilliSeconds
                0x08008a0c       0x14 Drivers\VL53L1\vl53l1x\vl53l1_api.o
                0x08008a0c                VL53L1_SetInterMeasurementPeriodMilliSeconds
 .text.VL53L1_StartMeasurement
                0x08008a20       0x7c Drivers\VL53L1\vl53l1x\vl53l1_api.o
                0x08008a20                VL53L1_StartMeasurement
 .text.VL53L1_StopMeasurement
                0x08008a9c       0x14 Drivers\VL53L1\vl53l1x\vl53l1_api.o
                0x08008a9c                VL53L1_StopMeasurement
 .text.VL53L1_ClearInterruptAndStartMeasurement
                0x08008ab0        0x8 Drivers\VL53L1\vl53l1x\vl53l1_api.o
                0x08008ab0                VL53L1_ClearInterruptAndStartMeasurement
 .text.VL53L1_GetRangingMeasurementData
                0x08008ab8      0x1cc Drivers\VL53L1\vl53l1x\vl53l1_api.o
                0x08008ab8                VL53L1_GetRangingMeasurementData
 .text.VL53L1_read_p2p_data
                0x08008c84       0xd0 Drivers\VL53L1\vl53l1x\vl53l1_api_core.o
                0x08008c84                VL53L1_read_p2p_data
 .text.VL53L1_data_init
                0x08008d54      0x230 Drivers\VL53L1\vl53l1x\vl53l1_api_core.o
                0x08008d54                VL53L1_data_init
 .text.VL53L1_set_inter_measurement_period_ms
                0x08008f84       0x1c Drivers\VL53L1\vl53l1x\vl53l1_api_core.o
                0x08008f84                VL53L1_set_inter_measurement_period_ms
 .text.VL53L1_get_inter_measurement_period_ms
                0x08008fa0       0x1c Drivers\VL53L1\vl53l1x\vl53l1_api_core.o
                0x08008fa0                VL53L1_get_inter_measurement_period_ms
 .text.VL53L1_set_timeouts_us
                0x08008fbc       0x4c Drivers\VL53L1\vl53l1x\vl53l1_api_core.o
                0x08008fbc                VL53L1_set_timeouts_us
 .text.VL53L1_get_timeouts_us
                0x08009008       0x70 Drivers\VL53L1\vl53l1x\vl53l1_api_core.o
                0x08009008                VL53L1_get_timeouts_us
 .text.VL53L1_get_sequence_config_bit
                0x08009078       0x2c Drivers\VL53L1\vl53l1x\vl53l1_api_core.o
                0x08009078                VL53L1_get_sequence_config_bit
 .text.VL53L1_set_user_zone
                0x080090a4       0x24 Drivers\VL53L1\vl53l1x\vl53l1_api_core.o
                0x080090a4                VL53L1_set_user_zone
 .text.VL53L1_get_user_zone
                0x080090c8       0x24 Drivers\VL53L1\vl53l1x\vl53l1_api_core.o
                0x080090c8                VL53L1_get_user_zone
 .text.VL53L1_get_preset_mode_timing_cfg
                0x080090ec       0xa8 Drivers\VL53L1\vl53l1x\vl53l1_api_core.o
                0x080090ec                VL53L1_get_preset_mode_timing_cfg
 .text.VL53L1_set_preset_mode
                0x08009194      0x184 Drivers\VL53L1\vl53l1x\vl53l1_api_core.o
                0x08009194                VL53L1_set_preset_mode
 .text.VL53L1_get_lite_sigma_threshold
                0x08009318        0xc Drivers\VL53L1\vl53l1x\vl53l1_api_core.o
                0x08009318                VL53L1_get_lite_sigma_threshold
 .text.VL53L1_set_lite_sigma_threshold
                0x08009324        0x8 Drivers\VL53L1\vl53l1x\vl53l1_api_core.o
                0x08009324                VL53L1_set_lite_sigma_threshold
 .text.VL53L1_get_lite_min_count_rate
                0x0800932c        0xc Drivers\VL53L1\vl53l1x\vl53l1_api_core.o
                0x0800932c                VL53L1_get_lite_min_count_rate
 .text.VL53L1_set_lite_min_count_rate
                0x08009338        0x8 Drivers\VL53L1\vl53l1x\vl53l1_api_core.o
                0x08009338                VL53L1_set_lite_min_count_rate
 .text.VL53L1_init_and_start_range
                0x08009340      0x1e4 Drivers\VL53L1\vl53l1x\vl53l1_api_core.o
                0x08009340                VL53L1_init_and_start_range
 .text.VL53L1_stop_range
                0x08009524       0x48 Drivers\VL53L1\vl53l1x\vl53l1_api_core.o
                0x08009524                VL53L1_stop_range
 .text.VL53L1_clear_interrupt_and_enable_next_range
                0x0800956c      0x1d0 Drivers\VL53L1\vl53l1x\vl53l1_api_core.o
                0x0800956c                VL53L1_clear_interrupt_and_enable_next_range
 .text.VL53L1_copy_sys_and_core_results_to_range_results
                0x0800973c      0x100 Drivers\VL53L1\vl53l1x\vl53l1_api_core.o
                0x0800973c                VL53L1_copy_sys_and_core_results_to_range_results
 .text.VL53L1_get_device_results
                0x0800983c      0x13c Drivers\VL53L1\vl53l1x\vl53l1_api_core.o
                0x0800983c                VL53L1_get_device_results
 .text.VL53L1_get_tuning_parm
                0x08009978      0x2c8 Drivers\VL53L1\vl53l1x\vl53l1_api_core.o
                0x08009978                VL53L1_get_tuning_parm
 .text.VL53L1_init_refspadchar_config_struct
                0x08009c40       0x28 Drivers\VL53L1\vl53l1x\vl53l1_api_preset_modes.o
                0x08009c40                VL53L1_init_refspadchar_config_struct
 .text.VL53L1_init_ssc_config_struct
                0x08009c68       0x18 Drivers\VL53L1\vl53l1x\vl53l1_api_preset_modes.o
                0x08009c68                VL53L1_init_ssc_config_struct
 .text.VL53L1_init_xtalk_config_struct
                0x08009c80       0x44 Drivers\VL53L1\vl53l1x\vl53l1_api_preset_modes.o
                0x08009c80                VL53L1_init_xtalk_config_struct
 .text.VL53L1_init_offset_cal_config_struct
                0x08009cc4       0x28 Drivers\VL53L1\vl53l1x\vl53l1_api_preset_modes.o
                0x08009cc4                VL53L1_init_offset_cal_config_struct
 .text.VL53L1_init_tuning_parm_storage_struct
                0x08009cec       0xa0 Drivers\VL53L1\vl53l1x\vl53l1_api_preset_modes.o
                0x08009cec                VL53L1_init_tuning_parm_storage_struct
 .text.VL53L1_preset_mode_standard_ranging
                0x08009d8c      0x13c Drivers\VL53L1\vl53l1x\vl53l1_api_preset_modes.o
                0x08009d8c                VL53L1_preset_mode_standard_ranging
 .text.VL53L1_preset_mode_standard_ranging_short_range
                0x08009ec8      0x134 Drivers\VL53L1\vl53l1x\vl53l1_api_preset_modes.o
                0x08009ec8                VL53L1_preset_mode_standard_ranging_short_range
 .text.VL53L1_preset_mode_standard_ranging_long_range
                0x08009ffc      0x138 Drivers\VL53L1\vl53l1x\vl53l1_api_preset_modes.o
                0x08009ffc                VL53L1_preset_mode_standard_ranging_long_range
 .text.VL53L1_preset_mode_standard_ranging_mm1_cal
                0x0800a134      0x148 Drivers\VL53L1\vl53l1x\vl53l1_api_preset_modes.o
                0x0800a134                VL53L1_preset_mode_standard_ranging_mm1_cal
 .text.VL53L1_preset_mode_standard_ranging_mm2_cal
                0x0800a27c      0x148 Drivers\VL53L1\vl53l1x\vl53l1_api_preset_modes.o
                0x0800a27c                VL53L1_preset_mode_standard_ranging_mm2_cal
 .text.VL53L1_preset_mode_timed_ranging
                0x0800a3c4      0x144 Drivers\VL53L1\vl53l1x\vl53l1_api_preset_modes.o
                0x0800a3c4                VL53L1_preset_mode_timed_ranging
 .text.VL53L1_preset_mode_timed_ranging_short_range
                0x0800a508      0x140 Drivers\VL53L1\vl53l1x\vl53l1_api_preset_modes.o
                0x0800a508                VL53L1_preset_mode_timed_ranging_short_range
 .text.VL53L1_preset_mode_timed_ranging_long_range
                0x0800a648      0x13c Drivers\VL53L1\vl53l1x\vl53l1_api_preset_modes.o
                0x0800a648                VL53L1_preset_mode_timed_ranging_long_range
 .text.VL53L1_preset_mode_low_power_auto_ranging
                0x0800a784      0x154 Drivers\VL53L1\vl53l1x\vl53l1_api_preset_modes.o
                0x0800a784                VL53L1_preset_mode_low_power_auto_ranging
 .text.VL53L1_preset_mode_low_power_auto_short_ranging
                0x0800a8d8      0x158 Drivers\VL53L1\vl53l1x\vl53l1_api_preset_modes.o
                0x0800a8d8                VL53L1_preset_mode_low_power_auto_short_ranging
 .text.VL53L1_preset_mode_low_power_auto_long_ranging
                0x0800aa30      0x154 Drivers\VL53L1\vl53l1x\vl53l1_api_preset_modes.o
                0x0800aa30                VL53L1_preset_mode_low_power_auto_long_ranging
 .text.VL53L1_preset_mode_singleshot_ranging
                0x0800ab84      0x13c Drivers\VL53L1\vl53l1x\vl53l1_api_preset_modes.o
                0x0800ab84                VL53L1_preset_mode_singleshot_ranging
 .text.VL53L1_preset_mode_olt
                0x0800acc0      0x13c Drivers\VL53L1\vl53l1x\vl53l1_api_preset_modes.o
                0x0800acc0                VL53L1_preset_mode_olt
 .text.VL53L1_init_version
                0x0800adfc       0x20 Drivers\VL53L1\vl53l1x\vl53l1_core.o
                0x0800adfc                VL53L1_init_version
 .text.VL53L1_init_ll_driver_state
                0x0800ae1c       0x28 Drivers\VL53L1\vl53l1x\vl53l1_core.o
                0x0800ae1c                VL53L1_init_ll_driver_state
 .text.VL53L1_update_ll_driver_rd_state
                0x0800ae44       0x9c Drivers\VL53L1\vl53l1x\vl53l1_core.o
                0x0800ae44                VL53L1_update_ll_driver_rd_state
 .text.VL53L1_check_ll_driver_rd_state
                0x0800aee0       0x5c Drivers\VL53L1\vl53l1x\vl53l1_core.o
                0x0800aee0                VL53L1_check_ll_driver_rd_state
 .text.VL53L1_update_ll_driver_cfg_state
                0x0800af3c       0x6c Drivers\VL53L1\vl53l1x\vl53l1_core.o
                0x0800af3c                VL53L1_update_ll_driver_cfg_state
 .text.VL53L1_copy_rtn_good_spads_to_buffer
                0x0800afa8       0xa4 Drivers\VL53L1\vl53l1x\vl53l1_core.o
                0x0800afa8                VL53L1_copy_rtn_good_spads_to_buffer
 .text.VL53L1_i2c_encode_uint16_t
                0x0800b04c       0x1c Drivers\VL53L1\vl53l1x\vl53l1_core.o
                0x0800b04c                VL53L1_i2c_encode_uint16_t
 .text.VL53L1_i2c_decode_uint16_t
                0x0800b068       0x1c Drivers\VL53L1\vl53l1x\vl53l1_core.o
                0x0800b068                VL53L1_i2c_decode_uint16_t
 .text.VL53L1_i2c_encode_int16_t
                0x0800b084       0x1c Drivers\VL53L1\vl53l1x\vl53l1_core.o
                0x0800b084                VL53L1_i2c_encode_int16_t
 .text.VL53L1_i2c_decode_int16_t
                0x0800b0a0       0x24 Drivers\VL53L1\vl53l1x\vl53l1_core.o
                0x0800b0a0                VL53L1_i2c_decode_int16_t
 .text.VL53L1_i2c_encode_uint32_t
                0x0800b0c4       0x1c Drivers\VL53L1\vl53l1x\vl53l1_core.o
                0x0800b0c4                VL53L1_i2c_encode_uint32_t
 .text.VL53L1_i2c_decode_uint32_t
                0x0800b0e0       0x1c Drivers\VL53L1\vl53l1x\vl53l1_core.o
                0x0800b0e0                VL53L1_i2c_decode_uint32_t
 .text.VL53L1_i2c_decode_int32_t
                0x0800b0fc       0x20 Drivers\VL53L1\vl53l1x\vl53l1_core.o
                0x0800b0fc                VL53L1_i2c_decode_int32_t
 .text.VL53L1_calc_macro_period_us
                0x0800b11c       0x20 Drivers\VL53L1\vl53l1x\vl53l1_core.o
                0x0800b11c                VL53L1_calc_macro_period_us
 .text.VL53L1_calc_range_ignore_threshold
                0x0800b13c       0x5c Drivers\VL53L1\vl53l1x\vl53l1_core.o
                0x0800b13c                VL53L1_calc_range_ignore_threshold
 .text.VL53L1_calc_timeout_us
                0x0800b198       0x14 Drivers\VL53L1\vl53l1x\vl53l1_core.o
                0x0800b198                VL53L1_calc_timeout_us
 .text.VL53L1_calc_decoded_timeout_us
                0x0800b1ac       0x1c Drivers\VL53L1\vl53l1x\vl53l1_core.o
                0x0800b1ac                VL53L1_calc_decoded_timeout_us
 .text.VL53L1_calc_timeout_register_values
                0x0800b1c8      0x168 Drivers\VL53L1\vl53l1x\vl53l1_core.o
                0x0800b1c8                VL53L1_calc_timeout_register_values
 .text.VL53L1_encode_row_col
                0x0800b330       0x18 Drivers\VL53L1\vl53l1x\vl53l1_core.o
                0x0800b330                VL53L1_encode_row_col
 .text.VL53L1_decode_zone_size
                0x0800b348        0xc Drivers\VL53L1\vl53l1x\vl53l1_core.o
                0x0800b348                VL53L1_decode_zone_size
 .text.VL53L1_encode_zone_size
                0x0800b354        0x8 Drivers\VL53L1\vl53l1x\vl53l1_core.o
                0x0800b354                VL53L1_encode_zone_size
 .text.VL53L1_low_power_auto_data_init
                0x0800b35c       0x2c Drivers\VL53L1\vl53l1x\vl53l1_core.o
                0x0800b35c                VL53L1_low_power_auto_data_init
 .text.VL53L1_low_power_auto_data_stop_range
                0x0800b388       0x34 Drivers\VL53L1\vl53l1x\vl53l1_core.o
                0x0800b388                VL53L1_low_power_auto_data_stop_range
 .text.VL53L1_config_low_power_auto_mode
                0x0800b3bc       0x20 Drivers\VL53L1\vl53l1x\vl53l1_core.o
                0x0800b3bc                VL53L1_config_low_power_auto_mode
 .text.VL53L1_low_power_auto_setup_manual_calibration
                0x0800b3dc       0x44 Drivers\VL53L1\vl53l1x\vl53l1_core.o
                0x0800b3dc                VL53L1_low_power_auto_setup_manual_calibration
 .text.VL53L1_low_power_auto_update_DSS
                0x0800b420       0x6c Drivers\VL53L1\vl53l1x\vl53l1_core.o
                0x0800b420                VL53L1_low_power_auto_update_DSS
 .text.VL53L1_calc_pll_period_us
                0x0800b48c        0xc Drivers\VL53L1\vl53l1x\vl53l1_core_support.o
                0x0800b48c                VL53L1_calc_pll_period_us
 .text.VL53L1_decode_vcsel_period
                0x0800b498        0xc Drivers\VL53L1\vl53l1x\vl53l1_core_support.o
                0x0800b498                VL53L1_decode_vcsel_period
 .text.VL53L1_decode_row_col
                0x0800b4a4       0x28 Drivers\VL53L1\vl53l1x\vl53l1_core_support.o
                0x0800b4a4                VL53L1_decode_row_col
 .text.VL53L1_i2c_encode_static_nvm_managed
                0x0800b4cc       0x5c Drivers\VL53L1\vl53l1x\vl53l1_register_funcs.o
                0x0800b4cc                VL53L1_i2c_encode_static_nvm_managed
 .text.VL53L1_get_static_nvm_managed
                0x0800b528       0x74 Drivers\VL53L1\vl53l1x\vl53l1_register_funcs.o
                0x0800b528                VL53L1_get_static_nvm_managed
 .text.VL53L1_i2c_encode_customer_nvm_managed
                0x0800b59c       0xa4 Drivers\VL53L1\vl53l1x\vl53l1_register_funcs.o
                0x0800b59c                VL53L1_i2c_encode_customer_nvm_managed
 .text.VL53L1_get_customer_nvm_managed
                0x0800b640       0xb8 Drivers\VL53L1\vl53l1x\vl53l1_register_funcs.o
                0x0800b640                VL53L1_get_customer_nvm_managed
 .text.VL53L1_i2c_encode_static_config
                0x0800b6f8       0xdc Drivers\VL53L1\vl53l1x\vl53l1_register_funcs.o
                0x0800b6f8                VL53L1_i2c_encode_static_config
 .text.VL53L1_i2c_encode_general_config
                0x0800b7d4       0x8c Drivers\VL53L1\vl53l1x\vl53l1_register_funcs.o
                0x0800b7d4                VL53L1_i2c_encode_general_config
 .text.VL53L1_i2c_encode_timing_config
                0x0800b860       0x88 Drivers\VL53L1\vl53l1x\vl53l1_register_funcs.o
                0x0800b860                VL53L1_i2c_encode_timing_config
 .text.VL53L1_i2c_encode_dynamic_config
                0x0800b8e8       0x84 Drivers\VL53L1\vl53l1x\vl53l1_register_funcs.o
                0x0800b8e8                VL53L1_i2c_encode_dynamic_config
 .text.VL53L1_i2c_encode_system_control
                0x0800b96c       0x34 Drivers\VL53L1\vl53l1x\vl53l1_register_funcs.o
                0x0800b96c                VL53L1_i2c_encode_system_control
 .text.VL53L1_set_system_control
                0x0800b9a0       0x40 Drivers\VL53L1\vl53l1x\vl53l1_register_funcs.o
                0x0800b9a0                VL53L1_set_system_control
 .text.VL53L1_i2c_decode_system_results
                0x0800b9e0      0x120 Drivers\VL53L1\vl53l1x\vl53l1_register_funcs.o
                0x0800b9e0                VL53L1_i2c_decode_system_results
 .text.VL53L1_i2c_decode_core_results
                0x0800bb00       0x78 Drivers\VL53L1\vl53l1x\vl53l1_register_funcs.o
                0x0800bb00                VL53L1_i2c_decode_core_results
 .text.VL53L1_i2c_decode_debug_results
                0x0800bb78      0x1b4 Drivers\VL53L1\vl53l1x\vl53l1_register_funcs.o
                0x0800bb78                VL53L1_i2c_decode_debug_results
 .text.VL53L1_get_nvm_copy_data
                0x0800bd2c       0xfc Drivers\VL53L1\vl53l1x\vl53l1_register_funcs.o
                0x0800bd2c                VL53L1_get_nvm_copy_data
 .text.VL53L1_poll_for_boot_completion
                0x0800be28       0x40 Drivers\VL53L1\vl53l1x\vl53l1_wait.o
                0x0800be28                VL53L1_poll_for_boot_completion
 .text.osKernelStart
                0x0800be68        0xc Middlewares\Third_Party\FreeRTOS\Source\CMSIS_RTOS\cmsis_os.o
                0x0800be68                osKernelStart
 .text.osThreadCreate
                0x0800be74       0x30 Middlewares\Third_Party\FreeRTOS\Source\CMSIS_RTOS\cmsis_os.o
                0x0800be74                osThreadCreate
 .text.osDelay  0x0800bea4       0x10 Middlewares\Third_Party\FreeRTOS\Source\CMSIS_RTOS\cmsis_os.o
                0x0800bea4                osDelay
 .text.osTimerCreate
                0x0800beb4       0x28 Middlewares\Third_Party\FreeRTOS\Source\CMSIS_RTOS\cmsis_os.o
                0x0800beb4                osTimerCreate
 .text.osTimerStart
                0x0800bedc       0x5c Middlewares\Third_Party\FreeRTOS\Source\CMSIS_RTOS\cmsis_os.o
                0x0800bedc                osTimerStart
 .text.osTimerStop
                0x0800bf38       0x58 Middlewares\Third_Party\FreeRTOS\Source\CMSIS_RTOS\cmsis_os.o
                0x0800bf38                osTimerStop
 .text.osMutexCreate
                0x0800bf90        0x8 Middlewares\Third_Party\FreeRTOS\Source\CMSIS_RTOS\cmsis_os.o
                0x0800bf90                osMutexCreate
 .text.osMutexWait
                0x0800bf98       0x50 Middlewares\Third_Party\FreeRTOS\Source\CMSIS_RTOS\cmsis_os.o
                0x0800bf98                osMutexWait
 .text.osMutexRelease
                0x0800bfe8       0x50 Middlewares\Third_Party\FreeRTOS\Source\CMSIS_RTOS\cmsis_os.o
                0x0800bfe8                osMutexRelease
 .text.osSemaphoreCreate
                0x0800c038       0x28 Middlewares\Third_Party\FreeRTOS\Source\CMSIS_RTOS\cmsis_os.o
                0x0800c038                osSemaphoreCreate
 .text.osSemaphoreWait
                0x0800c060       0x50 Middlewares\Third_Party\FreeRTOS\Source\CMSIS_RTOS\cmsis_os.o
                0x0800c060                osSemaphoreWait
 .text.osSemaphoreRelease
                0x0800c0b0       0x50 Middlewares\Third_Party\FreeRTOS\Source\CMSIS_RTOS\cmsis_os.o
                0x0800c0b0                osSemaphoreRelease
 .text.vListInitialise
                0x0800c100       0x18 Middlewares\Third_Party\FreeRTOS\Source\list.o
                0x0800c100                vListInitialise
 .text.vListInitialiseItem
                0x0800c118        0x8 Middlewares\Third_Party\FreeRTOS\Source\list.o
                0x0800c118                vListInitialiseItem
 .text.vListInsertEnd
                0x0800c120       0x20 Middlewares\Third_Party\FreeRTOS\Source\list.o
                0x0800c120                vListInsertEnd
 .text.vListInsert
                0x0800c140       0x34 Middlewares\Third_Party\FreeRTOS\Source\list.o
                0x0800c140                vListInsert
 .text.uxListRemove
                0x0800c174       0x28 Middlewares\Third_Party\FreeRTOS\Source\list.o
                0x0800c174                uxListRemove
 .text.prvTaskExitError
                0x0800c19c       0x40 Middlewares\Third_Party\FreeRTOS\Source\portable\GCC\ARM_CM4F\port.o
 .text.unlikely.prvPortStartFirstTask
                0x0800c1dc       0x28 Middlewares\Third_Party\FreeRTOS\Source\portable\GCC\ARM_CM4F\port.o
 .text.unlikely.vPortEnableVFP
                0x0800c204       0x14 Middlewares\Third_Party\FreeRTOS\Source\portable\GCC\ARM_CM4F\port.o
 .text.pxPortInitialiseStack
                0x0800c218       0x2c Middlewares\Third_Party\FreeRTOS\Source\portable\GCC\ARM_CM4F\port.o
                0x0800c218                pxPortInitialiseStack
 *fill*         0x0800c244        0xc 
 .text.SVC_Handler
                0x0800c250       0x24 Middlewares\Third_Party\FreeRTOS\Source\portable\GCC\ARM_CM4F\port.o
                0x0800c250                SVC_Handler
 .text.vPortEnterCritical
                0x0800c274       0x44 Middlewares\Third_Party\FreeRTOS\Source\portable\GCC\ARM_CM4F\port.o
                0x0800c274                vPortEnterCritical
 .text.vPortExitCritical
                0x0800c2b8       0x28 Middlewares\Third_Party\FreeRTOS\Source\portable\GCC\ARM_CM4F\port.o
                0x0800c2b8                vPortExitCritical
 .text.PendSV_Handler
                0x0800c2e0       0x64 Middlewares\Third_Party\FreeRTOS\Source\portable\GCC\ARM_CM4F\port.o
                0x0800c2e0                PendSV_Handler
 .text.SysTick_Handler
                0x0800c344       0x2c Middlewares\Third_Party\FreeRTOS\Source\portable\GCC\ARM_CM4F\port.o
                0x0800c344                SysTick_Handler
 .text.vPortSetupTimerInterrupt
                0x0800c370       0x3c Middlewares\Third_Party\FreeRTOS\Source\portable\GCC\ARM_CM4F\port.o
                0x0800c370                vPortSetupTimerInterrupt
 .text.xPortStartScheduler
                0x0800c3ac      0x110 Middlewares\Third_Party\FreeRTOS\Source\portable\GCC\ARM_CM4F\port.o
                0x0800c3ac                xPortStartScheduler
 .text.vPortValidateInterruptPriority
                0x0800c4bc       0x5c Middlewares\Third_Party\FreeRTOS\Source\portable\GCC\ARM_CM4F\port.o
                0x0800c4bc                vPortValidateInterruptPriority
 .text.unlikely.prvInsertBlockIntoFreeList
                0x0800c518       0x50 Middlewares\Third_Party\FreeRTOS\Source\portable\MemMang\heap_4.o
 .text.pvPortMalloc
                0x0800c568      0x120 Middlewares\Third_Party\FreeRTOS\Source\portable\MemMang\heap_4.o
                0x0800c568                pvPortMalloc
 .text.vPortFree
                0x0800c688       0x70 Middlewares\Third_Party\FreeRTOS\Source\portable\MemMang\heap_4.o
                0x0800c688                vPortFree
 .text.unlikely.prvCopyDataToQueue
                0x0800c6f8       0x6c Middlewares\Third_Party\FreeRTOS\Source\queue.o
 .text.unlikely.prvCopyDataFromQueue
                0x0800c764       0x26 Middlewares\Third_Party\FreeRTOS\Source\queue.o
 *fill*         0x0800c78a        0x2 
 .text.prvUnlockQueue
                0x0800c78c       0x94 Middlewares\Third_Party\FreeRTOS\Source\queue.o
 .text.xQueueGenericCreate
                0x0800c820       0x78 Middlewares\Third_Party\FreeRTOS\Source\queue.o
                0x0800c820                xQueueGenericCreate
 .text.xQueueCreateMutex
                0x0800c898      0x29c Middlewares\Third_Party\FreeRTOS\Source\queue.o
                0x0800c898                xQueueCreateMutex
 .text.xQueueCreateCountingSemaphore
                0x0800cb34       0x3c Middlewares\Third_Party\FreeRTOS\Source\queue.o
                0x0800cb34                xQueueCreateCountingSemaphore
 .text.xQueueGenericSend
                0x0800cb70      0x2ac Middlewares\Third_Party\FreeRTOS\Source\queue.o
                0x0800cb70                xQueueGenericSend
 .text.xQueueGenericSendFromISR
                0x0800ce1c       0xc8 Middlewares\Third_Party\FreeRTOS\Source\queue.o
                0x0800ce1c                xQueueGenericSendFromISR
 .text.xQueueGiveFromISR
                0x0800cee4       0xac Middlewares\Third_Party\FreeRTOS\Source\queue.o
                0x0800cee4                xQueueGiveFromISR
 .text.xQueueReceive
                0x0800cf90      0x30c Middlewares\Third_Party\FreeRTOS\Source\queue.o
                0x0800cf90                xQueueReceive
 .text.xQueueSemaphoreTake
                0x0800d29c      0x2b8 Middlewares\Third_Party\FreeRTOS\Source\queue.o
                0x0800d29c                xQueueSemaphoreTake
 .text.xQueueReceiveFromISR
                0x0800d554       0xa0 Middlewares\Third_Party\FreeRTOS\Source\queue.o
                0x0800d554                xQueueReceiveFromISR
 .text.vQueueAddToRegistry
                0x0800d5f4       0x54 Middlewares\Third_Party\FreeRTOS\Source\queue.o
                0x0800d5f4                vQueueAddToRegistry
 .text.vQueueWaitForMessageRestricted
                0x0800d648       0xcc Middlewares\Third_Party\FreeRTOS\Source\queue.o
                0x0800d648                vQueueWaitForMessageRestricted
 .text.prvIdleTask
                0x0800d714       0x70 Middlewares\Third_Party\FreeRTOS\Source\tasks.o
 .text.prvAddCurrentTaskToDelayedList
                0x0800d784       0x8c Middlewares\Third_Party\FreeRTOS\Source\tasks.o
 .text.xTaskCreate
                0x0800d810      0x1e0 Middlewares\Third_Party\FreeRTOS\Source\tasks.o
                0x0800d810                xTaskCreate
 .text.vTaskStartScheduler
                0x0800d9f0       0x80 Middlewares\Third_Party\FreeRTOS\Source\tasks.o
                0x0800d9f0                vTaskStartScheduler
 .text.vTaskSuspendAll
                0x0800da70       0x10 Middlewares\Third_Party\FreeRTOS\Source\tasks.o
                0x0800da70                vTaskSuspendAll
 .text.xTaskGetTickCount
                0x0800da80        0xc Middlewares\Third_Party\FreeRTOS\Source\tasks.o
                0x0800da80                xTaskGetTickCount
 .text.xTaskIncrementTick
                0x0800da8c      0x15c Middlewares\Third_Party\FreeRTOS\Source\tasks.o
                0x0800da8c                xTaskIncrementTick
 .text.xTaskResumeAll
                0x0800dbe8      0x118 Middlewares\Third_Party\FreeRTOS\Source\tasks.o
                0x0800dbe8                xTaskResumeAll
 .text.vTaskDelay
                0x0800dd00       0x4c Middlewares\Third_Party\FreeRTOS\Source\tasks.o
                0x0800dd00                vTaskDelay
 .text.vTaskSwitchContext
                0x0800dd4c       0x70 Middlewares\Third_Party\FreeRTOS\Source\tasks.o
                0x0800dd4c                vTaskSwitchContext
 .text.vTaskPlaceOnEventList
                0x0800ddbc       0xa4 Middlewares\Third_Party\FreeRTOS\Source\tasks.o
                0x0800ddbc                vTaskPlaceOnEventList
 .text.vTaskPlaceOnEventListRestricted
                0x0800de60       0xc0 Middlewares\Third_Party\FreeRTOS\Source\tasks.o
                0x0800de60                vTaskPlaceOnEventListRestricted
 .text.xTaskRemoveFromEventList
                0x0800df20       0x88 Middlewares\Third_Party\FreeRTOS\Source\tasks.o
                0x0800df20                xTaskRemoveFromEventList
 .text.vTaskInternalSetTimeOutState
                0x0800dfa8       0x18 Middlewares\Third_Party\FreeRTOS\Source\tasks.o
                0x0800dfa8                vTaskInternalSetTimeOutState
 .text.xTaskCheckForTimeOut
                0x0800dfc0       0x98 Middlewares\Third_Party\FreeRTOS\Source\tasks.o
                0x0800dfc0                xTaskCheckForTimeOut
 .text.vTaskMissedYield
                0x0800e058        0xc Middlewares\Third_Party\FreeRTOS\Source\tasks.o
                0x0800e058                vTaskMissedYield
 .text.xTaskGetSchedulerState
                0x0800e064       0x20 Middlewares\Third_Party\FreeRTOS\Source\tasks.o
                0x0800e064                xTaskGetSchedulerState
 .text.xTaskPriorityInherit
                0x0800e084       0xb0 Middlewares\Third_Party\FreeRTOS\Source\tasks.o
                0x0800e084                xTaskPriorityInherit
 .text.xTaskPriorityDisinherit
                0x0800e134       0xb4 Middlewares\Third_Party\FreeRTOS\Source\tasks.o
                0x0800e134                xTaskPriorityDisinherit
 .text.vTaskPriorityDisinheritAfterTimeout
                0x0800e1e8       0xc4 Middlewares\Third_Party\FreeRTOS\Source\tasks.o
                0x0800e1e8                vTaskPriorityDisinheritAfterTimeout
 .text.pvTaskIncrementMutexHeldCount
                0x0800e2ac       0x18 Middlewares\Third_Party\FreeRTOS\Source\tasks.o
                0x0800e2ac                pvTaskIncrementMutexHeldCount
 .text.prvSwitchTimerLists
                0x0800e2c4       0x9c Middlewares\Third_Party\FreeRTOS\Source\timers.o
 .text.xTimerCreateTimerTask
                0x0800e360       0x98 Middlewares\Third_Party\FreeRTOS\Source\timers.o
                0x0800e360                xTimerCreateTimerTask
 .text.xTimerCreate
                0x0800e3f8       0xb0 Middlewares\Third_Party\FreeRTOS\Source\timers.o
                0x0800e3f8                xTimerCreate
 .text.xTimerGenericCommand
                0x0800e4a8       0x68 Middlewares\Third_Party\FreeRTOS\Source\timers.o
                0x0800e4a8                xTimerGenericCommand
 .text.prvTimerTask
                0x0800e510      0x238 Middlewares\Third_Party\FreeRTOS\Source\timers.o
 .text.accGiveSemaphore
                0x0800e748        0xc Src\MMA8451.o
                0x0800e748                accGiveSemaphore
 .text.MMA8451_begin
                0x0800e754      0x164 Src\MMA8451.o
                0x0800e754                MMA8451_begin
 .text.MMA8451_setRange
                0x0800e8b8       0xa0 Src\MMA8451.o
                0x0800e8b8                MMA8451_setRange
 .text.accelerometerThread
                0x0800e958      0x1b8 Src\MMA8451.o
                0x0800e958                accelerometerThread
 .text.MX_ADC1_Init
                0x0800eb10       0x80 Src\adc.o
                0x0800eb10                MX_ADC1_Init
 .text.HAL_ADC_MspInit
                0x0800eb90       0x64 Src\adc.o
                0x0800eb90                HAL_ADC_MspInit
 .text.Setup_Cap_Touch
                0x0800ebf4       0xbc Src\cap_touch.o
                0x0800ebf4                Setup_Cap_Touch
 .text.Reset_Cap_INT
                0x0800ecb0       0x28 Src\cap_touch.o
                0x0800ecb0                Reset_Cap_INT
 .text.Sample_Cap_Touch
                0x0800ecd8      0x374 Src\cap_touch.o
                0x0800ecd8                Sample_Cap_Touch
 .text.MX_COMP1_Init
                0x0800f04c       0x44 Src\comp.o
                0x0800f04c                MX_COMP1_Init
 .text.HAL_COMP_MspInit
                0x0800f090       0x60 Src\comp.o
                0x0800f090                HAL_COMP_MspInit
 .text.MX_DAC1_Init
                0x0800f0f0       0x64 Src\dac.o
                0x0800f0f0                MX_DAC1_Init
 .text.HAL_DAC_MspInit
                0x0800f154       0xb8 Src\dac.o
                0x0800f154                HAL_DAC_MspInit
 .text.MX_DMA_Init
                0x0800f20c       0x44 Src\dma.o
                0x0800f20c                MX_DMA_Init
 .text.initFilter
                0x0800f250       0x30 Src\filter.o
                0x0800f250                initFilter
 .text.setCutoffFreq
                0x0800f280       0xe8 Src\filter.o
                0x0800f280                setCutoffFreq
 .text.applyFilter
                0x0800f368       0x3c Src\filter.o
                0x0800f368                applyFilter
 .text.StartDefaultTask
                0x0800f3a4      0x100 Src\freertos.o
                0x0800f3a4                StartDefaultTask
 .text.MX_FREERTOS_Init
                0x0800f4a4       0x28 Src\freertos.o
                0x0800f4a4                MX_FREERTOS_Init
 .text.MX_GPIO_Init
                0x0800f4cc      0x280 Src\gpio.o
                0x0800f4cc                MX_GPIO_Init
 .text.HALL_Handler
                0x0800f74c       0xa0 Src\hall_effect.o
                0x0800f74c                HALL_Handler
 .text.MX_I2C1_Init
                0x0800f7ec       0x5c Src\i2c.o
                0x0800f7ec                MX_I2C1_Init
 .text.MX_I2C2_Init
                0x0800f848       0x5c Src\i2c.o
                0x0800f848                MX_I2C2_Init
 .text.MX_I2C3_Init
                0x0800f8a4       0x5c Src\i2c.o
                0x0800f8a4                MX_I2C3_Init
 .text.HAL_I2C_MspInit
                0x0800f900      0x144 Src\i2c.o
                0x0800f900                HAL_I2C_MspInit
 .text.runPOV_step
                0x0800fa44      0x5cc Src\led_cntrl.o
                0x0800fa44                runPOV_step
 .text.POV_Update
                0x08010010      0x18c Src\led_cntrl.o
                0x08010010                POV_Update
 *fill*         0x0801019c        0x4 
 .text.POV_handler
                0x080101a0      0x10c Src\led_cntrl.o
                0x080101a0                POV_handler
 .text.transmitToBuffer
                0x080102ac       0x54 Src\led_cntrl.o
                0x080102ac                transmitToBuffer
 .text.POV_LEDs
                0x08010300      0x154 Src\led_cntrl.o
                0x08010300                POV_LEDs
 .text.Flush_LEDS
                0x08010454       0x64 Src\led_cntrl.o
                0x08010454                Flush_LEDS
 .text.Set_LED  0x080104b8       0x6c Src\led_cntrl.o
                0x080104b8                Set_LED
 .text.LED_State
                0x08010524       0x14 Src\led_cntrl.o
                0x08010524                LED_State
 .text.activateLidar
                0x08010538       0x10 Src\lidar.o
                0x08010538                activateLidar
 .text.get_lidar_POV_map
                0x08010548        0xc Src\lidar.o
                0x08010548                get_lidar_POV_map
 *fill*         0x08010554        0x4 
 .text.LidarMeasurement
                0x08010558      0x24c Src\lidar.o
                0x08010558                LidarMeasurement
 .text.lidarStop
                0x080107a4       0x18 Src\lidar.o
                0x080107a4                lidarStop
 .text.lidarStart
                0x080107bc       0x24 Src\lidar.o
                0x080107bc                lidarStart
 .text.SystemClock_Config
                0x080107e0       0xd0 Src\main.o
                0x080107e0                SystemClock_Config
 .text.startup.main
                0x080108b0      0x140 Src\main.o
                0x080108b0                main
 .text.HAL_COMP_TriggerCallback
                0x080109f0        0x4 Src\main.o
                0x080109f0                HAL_COMP_TriggerCallback
 .text.HAL_GPIO_EXTI_Callback
                0x080109f4       0x4c Src\main.o
                0x080109f4                HAL_GPIO_EXTI_Callback
 .text.HAL_UART_RxCpltCallback
                0x08010a40       0x68 Src\main.o
                0x08010a40                HAL_UART_RxCpltCallback
 .text.HAL_TIM_PeriodElapsedCallback
                0x08010aa8       0x2c Src\main.o
                0x08010aa8                HAL_TIM_PeriodElapsedCallback
 .text.Error_Handler
                0x08010ad4        0x4 Src\main.o
                0x08010ad4                Error_Handler
 .text.buttonStateMachine
                0x08010ad8       0x84 Src\res_touch.o
                0x08010ad8                buttonStateMachine
 .text.ResistiveTouchSampler
                0x08010b5c      0x494 Src\res_touch.o
                0x08010b5c                ResistiveTouchSampler
 .text.disable_buttons
                0x08010ff0       0x58 Src\res_touch.o
                0x08010ff0                disable_buttons
 .text.enable_buttons
                0x08011048       0x40 Src\res_touch.o
                0x08011048                enable_buttons
 .text.isButtonEnabled
                0x08011088        0xc Src\res_touch.o
                0x08011088                isButtonEnabled
 .text.MX_RTC_Init
                0x08011094       0x38 Src\rtc.o
                0x08011094                MX_RTC_Init
 .text.HAL_RTC_MspInit
                0x080110cc       0x24 Src\rtc.o
                0x080110cc                HAL_RTC_MspInit
 .text.MX_SDMMC1_SD_Init
                0x080110f0       0x34 Src\sdmmc.o
                0x080110f0                MX_SDMMC1_SD_Init
 .text.HAL_SD_MspInit
                0x08011124       0x9c Src\sdmmc.o
                0x08011124                HAL_SD_MspInit
 .text.MX_SPI2_Init
                0x080111c0       0x54 Src\spi.o
                0x080111c0                MX_SPI2_Init
 .text.HAL_SPI_MspInit
                0x08011214       0xa4 Src\spi.o
                0x08011214                HAL_SPI_MspInit
 .text.HAL_MspInit
                0x080112b8       0x40 Src\stm32l4xx_hal_msp.o
                0x080112b8                HAL_MspInit
 .text.HAL_InitTick
                0x080112f8       0x78 Src\stm32l4xx_hal_timebase_tim.o
                0x080112f8                HAL_InitTick
 .text.NMI_Handler
                0x08011370        0x4 Src\stm32l4xx_it.o
                0x08011370                NMI_Handler
 .text.HardFault_Handler
                0x08011374        0x4 Src\stm32l4xx_it.o
                0x08011374                HardFault_Handler
 .text.MemManage_Handler
                0x08011378        0x4 Src\stm32l4xx_it.o
                0x08011378                MemManage_Handler
 .text.BusFault_Handler
                0x0801137c        0x4 Src\stm32l4xx_it.o
                0x0801137c                BusFault_Handler
 .text.UsageFault_Handler
                0x08011380        0x4 Src\stm32l4xx_it.o
                0x08011380                UsageFault_Handler
 .text.DebugMon_Handler
                0x08011384        0x4 Src\stm32l4xx_it.o
                0x08011384                DebugMon_Handler
 .text.EXTI0_IRQHandler
                0x08011388        0x8 Src\stm32l4xx_it.o
                0x08011388                EXTI0_IRQHandler
 .text.EXTI1_IRQHandler
                0x08011390        0x8 Src\stm32l4xx_it.o
                0x08011390                EXTI1_IRQHandler
 .text.EXTI2_IRQHandler
                0x08011398        0x8 Src\stm32l4xx_it.o
                0x08011398                EXTI2_IRQHandler
 .text.EXTI3_IRQHandler
                0x080113a0        0x8 Src\stm32l4xx_it.o
                0x080113a0                EXTI3_IRQHandler
 .text.DMA1_Channel1_IRQHandler
                0x080113a8        0xc Src\stm32l4xx_it.o
                0x080113a8                DMA1_Channel1_IRQHandler
 .text.EXTI9_5_IRQHandler
                0x080113b4       0x1c Src\stm32l4xx_it.o
                0x080113b4                EXTI9_5_IRQHandler
 .text.TIM2_IRQHandler
                0x080113d0        0xc Src\stm32l4xx_it.o
                0x080113d0                TIM2_IRQHandler
 .text.TIM3_IRQHandler
                0x080113dc        0xc Src\stm32l4xx_it.o
                0x080113dc                TIM3_IRQHandler
 .text.TIM4_IRQHandler
                0x080113e8        0xc Src\stm32l4xx_it.o
                0x080113e8                TIM4_IRQHandler
 .text.I2C1_EV_IRQHandler
                0x080113f4        0xc Src\stm32l4xx_it.o
                0x080113f4                I2C1_EV_IRQHandler
 .text.I2C2_EV_IRQHandler
                0x08011400        0xc Src\stm32l4xx_it.o
                0x08011400                I2C2_EV_IRQHandler
 .text.SPI2_IRQHandler
                0x0801140c        0xc Src\stm32l4xx_it.o
                0x0801140c                SPI2_IRQHandler
 .text.USART1_IRQHandler
                0x08011418        0xc Src\stm32l4xx_it.o
                0x08011418                USART1_IRQHandler
 .text.USART3_IRQHandler
                0x08011424        0xc Src\stm32l4xx_it.o
                0x08011424                USART3_IRQHandler
 .text.EXTI15_10_IRQHandler
                0x08011430       0x38 Src\stm32l4xx_it.o
                0x08011430                EXTI15_10_IRQHandler
 .text.TIM6_DAC_IRQHandler
                0x08011468       0x1c Src\stm32l4xx_it.o
                0x08011468                TIM6_DAC_IRQHandler
 .text.COMP_IRQHandler
                0x08011484        0xc Src\stm32l4xx_it.o
                0x08011484                COMP_IRQHandler
 .text.I2C3_EV_IRQHandler
                0x08011490        0xc Src\stm32l4xx_it.o
                0x08011490                I2C3_EV_IRQHandler
 .text.SystemInit
                0x0801149c       0x50 Src\system_stm32l4xx.o
                0x0801149c                SystemInit
 .text.MX_TIM1_Init
                0x080114ec      0x144 Src\tim.o
                0x080114ec                MX_TIM1_Init
 .text.MX_TIM3_Init
                0x08011630       0x70 Src\tim.o
                0x08011630                MX_TIM3_Init
 .text.MX_TIM4_Init
                0x080116a0       0x70 Src\tim.o
                0x080116a0                MX_TIM4_Init
 .text.MX_TIM6_Init
                0x08011710       0x50 Src\tim.o
                0x08011710                MX_TIM6_Init
 .text.MX_TIM7_Init
                0x08011760       0x4c Src\tim.o
                0x08011760                MX_TIM7_Init
 .text.MX_TIM16_Init
                0x080117ac       0x34 Src\tim.o
                0x080117ac                MX_TIM16_Init
 .text.MX_TIM17_Init
                0x080117e0       0x34 Src\tim.o
                0x080117e0                MX_TIM17_Init
 .text.HAL_TIM_Base_MspInit
                0x08011814      0x128 Src\tim.o
                0x08011814                HAL_TIM_Base_MspInit
 .text.MX_USART1_UART_Init
                0x0801193c       0x6c Src\usart.o
                0x0801193c                MX_USART1_UART_Init
 .text.MX_USART3_UART_Init
                0x080119a8       0x6c Src\usart.o
                0x080119a8                MX_USART3_UART_Init
 .text.HAL_UART_MspInit
                0x08011a14       0xd8 Src\usart.o
                0x08011a14                HAL_UART_MspInit
 .text.VL53L1_WriteMulti
                0x08011aec       0x50 Src\vl53l1_platform.o
                0x08011aec                VL53L1_WriteMulti
 .text.VL53L1_ReadMulti
                0x08011b3c       0x64 Src\vl53l1_platform.o
                0x08011b3c                VL53L1_ReadMulti
 .text.VL53L1_RdWord
                0x08011ba0       0x68 Src\vl53l1_platform.o
                0x08011ba0                VL53L1_RdWord
 .text.VL53L1_WaitUs
                0x08011c08       0x1c Src\vl53l1_platform.o
                0x08011c08                VL53L1_WaitUs
 .text.VL53L1_WaitValueMaskEx
                0x08011c24       0xec Src\vl53l1_platform.o
                0x08011c24                VL53L1_WaitValueMaskEx
 .text.setWavetableAmplitude
                0x08011d10       0x24 Src\wave_synth.o
                0x08011d10                setWavetableAmplitude
 .text.activateFilter
                0x08011d34       0x74 Src\wave_synth.o
                0x08011d34                activateFilter
 .text.isLidarModeActive
                0x08011da8       0x10 Src\wave_synth.o
                0x08011da8                isLidarModeActive
 .text.isCapModeActive
                0x08011db8       0x10 Src\wave_synth.o
                0x08011db8                isCapModeActive
 .text.incrementTable
                0x08011dc8      0x10c Src\wave_synth.o
                0x08011dc8                incrementTable
 .text.turnOnLidarSounds
                0x08011ed4       0x2c Src\wave_synth.o
                0x08011ed4                turnOnLidarSounds
 .text.turnOnCapSounds
                0x08011f00       0x38 Src\wave_synth.o
                0x08011f00                turnOnCapSounds
 .text.turnOffSounds
                0x08011f38       0x20 Src\wave_synth.o
                0x08011f38                turnOffSounds
 .text.calcLidarFreq
                0x08011f58      0x144 Src\wave_synth.o
                0x08011f58                calcLidarFreq
 *fill*         0x0801209c        0x4 
 .text.addTableToBuffer
                0x080120a0      0x580 Src\wave_synth.o
                0x080120a0                addTableToBuffer
 .text.fillBuffer.part.0
                0x08012620      0x180 Src\wave_synth.o
 .text.switchOctave
                0x080127a0      0x58c Src\wave_synth.o
                0x080127a0                switchOctave
 .text.setTable
                0x08012d2c       0x6c Src\wave_synth.o
                0x08012d2c                setTable
 .text.prepBuffer
                0x08012d98      0x244 Src\wave_synth.o
                0x08012d98                prepBuffer
 .text.HAL_DAC_ConvCpltCallbackCh1
                0x08012fdc        0x4 Src\wave_synth.o
                0x08012fdc                HAL_DAC_ConvCpltCallbackCh1
 .text.incrementOctave
                0x08012fe0      0x5a4 Src\wave_synth.o
                0x08012fe0                incrementOctave
 *fill*         0x08013584        0x4 
 .text.decrementOctave
                0x08013588      0x5a4 Src\wave_synth.o
                0x08013588                decrementOctave
 .text.Reset_Handler
                0x08013b2c       0x50 startup\startup_stm32l4r7xx.o
                0x08013b2c                Reset_Handler
 .text.Default_Handler
                0x08013b7c        0x2 startup\startup_stm32l4r7xx.o
                0x08013b7c                RTC_Alarm_IRQHandler
                0x08013b7c                TIM8_TRG_COM_IRQHandler
                0x08013b7c                TIM8_CC_IRQHandler
                0x08013b7c                TIM1_CC_IRQHandler
                0x08013b7c                TSC_IRQHandler
                0x08013b7c                TAMP_STAMP_IRQHandler
                0x08013b7c                LPTIM2_IRQHandler
                0x08013b7c                DFSDM1_FLT1_IRQHandler
                0x08013b7c                GFXMMU_IRQHandler
                0x08013b7c                I2C3_ER_IRQHandler
                0x08013b7c                DFSDM1_FLT2_IRQHandler
                0x08013b7c                CAN1_RX0_IRQHandler
                0x08013b7c                FPU_IRQHandler
                0x08013b7c                TIM1_UP_TIM16_IRQHandler
                0x08013b7c                LTDC_ER_IRQHandler
                0x08013b7c                SPI1_IRQHandler
                0x08013b7c                OCTOSPI1_IRQHandler
                0x08013b7c                DCMI_IRQHandler
                0x08013b7c                TIM8_UP_IRQHandler
                0x08013b7c                OCTOSPI2_IRQHandler
                0x08013b7c                DMA2_Channel2_IRQHandler
                0x08013b7c                DMA1_Channel4_IRQHandler
                0x08013b7c                SAI2_IRQHandler
                0x08013b7c                ADC1_IRQHandler
                0x08013b7c                DFSDM1_FLT3_IRQHandler
                0x08013b7c                DMA1_Channel7_IRQHandler
                0x08013b7c                CAN1_RX1_IRQHandler
                0x08013b7c                UART5_IRQHandler
                0x08013b7c                DMA2_Channel1_IRQHandler
                0x08013b7c                DMAMUX1_OVR_IRQHandler
                0x08013b7c                DMA1_Channel6_IRQHandler
                0x08013b7c                UART4_IRQHandler
                0x08013b7c                DMA2_Channel4_IRQHandler
                0x08013b7c                RCC_IRQHandler
                0x08013b7c                Default_Handler
                0x08013b7c                DMA2_Channel7_IRQHandler
                0x08013b7c                TIM7_IRQHandler
                0x08013b7c                SDMMC1_IRQHandler
                0x08013b7c                TIM5_IRQHandler
                0x08013b7c                RTC_WKUP_IRQHandler
                0x08013b7c                LTDC_IRQHandler
                0x08013b7c                PVD_PVM_IRQHandler
                0x08013b7c                CAN1_TX_IRQHandler
                0x08013b7c                DMA2_Channel5_IRQHandler
                0x08013b7c                CRS_IRQHandler
                0x08013b7c                DMA1_Channel5_IRQHandler
                0x08013b7c                EXTI4_IRQHandler
                0x08013b7c                RNG_IRQHandler
                0x08013b7c                TIM1_TRG_COM_TIM17_IRQHandler
                0x08013b7c                DMA1_Channel3_IRQHandler
                0x08013b7c                WWDG_IRQHandler
                0x08013b7c                I2C4_EV_IRQHandler
                0x08013b7c                LPUART1_IRQHandler
                0x08013b7c                DMA2_Channel6_IRQHandler
                0x08013b7c                DMA2D_IRQHandler
                0x08013b7c                USART2_IRQHandler
                0x08013b7c                DFSDM1_FLT0_IRQHandler
                0x08013b7c                I2C2_ER_IRQHandler
                0x08013b7c                DMA1_Channel2_IRQHandler
                0x08013b7c                TIM8_BRK_IRQHandler
                0x08013b7c                CAN1_SCE_IRQHandler
                0x08013b7c                FLASH_IRQHandler
                0x08013b7c                OTG_FS_IRQHandler
                0x08013b7c                SPI3_IRQHandler
                0x08013b7c                I2C1_ER_IRQHandler
                0x08013b7c                FMC_IRQHandler
                0x08013b7c                LPTIM1_IRQHandler
                0x08013b7c                I2C4_ER_IRQHandler
                0x08013b7c                SAI1_IRQHandler
                0x08013b7c                DMA2_Channel3_IRQHandler
                0x08013b7c                TIM1_BRK_TIM15_IRQHandler
 *fill*         0x08013b7e        0x2 
 .text.arm_biquad_cascade_df1_q15
                0x08013b80      0x148 C:\Users\patri\Desktop\OneDrive - Massachusetts Institute of Technology\stm32\CMSIS_5-5.4.0\CMSIS\Lib\GCC\libarm_cortexM4lf_math.a(arm_biquad_cascade_df1_q15.o)
                0x08013b80                arm_biquad_cascade_df1_q15
 .text.arm_biquad_cascade_df1_init_q15
                0x08013cc8       0x20 C:\Users\patri\Desktop\OneDrive - Massachusetts Institute of Technology\stm32\CMSIS_5-5.4.0\CMSIS\Lib\GCC\libarm_cortexM4lf_math.a(arm_biquad_cascade_df1_init_q15.o)
                0x08013cc8                arm_biquad_cascade_df1_init_q15
 .text.arm_shift_q15
                0x08013ce8      0x110 C:\Users\patri\Desktop\OneDrive - Massachusetts Institute of Technology\stm32\CMSIS_5-5.4.0\CMSIS\Lib\GCC\libarm_cortexM4lf_math.a(arm_shift_q15.o)
                0x08013ce8                arm_shift_q15
 .text.arm_dot_prod_f32
                0x08013df8       0x8c C:\Users\patri\Desktop\OneDrive - Massachusetts Institute of Technology\stm32\CMSIS_5-5.4.0\CMSIS\Lib\GCC\libarm_cortexM4lf_math.a(arm_dot_prod_f32.o)
                0x08013df8                arm_dot_prod_f32
 .text.__libc_init_array
                0x08013e84       0x48 c:/program files (x86)/atollic/truestudio for stm32 9.1.0/armtools/bin/../lib/gcc/arm-atollic-eabi/6.3.1/../../../../arm-atollic-eabi/lib/armv7e-m/fpu\libc_nano.a(lib_a-init.o)
                0x08013e84                __libc_init_array
 .text.memcpy   0x08013ecc       0x16 c:/program files (x86)/atollic/truestudio for stm32 9.1.0/armtools/bin/../lib/gcc/arm-atollic-eabi/6.3.1/../../../../arm-atollic-eabi/lib/armv7e-m/fpu\libc_nano.a(lib_a-memcpy-stub.o)
                0x08013ecc                memcpy
 .text.memset   0x08013ee2       0x10 c:/program files (x86)/atollic/truestudio for stm32 9.1.0/armtools/bin/../lib/gcc/arm-atollic-eabi/6.3.1/../../../../arm-atollic-eabi/lib/armv7e-m/fpu\libc_nano.a(lib_a-memset.o)
                0x08013ee2                memset
 .text.strncpy  0x08013ef2       0x2a c:/program files (x86)/atollic/truestudio for stm32 9.1.0/armtools/bin/../lib/gcc/arm-atollic-eabi/6.3.1/../../../../arm-atollic-eabi/lib/armv7e-m/fpu\libc_nano.a(lib_a-strncpy.o)
                0x08013ef2                strncpy
 .text.round    0x08013f1c       0x8c c:/program files (x86)/atollic/truestudio for stm32 9.1.0/armtools/bin/../lib/gcc/arm-atollic-eabi/6.3.1/../../../../arm-atollic-eabi/lib/armv7e-m/fpu\libm.a(lib_a-s_round.o)
                0x08013f1c                round
 .text.sqrt     0x08013fa8       0xb4 c:/program files (x86)/atollic/truestudio for stm32 9.1.0/armtools/bin/../lib/gcc/arm-atollic-eabi/6.3.1/../../../../arm-atollic-eabi/lib/armv7e-m/fpu\libm.a(lib_a-w_sqrt.o)
                0x08013fa8                sqrt
 .text.expf     0x0801405c       0xf4 c:/program files (x86)/atollic/truestudio for stm32 9.1.0/armtools/bin/../lib/gcc/arm-atollic-eabi/6.3.1/../../../../arm-atollic-eabi/lib/armv7e-m/fpu\libm.a(lib_a-wf_exp.o)
                0x0801405c                expf
 .text.__ieee754_sqrt
                0x08014150      0x160 c:/program files (x86)/atollic/truestudio for stm32 9.1.0/armtools/bin/../lib/gcc/arm-atollic-eabi/6.3.1/../../../../arm-atollic-eabi/lib/armv7e-m/fpu\libm.a(lib_a-e_sqrt.o)
                0x08014150                __ieee754_sqrt
 .text.__ieee754_expf
                0x080142b0      0x1a8 c:/program files (x86)/atollic/truestudio for stm32 9.1.0/armtools/bin/../lib/gcc/arm-atollic-eabi/6.3.1/../../../../arm-atollic-eabi/lib/armv7e-m/fpu\libm.a(lib_a-ef_exp.o)
                0x080142b0                __ieee754_expf
 .text.matherr  0x08014458        0x4 c:/program files (x86)/atollic/truestudio for stm32 9.1.0/armtools/bin/../lib/gcc/arm-atollic-eabi/6.3.1/../../../../arm-atollic-eabi/lib/armv7e-m/fpu\libm.a(lib_a-s_matherr.o)
                0x08014458                matherr
 .text.finitef  0x0801445c       0x14 c:/program files (x86)/atollic/truestudio for stm32 9.1.0/armtools/bin/../lib/gcc/arm-atollic-eabi/6.3.1/../../../../arm-atollic-eabi/lib/armv7e-m/fpu\libm.a(lib_a-sf_finite.o)
                0x0801445c                finitef
 .text.__errno  0x08014470        0xc c:/program files (x86)/atollic/truestudio for stm32 9.1.0/armtools/bin/../lib/gcc/arm-atollic-eabi/6.3.1/../../../../arm-atollic-eabi/lib/armv7e-m/fpu\libc_nano.a(lib_a-errno.o)
                0x08014470                __errno
 *(.glue_7)
 .glue_7        0x0801447c        0x0 linker stubs
 *(.glue_7t)
 .glue_7t       0x0801447c        0x0 linker stubs
 *(.eh_frame)
 .eh_frame      0x0801447c        0x0 c:/program files (x86)/atollic/truestudio for stm32 9.1.0/armtools/bin/../lib/gcc/arm-atollic-eabi/6.3.1/armv7e-m/fpu/crtbegin.o
 *(.init)
 .init          0x0801447c        0x4 c:/program files (x86)/atollic/truestudio for stm32 9.1.0/armtools/bin/../lib/gcc/arm-atollic-eabi/6.3.1/armv7e-m/fpu/crti.o
                0x0801447c                _init
 .init          0x08014480        0x8 c:/program files (x86)/atollic/truestudio for stm32 9.1.0/armtools/bin/../lib/gcc/arm-atollic-eabi/6.3.1/armv7e-m/fpu/crtn.o
 *(.fini)
 .fini          0x08014488        0x4 c:/program files (x86)/atollic/truestudio for stm32 9.1.0/armtools/bin/../lib/gcc/arm-atollic-eabi/6.3.1/armv7e-m/fpu/crti.o
                0x08014488                _fini
 .fini          0x0801448c        0x8 c:/program files (x86)/atollic/truestudio for stm32 9.1.0/armtools/bin/../lib/gcc/arm-atollic-eabi/6.3.1/armv7e-m/fpu/crtn.o
                0x08014494                . = ALIGN (0x4)
                0x08014494                _etext = .

.vfp11_veneer   0x08014494        0x0
 .vfp11_veneer  0x08014494        0x0 linker stubs

.v4_bx          0x08014494        0x0
 .v4_bx         0x08014494        0x0 linker stubs

.iplt           0x08014494        0x0
 .iplt          0x08014494        0x0 c:/program files (x86)/atollic/truestudio for stm32 9.1.0/armtools/bin/../lib/gcc/arm-atollic-eabi/6.3.1/armv7e-m/fpu/crtbegin.o
