VL53L1X_api.c:202:15:VL53L1X_GetSWVersion	0	static
VL53L1X_api.c:213:15:VL53L1X_SetI2CAddress	8	static
VL53L1X_api.c:221:15:VL53L1X_SensorInit	4680	static
VL53L1X_api.c:241:15:VL53L1X_ClearInterrupt	8	static
VL53L1X_api.c:249:15:VL53L1X_SetInterruptPolarity	16	static
VL53L1X_api.c:260:15:VL53L1X_GetInterruptPolarity	16	static
VL53L1X_api.c:271:15:VL53L1X_StartRanging	8	static
VL53L1X_api.c:279:15:VL53L1X_StopRanging	8	static
VL53L1X_api.c:287:15:VL53L1X_CheckForDataReady	944	static
VL53L1X_api.c:305:15:VL53L1X_SetTimingBudgetInMs	952	static
VL53L1X_api.c:407:15:VL53L1X_GetTimingBudgetInMs	16	static
VL53L1X_api.c:448:15:VL53L1X_SetDistanceMode	1872	static
VL53L1X_api.c:478:15:VL53L1X_GetDistanceMode	16	static
VL53L1X_api.c:490:15:VL53L1X_SetInterMeasurementInMs	24	static
VL53L1X_api.c:503:15:VL53L1X_GetInterMeasurementInMs	32	static
VL53L1X_api.c:517:15:VL53L1X_BootState	24	static
VL53L1X_api.c:527:15:VL53L1X_GetSensorId	24	static
VL53L1X_api.c:537:15:VL53L1X_GetDistance	16	static
VL53L1X_api.c:548:15:VL53L1X_GetSignalPerSpad	32	static
VL53L1X_api.c:561:15:VL53L1X_GetAmbientPerSpad	32	static
VL53L1X_api.c:572:15:VL53L1X_GetSignalRate	16	static
VL53L1X_api.c:583:15:VL53L1X_GetSpadNb	16	static
VL53L1X_api.c:594:15:VL53L1X_GetAmbientRate	16	static
VL53L1X_api.c:604:15:VL53L1X_GetRangeStatus	16	static
VL53L1X_api.c:659:15:VL53L1X_SetOffset	8	static
VL53L1X_api.c:672:16:VL53L1X_GetOffset	16	static
VL53L1X_api.c:684:15:VL53L1X_SetXtalk	8	static
VL53L1X_api.c:699:15:VL53L1X_GetXtalk	16	static
VL53L1X_api.c:709:15:VL53L1X_SetDistanceThreshold	32	static
VL53L1X_api.c:730:15:VL53L1X_GetDistanceThresholdWindow	16	static
VL53L1X_api.c:739:15:VL53L1X_GetDistanceThresholdLow	16	static
VL53L1X_api.c:749:15:VL53L1X_GetDistanceThresholdHigh	16	static
VL53L1X_api.c:759:15:VL53L1X_SetROI	24	static
VL53L1X_api.c:778:15:VL53L1X_GetROI_XY	24	static
VL53L1X_api.c:789:15:VL53L1X_SetSignalThreshold	8	static
VL53L1X_api.c:797:15:VL53L1X_GetSignalThreshold	16	static
VL53L1X_api.c:808:15:VL53L1X_SetSigmaThreshold	8	static
VL53L1X_api.c:820:15:VL53L1X_GetSigmaThreshold	16	static
VL53L1X_api.c:831:15:VL53L1X_StartTemperatureUpdate	4680	static
