MMA8451.c:67:6:accGiveSemaphore	0	static
MMA8451.c:147:6:MMA8451_writeRegister8	32	static
MMA8451.c:156:9:MMA8451_readRegister8	40	static
MMA8451.c:181:6:MMA8451_ID	0	static
MMA8451.c:191:6:MMA8451_begin	48	static
MMA8451.c:236:6:MMA8451_read	20	static
MMA8451.c:256:6:ledOut	0	static
MMA8451.c:262:6:calcSpin	16	static
MMA8451.c:314:6:calcAngularVelocity	8	static
MMA8451.c:325:9:MMA8451_getOrientation	32	static
MMA8451.c:334:6:MMA8451_setRange	48	static
MMA8451.c:72:6:accelerometerThread	48	static
MMA8451.c:347:17:MMA8451_getRange	32	static
MMA8451.c:358:6:MMA8451_setDataRate	56	static
MMA8451.c:372:20:MMA8451_getDataRate	32	static
MMA8451.c:382:6:MMA8451_getEvent	32	static
MMA8451.c:408:6:MMA8451_getSensor	8	static
MMA8451.c:425:6:calculateAngle	56	static
