stm32l4xx_it.c:98:6:NMI_Handler	0	static
stm32l4xx_it.c:111:6:HardFault_Handler	0	static
stm32l4xx_it.c:126:6:MemManage_Handler	0	static
stm32l4xx_it.c:141:6:BusFault_Handler	0	static
stm32l4xx_it.c:156:6:UsageFault_Handler	0	static
stm32l4xx_it.c:171:6:DebugMon_Handler	0	static
stm32l4xx_it.c:191:6:EXTI0_IRQHandler	0	static
stm32l4xx_it.c:205:6:EXTI1_IRQHandler	0	static
stm32l4xx_it.c:219:6:EXTI2_IRQHandler	0	static
stm32l4xx_it.c:233:6:EXTI3_IRQHandler	0	static
stm32l4xx_it.c:247:6:DMA1_Channel1_IRQHandler	0	static
stm32l4xx_it.c:261:6:EXTI9_5_IRQHandler	8	static
stm32l4xx_it.c:277:6:TIM2_IRQHandler	0	static
stm32l4xx_it.c:291:6:TIM3_IRQHandler	0	static
stm32l4xx_it.c:305:6:I2C1_EV_IRQHandler	0	static
stm32l4xx_it.c:318:6:I2C2_EV_IRQHandler	0	static
stm32l4xx_it.c:332:6:SPI2_IRQHandler	0	static
stm32l4xx_it.c:346:6:USART1_IRQHandler	0	static
stm32l4xx_it.c:360:6:USART3_IRQHandler	0	static
stm32l4xx_it.c:374:6:EXTI15_10_IRQHandler	8	static
stm32l4xx_it.c:393:6:TIM6_DAC_IRQHandler	8	static
stm32l4xx_it.c:408:6:I2C3_EV_IRQHandler	0	static
