wave_synth.c:184:6:setWavetableAmplitude	0	static
wave_synth.c:189:6:activateFilter	12	static
wave_synth.c:201:9:isLidarModeActive	0	static
wave_synth.c:205:9:isCapModeActive	0	static
wave_synth.c:233:6:setFilter	0	static
wave_synth.c:274:6:incrementTable	0	static
wave_synth.c:281:6:turnOnLidarSounds	8	static
wave_synth.c:291:6:turnOnCapSounds	8	static
wave_synth.c:301:6:turnOffSounds	8	static
wave_synth.c:308:6:calcLidarFreq	32	static
wave_synth.c:328:6:updateLidarInc	0	static
wave_synth.c:333:6:calcFilterFreqAcc	8	static
wave_synth.c:347:6:calcFilterFreq	0	static
wave_synth.c:371:6:switchTable	16	static
wave_synth.c:377:6:switchFilter	8	static
wave_synth.c:472:6:passBufferToDAC	24	static
wave_synth.c:477:6:clearBuffer	0	static
wave_synth.c:567:6:reset_index	0	static
wave_synth.c:571:6:addTableToBuffer	96	static
wave_synth.c:483:6:fillBuffer.part.0	8	static
wave_synth.c:483:6:fillBuffer	0	static
wave_synth.c:606:7:filter_multiplier	32	static
wave_synth.c:611:10:incrementIndex	8	static
wave_synth.c:620:10:incrementFilterIndex	8	static
wave_synth.c:629:6:switchOctave	8	static
wave_synth.c:210:6:setTable	8	static
wave_synth.c:382:6:prepBuffer	24	static
wave_synth.c:460:6:HAL_DAC_ConvCpltCallbackCh1	0	static
wave_synth.c:355:6:DAC_BufferRefresh	32	static
wave_synth.c:677:6:incrementOctave	8	static
wave_synth.c:685:6:decrementOctave	8	static
